#
# There is insufficient memory for the Java Runtime Environment to continue.
# Native memory allocation (mmap) failed to map 90177536 bytes. Error detail: G1 virtual space
# Possible reasons:
#   The system is out of physical RAM or swap space
#   This process is running with CompressedOops enabled, and the Java Heap may be blocking the growth of the native heap
# Possible solutions:
#   Reduce memory load on the system
#   Increase physical memory or swap space
#   Check if swap backing store is full
#   Decrease Java heap size (-Xmx/-Xms)
#   Decrease number of Java threads
#   Decrease Java thread stack sizes (-Xss)
#   Set larger code cache with -XX:ReservedCodeCacheSize=
#   JVM is running with Zero Based Compressed Oops mode in which the Java heap is
#     placed in the first 32GB address space. The Java Heap base address is the
#     maximum limit for the native heap growth. Please use -XX:HeapBaseMinAddress
#     to set the Java Heap base and to place the Java Heap above 32GB virtual address.
# This output file may be truncated or incomplete.
#
#  Out of Memory Error (os_windows.cpp:3926), pid=10288, tid=18184
#
# JRE version: OpenJDK Runtime Environment (21.0.10) (build 21.0.10+-14961533-b1163.108)
# Java VM: OpenJDK 64-Bit Server VM (21.0.10+-14961533-b1163.108, mixed mode, tiered, compressed oops, compressed class ptrs, g1 gc, windows-amd64)
# No core dump will be written. Minidumps are not enabled by default on client versions of Windows
#

---------------  S U M M A R Y ------------

Command Line: org.jetbrains.kotlin.cli.jvm.K2JVMCompiler @D:\github\OQPAY-FinanceAndroidApplication\app\build\20260624_3496392216367231780.compiler.options

Host: Intel(R) Core(TM) i7-6700 CPU @ 3.40GHz, 8 cores, 15G,  Windows 11 , 64 bit Build 22621 (10.0.22621.5415)
Time: Wed Jun 24 18:34:37 2026 India Standard Time elapsed time: 32.720046 seconds (0d 0h 0m 32s)

---------------  T H R E A D  ---------------

Current thread (0x000002d3860f4690):  VMThread "VM Thread"          [id=18184, stack(0x000000e39ba00000,0x000000e39bb00000) (1024K)]

Stack: [0x000000e39ba00000,0x000000e39bb00000]
Native frames: (J=compiled Java code, j=interpreted, Vv=VM code, C=native code)
V  [jvm.dll+0x6d78a9]
V  [jvm.dll+0x8665b3]
V  [jvm.dll+0x868bde]
V  [jvm.dll+0x8692c3]
V  [jvm.dll+0x280ee6]
V  [jvm.dll+0x6d4165]
V  [jvm.dll+0x6c77fa]
V  [jvm.dll+0x358f4b]
V  [jvm.dll+0x360bc6]
V  [jvm.dll+0x3b2ea6]
V  [jvm.dll+0x3b3178]
V  [jvm.dll+0x32b65c]
V  [jvm.dll+0x32b6e7]
V  [jvm.dll+0x3715cc]
V  [jvm.dll+0x36fd7e]
V  [jvm.dll+0x32adb1]
V  [jvm.dll+0x36f480]
V  [jvm.dll+0x86f048]
V  [jvm.dll+0x870394]
V  [jvm.dll+0x8708d0]
V  [jvm.dll+0x870b63]
V  [jvm.dll+0x80fd28]
V  [jvm.dll+0x6d60fd]
C  [ucrtbase.dll+0x29333]
C  [KERNEL32.DLL+0x1259d]
C  [ntdll.dll+0x5af78]

VM_Operation (0x000000e39b3fd3f0): G1CollectForAllocation, mode: safepoint, requested by thread 0x000002d3e9ded6d0


---------------  P R O C E S S  ---------------

Threads class SMR info:
_java_thread_list=0x000002d38c3fe230, length=13, elements={
0x000002d3e9ded6d0, 0x000002d386135820, 0x000002d3861409a0, 0x000002d38614de10,
0x000002d38614a2f0, 0x000002d38614ad50, 0x000002d386182340, 0x000002d386182da0,
0x000002d386183d90, 0x000002d3861715e0, 0x000002d3863171f0, 0x000002d3863863e0,
0x000002d38daf0b60
}

Java Threads: ( => current thread )
  0x000002d3e9ded6d0 JavaThread "main"                              [_thread_blocked, id=3092, stack(0x000000e39b300000,0x000000e39b400000) (1024K)]
  0x000002d386135820 JavaThread "Common-Cleaner"             daemon [_thread_blocked, id=6588, stack(0x000000e39bb00000,0x000000e39bc00000) (1024K)]
  0x000002d3861409a0 JavaThread "Reference Handler"          daemon [_thread_blocked, id=8720, stack(0x000000e39bc00000,0x000000e39bd00000) (1024K)]
  0x000002d38614de10 JavaThread "Finalizer"                  daemon [_thread_blocked, id=15072, stack(0x000000e39bd00000,0x000000e39be00000) (1024K)]
  0x000002d38614a2f0 JavaThread "Signal Dispatcher"          daemon [_thread_blocked, id=8292, stack(0x000000e39be00000,0x000000e39bf00000) (1024K)]
  0x000002d38614ad50 JavaThread "Attach Listener"            daemon [_thread_blocked, id=15412, stack(0x000000e39bf00000,0x000000e39c000000) (1024K)]
  0x000002d386182340 JavaThread "Service Thread"             daemon [_thread_blocked, id=16568, stack(0x000000e39c000000,0x000000e39c100000) (1024K)]
  0x000002d386182da0 JavaThread "Monitor Deflation Thread"   daemon [_thread_blocked, id=2308, stack(0x000000e39c100000,0x000000e39c200000) (1024K)]
  0x000002d386183d90 JavaThread "C2 CompilerThread0"         daemon [_thread_blocked, id=17668, stack(0x000000e39c200000,0x000000e39c300000) (1024K)]
  0x000002d3861715e0 JavaThread "C1 CompilerThread0"         daemon [_thread_blocked, id=6140, stack(0x000000e39c300000,0x000000e39c400000) (1024K)]
  0x000002d3863171f0 JavaThread "Notification Thread"        daemon [_thread_blocked, id=14136, stack(0x000000e39c400000,0x000000e39c500000) (1024K)]
  0x000002d3863863e0 JavaThread "C2 CompilerThread1"         daemon [_thread_blocked, id=14000, stack(0x000000e39c500000,0x000000e39c600000) (1024K)]
  0x000002d38daf0b60 JavaThread "C2 CompilerThread2"         daemon [_thread_blocked, id=10380, stack(0x000000e39b100000,0x000000e39b200000) (1024K)]
Total: 13

Other Threads:
=>0x000002d3860f4690 VMThread "VM Thread"                           [id=18184, stack(0x000000e39ba00000,0x000000e39bb00000) (1024K)]
  0x000002d3fff71d50 WatcherThread "VM Periodic Task Thread"        [id=10216, stack(0x000000e39b900000,0x000000e39ba00000) (1024K)]
  0x000002d3ec11f7e0 WorkerThread "GC Thread#0"                     [id=13592, stack(0x000000e39b400000,0x000000e39b500000) (1024K)]
  0x000002d386971f50 WorkerThread "GC Thread#1"                     [id=8208, stack(0x000000e39c700000,0x000000e39c800000) (1024K)]
  0x000002d386928bf0 WorkerThread "GC Thread#2"                     [id=1828, stack(0x000000e39c800000,0x000000e39c900000) (1024K)]
  0x000002d38691d290 WorkerThread "GC Thread#3"                     [id=5708, stack(0x000000e39c900000,0x000000e39ca00000) (1024K)]
  0x000002d38691d640 WorkerThread "GC Thread#4"                     [id=6536, stack(0x000000e39ca00000,0x000000e39cb00000) (1024K)]
  0x000002d38691d9f0 WorkerThread "GC Thread#5"                     [id=13388, stack(0x000000e39cb00000,0x000000e39cc00000) (1024K)]
  0x000002d38b7bc6a0 WorkerThread "GC Thread#6"                     [id=15992, stack(0x000000e39cc00000,0x000000e39cd00000) (1024K)]
  0x000002d38b7bc2f0 WorkerThread "GC Thread#7"                     [id=13056, stack(0x000000e39cd00000,0x000000e39ce00000) (1024K)]
  0x000002d3ec130800 ConcurrentGCThread "G1 Main Marker"            [id=9796, stack(0x000000e39b500000,0x000000e39b600000) (1024K)]
  0x000002d3ec131b30 WorkerThread "G1 Conc#0"                       [id=11292, stack(0x000000e39b600000,0x000000e39b700000) (1024K)]
  0x000002d38b7bce00 WorkerThread "G1 Conc#1"                       [id=7140, stack(0x000000e39ce00000,0x000000e39cf00000) (1024K)]
  0x000002d3ec17e980 ConcurrentGCThread "G1 Refine#0"               [id=14828, stack(0x000000e39b700000,0x000000e39b800000) (1024K)]
  0x000002d3ffe36b00 ConcurrentGCThread "G1 Service"                [id=18244, stack(0x000000e39b800000,0x000000e39b900000) (1024K)]
Total: 15

Threads with active compile tasks:
C2 CompilerThread0  32743 21715       4       org.jetbrains.kotlin.cfg.pseudocode.PseudocodeImpl::markDeadInstructions (151 bytes)
C2 CompilerThread1  32743 21680       4       org.jetbrains.kotlin.cfg.pseudocode.instructions.eval.ReadValueInstruction::getInputValues (16 bytes)
C2 CompilerThread2  32743 21713       4       org.jetbrains.kotlin.cfg.variable.PseudocodeVariablesData$variableUseStatusData$2::invoke (471 bytes)
Total: 3

VM state: at safepoint (normal execution)

VM Mutex/Monitor currently owned by a thread:  ([mutex/lock_event])
[0x00007ffefed086d0] Threads_lock - owner thread: 0x000002d3860f4690
[0x00007ffefed087d0] Heap_lock - owner thread: 0x000002d3e9ded6d0

Heap address: 0x0000000701400000, size: 4076 MB, Compressed Oops mode: Zero based, Oop shift amount: 3

CDS archive(s) not mapped
Compressed class space mapped at: 0x0000000800000000-0x0000000840000000, reserved size: 1073741824
Narrow klass base: 0x0000000800000000, Narrow klass shift: 0, Narrow klass range: 0x40000000

GC Precious Log:
 CardTable entry size: 512
 Card Set container configuration: InlinePtr #cards 4 size 8 Array Of Cards #cards 16 size 48 Howl #buckets 8 coarsen threshold 3686 Howl Bitmap #cards 512 size 80 coarsen threshold 460 Card regions per heap region 1 cards per card region 4096
 CPUs: 8 total, 8 available
 Memory: 16300M
 Large Page Support: Disabled
 NUMA Support: Disabled
 Compressed Oops: Enabled (Zero based)
 Heap Region Size: 2M
 Heap Min Capacity: 8M
 Heap Initial Capacity: 256M
 Heap Max Capacity: 4076M
 Pre-touch: Disabled
 Parallel Workers: 8
 Concurrent Workers: 2
 Concurrent Refinement Workers: 8
 Periodic GC: Disabled

Heap:
 garbage-first heap   total 438272K, used 278296K [0x0000000701400000, 0x0000000800000000)
  region size 2048K, 3 young (6144K), 3 survivors (6144K)
 Metaspace       used 77671K, committed 78400K, reserved 1179648K
  class space    used 8540K, committed 8896K, reserved 1048576K

Heap Regions: E=young(eden), S=young(survivor), O=old, HS=humongous(starts), HC=humongous(continues), CS=collection set, F=free, TAMS=top-at-mark-start, PB=parsable bottom
|   0|0x0000000701400000, 0x0000000701600000, 0x0000000701600000|100%|HS|  |TAMS 0x0000000701600000| PB 0x0000000701400000| Complete 
|   1|0x0000000701600000, 0x0000000701800000, 0x0000000701800000|100%|HC|  |TAMS 0x0000000701800000| PB 0x0000000701600000| Complete 
|   2|0x0000000701800000, 0x0000000701a00000, 0x0000000701a00000|100%| O|  |TAMS 0x0000000701a00000| PB 0x0000000701800000| Untracked 
|   3|0x0000000701a00000, 0x0000000701c00000, 0x0000000701c00000|100%| O|  |TAMS 0x0000000701c00000| PB 0x0000000701a00000| Untracked 
|   4|0x0000000701c00000, 0x0000000701e00000, 0x0000000701e00000|100%| O|  |TAMS 0x0000000701e00000| PB 0x0000000701c00000| Untracked 
|   5|0x0000000701e00000, 0x0000000702000000, 0x0000000702000000|100%| O|  |TAMS 0x0000000702000000| PB 0x0000000701e00000| Untracked 
|   6|0x0000000702000000, 0x0000000702200000, 0x0000000702200000|100%| O|  |TAMS 0x0000000702200000| PB 0x0000000702000000| Untracked 
|   7|0x0000000702200000, 0x0000000702400000, 0x0000000702400000|100%| O|  |TAMS 0x0000000702400000| PB 0x0000000702200000| Untracked 
|   8|0x0000000702400000, 0x0000000702600000, 0x0000000702600000|100%| O|  |TAMS 0x0000000702600000| PB 0x0000000702400000| Untracked 
|   9|0x0000000702600000, 0x0000000702800000, 0x0000000702800000|100%| O|  |TAMS 0x0000000702800000| PB 0x0000000702600000| Untracked 
|  10|0x0000000702800000, 0x0000000702a00000, 0x0000000702a00000|100%| O|  |TAMS 0x0000000702a00000| PB 0x0000000702800000| Untracked 
|  11|0x0000000702a00000, 0x0000000702c00000, 0x0000000702c00000|100%| O|  |TAMS 0x0000000702c00000| PB 0x0000000702a00000| Untracked 
|  12|0x0000000702c00000, 0x0000000702e00000, 0x0000000702e00000|100%| O|  |TAMS 0x0000000702e00000| PB 0x0000000702c00000| Untracked 
|  13|0x0000000702e00000, 0x0000000703000000, 0x0000000703000000|100%| O|  |TAMS 0x0000000703000000| PB 0x0000000702e00000| Untracked 
|  14|0x0000000703000000, 0x0000000703200000, 0x0000000703200000|100%| O|  |TAMS 0x0000000703200000| PB 0x0000000703000000| Untracked 
|  15|0x0000000703200000, 0x0000000703400000, 0x0000000703400000|100%| O|  |TAMS 0x0000000703400000| PB 0x0000000703200000| Untracked 
|  16|0x0000000703400000, 0x0000000703600000, 0x0000000703600000|100%|HS|  |TAMS 0x0000000703600000| PB 0x0000000703400000| Complete 
|  17|0x0000000703600000, 0x0000000703800000, 0x0000000703800000|100%| O|  |TAMS 0x0000000703800000| PB 0x0000000703600000| Untracked 
|  18|0x0000000703800000, 0x0000000703a00000, 0x0000000703a00000|100%| O|  |TAMS 0x0000000703a00000| PB 0x0000000703800000| Untracked 
|  19|0x0000000703a00000, 0x0000000703c00000, 0x0000000703c00000|100%| O|  |TAMS 0x0000000703c00000| PB 0x0000000703a00000| Untracked 
|  20|0x0000000703c00000, 0x0000000703e00000, 0x0000000703e00000|100%| O|  |TAMS 0x0000000703e00000| PB 0x0000000703c00000| Untracked 
|  21|0x0000000703e00000, 0x0000000704000000, 0x0000000704000000|100%| O|  |TAMS 0x0000000704000000| PB 0x0000000703e00000| Untracked 
|  22|0x0000000704000000, 0x0000000704200000, 0x0000000704200000|100%| O|  |TAMS 0x0000000704200000| PB 0x0000000704000000| Untracked 
|  23|0x0000000704200000, 0x0000000704400000, 0x0000000704400000|100%| O|  |TAMS 0x0000000704400000| PB 0x0000000704200000| Untracked 
|  24|0x0000000704400000, 0x0000000704600000, 0x0000000704600000|100%| O|  |TAMS 0x0000000704600000| PB 0x0000000704400000| Untracked 
|  25|0x0000000704600000, 0x0000000704800000, 0x0000000704800000|100%| O|  |TAMS 0x0000000704800000| PB 0x0000000704600000| Untracked 
|  26|0x0000000704800000, 0x0000000704a00000, 0x0000000704a00000|100%| O|  |TAMS 0x0000000704a00000| PB 0x0000000704800000| Untracked 
|  27|0x0000000704a00000, 0x0000000704c00000, 0x0000000704c00000|100%| O|  |TAMS 0x0000000704c00000| PB 0x0000000704a00000| Untracked 
|  28|0x0000000704c00000, 0x0000000704e00000, 0x0000000704e00000|100%| O|  |TAMS 0x0000000704e00000| PB 0x0000000704c00000| Untracked 
|  29|0x0000000704e00000, 0x0000000705000000, 0x0000000705000000|100%| O|  |TAMS 0x0000000705000000| PB 0x0000000704e00000| Untracked 
|  30|0x0000000705000000, 0x0000000705200000, 0x0000000705200000|100%| O|  |TAMS 0x0000000705200000| PB 0x0000000705000000| Untracked 
|  31|0x0000000705200000, 0x0000000705400000, 0x0000000705400000|100%| O|  |TAMS 0x0000000705400000| PB 0x0000000705200000| Untracked 
|  32|0x0000000705400000, 0x0000000705600000, 0x0000000705600000|100%| O|  |TAMS 0x0000000705600000| PB 0x0000000705400000| Untracked 
|  33|0x0000000705600000, 0x0000000705800000, 0x0000000705800000|100%| O|  |TAMS 0x0000000705800000| PB 0x0000000705600000| Untracked 
|  34|0x0000000705800000, 0x0000000705a00000, 0x0000000705a00000|100%| O|  |TAMS 0x0000000705a00000| PB 0x0000000705800000| Untracked 
|  35|0x0000000705a00000, 0x0000000705c00000, 0x0000000705c00000|100%| O|  |TAMS 0x0000000705c00000| PB 0x0000000705a00000| Untracked 
|  36|0x0000000705c00000, 0x0000000705e00000, 0x0000000705e00000|100%| O|  |TAMS 0x0000000705e00000| PB 0x0000000705c00000| Untracked 
|  37|0x0000000705e00000, 0x0000000706000000, 0x0000000706000000|100%| O|  |TAMS 0x0000000706000000| PB 0x0000000705e00000| Untracked 
|  38|0x0000000706000000, 0x0000000706200000, 0x0000000706200000|100%| O|  |TAMS 0x0000000706200000| PB 0x0000000706000000| Untracked 
|  39|0x0000000706200000, 0x0000000706400000, 0x0000000706400000|100%| O|  |TAMS 0x0000000706400000| PB 0x0000000706200000| Untracked 
|  40|0x0000000706400000, 0x0000000706600000, 0x0000000706600000|100%| O|  |TAMS 0x0000000706600000| PB 0x0000000706400000| Untracked 
|  41|0x0000000706600000, 0x0000000706800000, 0x0000000706800000|100%| O|  |TAMS 0x0000000706800000| PB 0x0000000706600000| Untracked 
|  42|0x0000000706800000, 0x0000000706a00000, 0x0000000706a00000|100%| O|  |TAMS 0x0000000706a00000| PB 0x0000000706800000| Untracked 
|  43|0x0000000706a00000, 0x0000000706c00000, 0x0000000706c00000|100%| O|  |TAMS 0x0000000706c00000| PB 0x0000000706a00000| Untracked 
|  44|0x0000000706c00000, 0x0000000706e00000, 0x0000000706e00000|100%| O|  |TAMS 0x0000000706e00000| PB 0x0000000706c00000| Untracked 
|  45|0x0000000706e00000, 0x0000000707000000, 0x0000000707000000|100%| O|  |TAMS 0x0000000707000000| PB 0x0000000706e00000| Untracked 
|  46|0x0000000707000000, 0x0000000707200000, 0x0000000707200000|100%| O|  |TAMS 0x0000000707200000| PB 0x0000000707000000| Untracked 
|  47|0x0000000707200000, 0x0000000707400000, 0x0000000707400000|100%| O|  |TAMS 0x0000000707400000| PB 0x0000000707200000| Untracked 
|  48|0x0000000707400000, 0x0000000707600000, 0x0000000707600000|100%| O|  |TAMS 0x0000000707600000| PB 0x0000000707400000| Untracked 
|  49|0x0000000707600000, 0x0000000707800000, 0x0000000707800000|100%| O|  |TAMS 0x0000000707800000| PB 0x0000000707600000| Untracked 
|  50|0x0000000707800000, 0x0000000707a00000, 0x0000000707a00000|100%| O|  |TAMS 0x0000000707a00000| PB 0x0000000707800000| Untracked 
|  51|0x0000000707a00000, 0x0000000707c00000, 0x0000000707c00000|100%| O|  |TAMS 0x0000000707c00000| PB 0x0000000707a00000| Untracked 
|  52|0x0000000707c00000, 0x0000000707e00000, 0x0000000707e00000|100%| O|  |TAMS 0x0000000707e00000| PB 0x0000000707c00000| Untracked 
|  53|0x0000000707e00000, 0x0000000708000000, 0x0000000708000000|100%| O|  |TAMS 0x0000000708000000| PB 0x0000000707e00000| Untracked 
|  54|0x0000000708000000, 0x0000000708200000, 0x0000000708200000|100%| O|  |TAMS 0x0000000708200000| PB 0x0000000708000000| Untracked 
|  55|0x0000000708200000, 0x0000000708400000, 0x0000000708400000|100%| O|  |TAMS 0x0000000708400000| PB 0x0000000708200000| Untracked 
|  56|0x0000000708400000, 0x0000000708600000, 0x0000000708600000|100%| O|  |TAMS 0x0000000708600000| PB 0x0000000708400000| Untracked 
|  57|0x0000000708600000, 0x0000000708800000, 0x0000000708800000|100%| O|  |TAMS 0x0000000708800000| PB 0x0000000708600000| Untracked 
|  58|0x0000000708800000, 0x0000000708a00000, 0x0000000708a00000|100%| O|  |TAMS 0x0000000708a00000| PB 0x0000000708800000| Untracked 
|  59|0x0000000708a00000, 0x0000000708c00000, 0x0000000708c00000|100%| O|  |TAMS 0x0000000708c00000| PB 0x0000000708a00000| Untracked 
|  60|0x0000000708c00000, 0x0000000708e00000, 0x0000000708e00000|100%| O|  |TAMS 0x0000000708e00000| PB 0x0000000708c00000| Untracked 
|  61|0x0000000708e00000, 0x0000000709000000, 0x0000000709000000|100%| O|  |TAMS 0x0000000709000000| PB 0x0000000708e00000| Untracked 
|  62|0x0000000709000000, 0x0000000709200000, 0x0000000709200000|100%| O|  |TAMS 0x0000000709200000| PB 0x0000000709000000| Untracked 
|  63|0x0000000709200000, 0x0000000709400000, 0x0000000709400000|100%| O|  |TAMS 0x0000000709400000| PB 0x0000000709200000| Untracked 
|  64|0x0000000709400000, 0x0000000709600000, 0x0000000709600000|100%| O|  |TAMS 0x0000000709600000| PB 0x0000000709400000| Untracked 
|  65|0x0000000709600000, 0x0000000709800000, 0x0000000709800000|100%| O|  |TAMS 0x0000000709800000| PB 0x0000000709600000| Untracked 
|  66|0x0000000709800000, 0x0000000709a00000, 0x0000000709a00000|100%| O|  |TAMS 0x0000000709a00000| PB 0x0000000709800000| Untracked 
|  67|0x0000000709a00000, 0x0000000709c00000, 0x0000000709c00000|100%| O|  |TAMS 0x0000000709c00000| PB 0x0000000709a00000| Untracked 
|  68|0x0000000709c00000, 0x0000000709e00000, 0x0000000709e00000|100%| O|  |TAMS 0x0000000709e00000| PB 0x0000000709c00000| Untracked 
|  69|0x0000000709e00000, 0x000000070a000000, 0x000000070a000000|100%| O|  |TAMS 0x000000070a000000| PB 0x0000000709e00000| Untracked 
|  70|0x000000070a000000, 0x000000070a200000, 0x000000070a200000|100%| O|  |TAMS 0x000000070a200000| PB 0x000000070a000000| Untracked 
|  71|0x000000070a200000, 0x000000070a400000, 0x000000070a400000|100%| O|  |TAMS 0x000000070a400000| PB 0x000000070a200000| Untracked 
|  72|0x000000070a400000, 0x000000070a600000, 0x000000070a600000|100%| O|  |TAMS 0x000000070a600000| PB 0x000000070a400000| Untracked 
|  73|0x000000070a600000, 0x000000070a800000, 0x000000070a800000|100%| O|  |TAMS 0x000000070a800000| PB 0x000000070a600000| Untracked 
|  74|0x000000070a800000, 0x000000070aa00000, 0x000000070aa00000|100%| O|  |TAMS 0x000000070aa00000| PB 0x000000070a800000| Untracked 
|  75|0x000000070aa00000, 0x000000070ac00000, 0x000000070ac00000|100%| O|  |TAMS 0x000000070ac00000| PB 0x000000070aa00000| Untracked 
|  76|0x000000070ac00000, 0x000000070ae00000, 0x000000070ae00000|100%| O|  |TAMS 0x000000070ae00000| PB 0x000000070ac00000| Untracked 
|  77|0x000000070ae00000, 0x000000070b000000, 0x000000070b000000|100%| O|  |TAMS 0x000000070b000000| PB 0x000000070ae00000| Untracked 
|  78|0x000000070b000000, 0x000000070b200000, 0x000000070b200000|100%| O|  |TAMS 0x000000070b200000| PB 0x000000070b000000| Untracked 
|  79|0x000000070b200000, 0x000000070b400000, 0x000000070b400000|100%| O|  |TAMS 0x000000070b400000| PB 0x000000070b200000| Untracked 
|  80|0x000000070b400000, 0x000000070b600000, 0x000000070b600000|100%| O|  |TAMS 0x000000070b600000| PB 0x000000070b400000| Untracked 
|  81|0x000000070b600000, 0x000000070b800000, 0x000000070b800000|100%| O|  |TAMS 0x000000070b800000| PB 0x000000070b600000| Untracked 
|  82|0x000000070b800000, 0x000000070ba00000, 0x000000070ba00000|100%| O|  |TAMS 0x000000070ba00000| PB 0x000000070b800000| Untracked 
|  83|0x000000070ba00000, 0x000000070bc00000, 0x000000070bc00000|100%|HS|  |TAMS 0x000000070bc00000| PB 0x000000070ba00000| Complete 
|  84|0x000000070bc00000, 0x000000070be00000, 0x000000070be00000|100%|HC|  |TAMS 0x000000070be00000| PB 0x000000070bc00000| Complete 
|  85|0x000000070be00000, 0x000000070c000000, 0x000000070c000000|100%|HC|  |TAMS 0x000000070c000000| PB 0x000000070be00000| Complete 
|  86|0x000000070c000000, 0x000000070c200000, 0x000000070c200000|100%|HC|  |TAMS 0x000000070c200000| PB 0x000000070c000000| Complete 
|  87|0x000000070c200000, 0x000000070c400000, 0x000000070c400000|100%|HC|  |TAMS 0x000000070c400000| PB 0x000000070c200000| Complete 
|  88|0x000000070c400000, 0x000000070c600000, 0x000000070c600000|100%| O|  |TAMS 0x000000070c600000| PB 0x000000070c400000| Untracked 
|  89|0x000000070c600000, 0x000000070c800000, 0x000000070c800000|100%| O|  |TAMS 0x000000070c800000| PB 0x000000070c600000| Untracked 
|  90|0x000000070c800000, 0x000000070ca00000, 0x000000070ca00000|100%| O|  |TAMS 0x000000070ca00000| PB 0x000000070c800000| Untracked 
|  91|0x000000070ca00000, 0x000000070cc00000, 0x000000070cc00000|100%| O|  |TAMS 0x000000070cc00000| PB 0x000000070ca00000| Untracked 
|  92|0x000000070cc00000, 0x000000070ce00000, 0x000000070ce00000|100%| O|  |TAMS 0x000000070ce00000| PB 0x000000070cc00000| Untracked 
|  93|0x000000070ce00000, 0x000000070d000000, 0x000000070d000000|100%| O|  |TAMS 0x000000070d000000| PB 0x000000070ce00000| Untracked 
|  94|0x000000070d000000, 0x000000070d200000, 0x000000070d200000|100%| O|  |TAMS 0x000000070d200000| PB 0x000000070d000000| Untracked 
|  95|0x000000070d200000, 0x000000070d400000, 0x000000070d400000|100%| O|  |TAMS 0x000000070d400000| PB 0x000000070d200000| Untracked 
|  96|0x000000070d400000, 0x000000070d600000, 0x000000070d600000|100%| O|  |TAMS 0x000000070d600000| PB 0x000000070d400000| Untracked 
|  97|0x000000070d600000, 0x000000070d800000, 0x000000070d800000|100%| O|  |TAMS 0x000000070d800000| PB 0x000000070d600000| Untracked 
|  98|0x000000070d800000, 0x000000070da00000, 0x000000070da00000|100%| O|  |TAMS 0x000000070da00000| PB 0x000000070d800000| Untracked 
|  99|0x000000070da00000, 0x000000070dc00000, 0x000000070dc00000|100%| O|  |TAMS 0x000000070dc00000| PB 0x000000070da00000| Untracked 
| 100|0x000000070dc00000, 0x000000070de00000, 0x000000070de00000|100%| O|  |TAMS 0x000000070de00000| PB 0x000000070dc00000| Untracked 
| 101|0x000000070de00000, 0x000000070e000000, 0x000000070e000000|100%| O|  |TAMS 0x000000070e000000| PB 0x000000070de00000| Untracked 
| 102|0x000000070e000000, 0x000000070e200000, 0x000000070e200000|100%| O|  |TAMS 0x000000070e200000| PB 0x000000070e000000| Untracked 
| 103|0x000000070e200000, 0x000000070e400000, 0x000000070e400000|100%| O|  |TAMS 0x000000070e400000| PB 0x000000070e200000| Untracked 
| 104|0x000000070e400000, 0x000000070e600000, 0x000000070e600000|100%| O|  |TAMS 0x000000070e600000| PB 0x000000070e400000| Untracked 
| 105|0x000000070e600000, 0x000000070e800000, 0x000000070e800000|100%| O|  |TAMS 0x000000070e800000| PB 0x000000070e600000| Untracked 
| 106|0x000000070e800000, 0x000000070ea00000, 0x000000070ea00000|100%| O|  |TAMS 0x000000070ea00000| PB 0x000000070e800000| Untracked 
| 107|0x000000070ea00000, 0x000000070ec00000, 0x000000070ec00000|100%| O|  |TAMS 0x000000070ec00000| PB 0x000000070ea00000| Untracked 
| 108|0x000000070ec00000, 0x000000070ee00000, 0x000000070ee00000|100%| O|  |TAMS 0x000000070ee00000| PB 0x000000070ec00000| Untracked 
| 109|0x000000070ee00000, 0x000000070f000000, 0x000000070f000000|100%| O|  |TAMS 0x000000070f000000| PB 0x000000070ee00000| Untracked 
| 110|0x000000070f000000, 0x000000070f200000, 0x000000070f200000|100%| O|  |TAMS 0x000000070f200000| PB 0x000000070f000000| Untracked 
| 111|0x000000070f200000, 0x000000070f400000, 0x000000070f400000|100%| O|  |TAMS 0x000000070f400000| PB 0x000000070f200000| Untracked 
| 112|0x000000070f400000, 0x000000070f600000, 0x000000070f600000|100%| O|  |TAMS 0x000000070f600000| PB 0x000000070f400000| Untracked 
| 113|0x000000070f600000, 0x000000070f800000, 0x000000070f800000|100%| O|  |TAMS 0x000000070f800000| PB 0x000000070f600000| Untracked 
| 114|0x000000070f800000, 0x000000070fa00000, 0x000000070fa00000|100%| O|  |TAMS 0x000000070fa00000| PB 0x000000070f800000| Untracked 
| 115|0x000000070fa00000, 0x000000070fc00000, 0x000000070fc00000|100%| O|  |TAMS 0x000000070fc00000| PB 0x000000070fa00000| Untracked 
| 116|0x000000070fc00000, 0x000000070fe00000, 0x000000070fe00000|100%| O|  |TAMS 0x000000070fe00000| PB 0x000000070fc00000| Untracked 
| 117|0x000000070fe00000, 0x0000000710000000, 0x0000000710000000|100%| O|  |TAMS 0x0000000710000000| PB 0x000000070fe00000| Untracked 
| 118|0x0000000710000000, 0x0000000710000000, 0x0000000710200000|  0%| F|  |TAMS 0x0000000710000000| PB 0x0000000710000000| Untracked 
| 119|0x0000000710200000, 0x0000000710200000, 0x0000000710400000|  0%| F|  |TAMS 0x0000000710200000| PB 0x0000000710200000| Untracked 
| 120|0x0000000710400000, 0x0000000710400000, 0x0000000710600000|  0%| F|  |TAMS 0x0000000710400000| PB 0x0000000710400000| Untracked 
| 121|0x0000000710600000, 0x0000000710600000, 0x0000000710800000|  0%| F|  |TAMS 0x0000000710600000| PB 0x0000000710600000| Untracked 
| 122|0x0000000710800000, 0x0000000710800000, 0x0000000710a00000|  0%| F|  |TAMS 0x0000000710800000| PB 0x0000000710800000| Untracked 
| 123|0x0000000710a00000, 0x0000000710c00000, 0x0000000710c00000|100%| O|  |TAMS 0x0000000710a00000| PB 0x0000000710a00000| Untracked 
| 124|0x0000000710c00000, 0x0000000710e00000, 0x0000000710e00000|100%| O|  |TAMS 0x0000000710c00000| PB 0x0000000710c00000| Untracked 
| 125|0x0000000710e00000, 0x0000000711000000, 0x0000000711000000|100%| O|  |TAMS 0x0000000710e00000| PB 0x0000000710e00000| Untracked 
| 126|0x0000000711000000, 0x0000000711200000, 0x0000000711200000|100%| O|  |TAMS 0x0000000711000000| PB 0x0000000711000000| Untracked 
| 127|0x0000000711200000, 0x0000000711400000, 0x0000000711400000|100%| O|  |TAMS 0x0000000711200000| PB 0x0000000711200000| Untracked 
| 128|0x0000000711400000, 0x0000000711600000, 0x0000000711600000|100%| O|  |TAMS 0x0000000711400000| PB 0x0000000711400000| Untracked 
| 129|0x0000000711600000, 0x0000000711800000, 0x0000000711800000|100%| O|  |TAMS 0x0000000711600000| PB 0x0000000711600000| Untracked 
| 130|0x0000000711800000, 0x0000000711a00000, 0x0000000711a00000|100%| O|  |TAMS 0x0000000711800000| PB 0x0000000711800000| Untracked 
| 131|0x0000000711a00000, 0x0000000711a00000, 0x0000000711c00000|  0%| F|  |TAMS 0x0000000711a00000| PB 0x0000000711a00000| Untracked 
| 132|0x0000000711c00000, 0x0000000711c00000, 0x0000000711e00000|  0%| F|  |TAMS 0x0000000711c00000| PB 0x0000000711c00000| Untracked 
| 133|0x0000000711e00000, 0x0000000712000000, 0x0000000712000000|100%| O|  |TAMS 0x0000000711e00000| PB 0x0000000711e00000| Untracked 
| 134|0x0000000712000000, 0x00000007121d1000, 0x0000000712200000| 90%| S|CS|TAMS 0x0000000712000000| PB 0x0000000712000000| Complete 
| 135|0x0000000712200000, 0x0000000712400000, 0x0000000712400000|100%| S|CS|TAMS 0x0000000712200000| PB 0x0000000712200000| Complete 
| 136|0x0000000712400000, 0x0000000712600000, 0x0000000712600000|100%| S|CS|TAMS 0x0000000712400000| PB 0x0000000712400000| Complete 
| 137|0x0000000712600000, 0x0000000712600000, 0x0000000712800000|  0%| F|  |TAMS 0x0000000712600000| PB 0x0000000712600000| Untracked 
| 138|0x0000000712800000, 0x0000000712800000, 0x0000000712a00000|  0%| F|  |TAMS 0x0000000712800000| PB 0x0000000712800000| Untracked 
| 139|0x0000000712a00000, 0x0000000712a00000, 0x0000000712c00000|  0%| F|  |TAMS 0x0000000712a00000| PB 0x0000000712a00000| Untracked 
| 140|0x0000000712c00000, 0x0000000712c00000, 0x0000000712e00000|  0%| F|  |TAMS 0x0000000712c00000| PB 0x0000000712c00000| Untracked 
| 141|0x0000000712e00000, 0x0000000712e00000, 0x0000000713000000|  0%| F|  |TAMS 0x0000000712e00000| PB 0x0000000712e00000| Untracked 
| 142|0x0000000713000000, 0x0000000713000000, 0x0000000713200000|  0%| F|  |TAMS 0x0000000713000000| PB 0x0000000713000000| Untracked 
| 143|0x0000000713200000, 0x0000000713200000, 0x0000000713400000|  0%| F|  |TAMS 0x0000000713200000| PB 0x0000000713200000| Untracked 
| 144|0x0000000713400000, 0x0000000713400000, 0x0000000713600000|  0%| F|  |TAMS 0x0000000713400000| PB 0x0000000713400000| Untracked 
| 145|0x0000000713600000, 0x0000000713600000, 0x0000000713800000|  0%| F|  |TAMS 0x0000000713600000| PB 0x0000000713600000| Untracked 
| 146|0x0000000713800000, 0x0000000713800000, 0x0000000713a00000|  0%| F|  |TAMS 0x0000000713800000| PB 0x0000000713800000| Untracked 
| 147|0x0000000713a00000, 0x0000000713a00000, 0x0000000713c00000|  0%| F|  |TAMS 0x0000000713a00000| PB 0x0000000713a00000| Untracked 
| 148|0x0000000713c00000, 0x0000000713c00000, 0x0000000713e00000|  0%| F|  |TAMS 0x0000000713c00000| PB 0x0000000713c00000| Untracked 
| 149|0x0000000713e00000, 0x0000000713e00000, 0x0000000714000000|  0%| F|  |TAMS 0x0000000713e00000| PB 0x0000000713e00000| Untracked 
| 150|0x0000000714000000, 0x0000000714000000, 0x0000000714200000|  0%| F|  |TAMS 0x0000000714000000| PB 0x0000000714000000| Untracked 
| 151|0x0000000714200000, 0x0000000714200000, 0x0000000714400000|  0%| F|  |TAMS 0x0000000714200000| PB 0x0000000714200000| Untracked 
| 152|0x0000000714400000, 0x0000000714400000, 0x0000000714600000|  0%| F|  |TAMS 0x0000000714400000| PB 0x0000000714400000| Untracked 
| 153|0x0000000714600000, 0x0000000714600000, 0x0000000714800000|  0%| F|  |TAMS 0x0000000714600000| PB 0x0000000714600000| Untracked 
| 154|0x0000000714800000, 0x0000000714800000, 0x0000000714a00000|  0%| F|  |TAMS 0x0000000714800000| PB 0x0000000714800000| Untracked 
| 155|0x0000000714a00000, 0x0000000714a00000, 0x0000000714c00000|  0%| F|  |TAMS 0x0000000714a00000| PB 0x0000000714a00000| Untracked 
| 156|0x0000000714c00000, 0x0000000714c00000, 0x0000000714e00000|  0%| F|  |TAMS 0x0000000714c00000| PB 0x0000000714c00000| Untracked 
| 157|0x0000000714e00000, 0x0000000714e00000, 0x0000000715000000|  0%| F|  |TAMS 0x0000000714e00000| PB 0x0000000714e00000| Untracked 
| 158|0x0000000715000000, 0x0000000715000000, 0x0000000715200000|  0%| F|  |TAMS 0x0000000715000000| PB 0x0000000715000000| Untracked 
| 159|0x0000000715200000, 0x0000000715200000, 0x0000000715400000|  0%| F|  |TAMS 0x0000000715200000| PB 0x0000000715200000| Untracked 
| 160|0x0000000715400000, 0x0000000715400000, 0x0000000715600000|  0%| F|  |TAMS 0x0000000715400000| PB 0x0000000715400000| Untracked 
| 161|0x0000000715600000, 0x0000000715600000, 0x0000000715800000|  0%| F|  |TAMS 0x0000000715600000| PB 0x0000000715600000| Untracked 
| 162|0x0000000715800000, 0x0000000715800000, 0x0000000715a00000|  0%| F|  |TAMS 0x0000000715800000| PB 0x0000000715800000| Untracked 
| 163|0x0000000715a00000, 0x0000000715a00000, 0x0000000715c00000|  0%| F|  |TAMS 0x0000000715a00000| PB 0x0000000715a00000| Untracked 
| 164|0x0000000715c00000, 0x0000000715c00000, 0x0000000715e00000|  0%| F|  |TAMS 0x0000000715c00000| PB 0x0000000715c00000| Untracked 
| 165|0x0000000715e00000, 0x0000000715e00000, 0x0000000716000000|  0%| F|  |TAMS 0x0000000715e00000| PB 0x0000000715e00000| Untracked 
| 166|0x0000000716000000, 0x0000000716000000, 0x0000000716200000|  0%| F|  |TAMS 0x0000000716000000| PB 0x0000000716000000| Untracked 
| 167|0x0000000716200000, 0x0000000716200000, 0x0000000716400000|  0%| F|  |TAMS 0x0000000716200000| PB 0x0000000716200000| Untracked 
| 168|0x0000000716400000, 0x0000000716400000, 0x0000000716600000|  0%| F|  |TAMS 0x0000000716400000| PB 0x0000000716400000| Untracked 
| 169|0x0000000716600000, 0x0000000716600000, 0x0000000716800000|  0%| F|  |TAMS 0x0000000716600000| PB 0x0000000716600000| Untracked 
| 170|0x0000000716800000, 0x0000000716800000, 0x0000000716a00000|  0%| F|  |TAMS 0x0000000716800000| PB 0x0000000716800000| Untracked 
| 171|0x0000000716a00000, 0x0000000716a00000, 0x0000000716c00000|  0%| F|  |TAMS 0x0000000716a00000| PB 0x0000000716a00000| Untracked 
| 172|0x0000000716c00000, 0x0000000716c00000, 0x0000000716e00000|  0%| F|  |TAMS 0x0000000716c00000| PB 0x0000000716c00000| Untracked 
| 173|0x0000000716e00000, 0x0000000716e00000, 0x0000000717000000|  0%| F|  |TAMS 0x0000000716e00000| PB 0x0000000716e00000| Untracked 
| 174|0x0000000717000000, 0x0000000717000000, 0x0000000717200000|  0%| F|  |TAMS 0x0000000717000000| PB 0x0000000717000000| Untracked 
| 175|0x0000000717200000, 0x0000000717200000, 0x0000000717400000|  0%| F|  |TAMS 0x0000000717200000| PB 0x0000000717200000| Untracked 
| 176|0x0000000717400000, 0x0000000717400000, 0x0000000717600000|  0%| F|  |TAMS 0x0000000717400000| PB 0x0000000717400000| Untracked 
| 177|0x0000000717600000, 0x0000000717600000, 0x0000000717800000|  0%| F|  |TAMS 0x0000000717600000| PB 0x0000000717600000| Untracked 
| 178|0x0000000717800000, 0x0000000717800000, 0x0000000717a00000|  0%| F|  |TAMS 0x0000000717800000| PB 0x0000000717800000| Untracked 
| 179|0x0000000717a00000, 0x0000000717a00000, 0x0000000717c00000|  0%| F|  |TAMS 0x0000000717a00000| PB 0x0000000717a00000| Untracked 
| 180|0x0000000717c00000, 0x0000000717c00000, 0x0000000717e00000|  0%| F|  |TAMS 0x0000000717c00000| PB 0x0000000717c00000| Untracked 
| 181|0x0000000717e00000, 0x0000000717e00000, 0x0000000718000000|  0%| F|  |TAMS 0x0000000717e00000| PB 0x0000000717e00000| Untracked 
| 182|0x0000000718000000, 0x0000000718000000, 0x0000000718200000|  0%| F|  |TAMS 0x0000000718000000| PB 0x0000000718000000| Untracked 
| 183|0x0000000718200000, 0x0000000718200000, 0x0000000718400000|  0%| F|  |TAMS 0x0000000718200000| PB 0x0000000718200000| Untracked 
| 184|0x0000000718400000, 0x0000000718400000, 0x0000000718600000|  0%| F|  |TAMS 0x0000000718400000| PB 0x0000000718400000| Untracked 
| 185|0x0000000718600000, 0x0000000718600000, 0x0000000718800000|  0%| F|  |TAMS 0x0000000718600000| PB 0x0000000718600000| Untracked 
| 186|0x0000000718800000, 0x0000000718800000, 0x0000000718a00000|  0%| F|  |TAMS 0x0000000718800000| PB 0x0000000718800000| Untracked 
| 187|0x0000000718a00000, 0x0000000718a00000, 0x0000000718c00000|  0%| F|  |TAMS 0x0000000718a00000| PB 0x0000000718a00000| Untracked 
| 188|0x0000000718c00000, 0x0000000718c00000, 0x0000000718e00000|  0%| F|  |TAMS 0x0000000718c00000| PB 0x0000000718c00000| Untracked 
| 189|0x0000000718e00000, 0x0000000718e00000, 0x0000000719000000|  0%| F|  |TAMS 0x0000000718e00000| PB 0x0000000718e00000| Untracked 
| 190|0x0000000719000000, 0x0000000719000000, 0x0000000719200000|  0%| F|  |TAMS 0x0000000719000000| PB 0x0000000719000000| Untracked 
| 191|0x0000000719200000, 0x0000000719200000, 0x0000000719400000|  0%| F|  |TAMS 0x0000000719200000| PB 0x0000000719200000| Untracked 
| 192|0x0000000719400000, 0x0000000719400000, 0x0000000719600000|  0%| F|  |TAMS 0x0000000719400000| PB 0x0000000719400000| Untracked 
| 193|0x0000000719600000, 0x0000000719600000, 0x0000000719800000|  0%| F|  |TAMS 0x0000000719600000| PB 0x0000000719600000| Untracked 
| 194|0x0000000719800000, 0x0000000719800000, 0x0000000719a00000|  0%| F|  |TAMS 0x0000000719800000| PB 0x0000000719800000| Untracked 
| 195|0x0000000719a00000, 0x0000000719a00000, 0x0000000719c00000|  0%| F|  |TAMS 0x0000000719a00000| PB 0x0000000719a00000| Untracked 
| 196|0x0000000719c00000, 0x0000000719c00000, 0x0000000719e00000|  0%| F|  |TAMS 0x0000000719c00000| PB 0x0000000719c00000| Untracked 
| 197|0x0000000719e00000, 0x0000000719e00000, 0x000000071a000000|  0%| F|  |TAMS 0x0000000719e00000| PB 0x0000000719e00000| Untracked 
| 198|0x000000071a000000, 0x000000071a000000, 0x000000071a200000|  0%| F|  |TAMS 0x000000071a000000| PB 0x000000071a000000| Untracked 
| 199|0x000000071a200000, 0x000000071a200000, 0x000000071a400000|  0%| F|  |TAMS 0x000000071a200000| PB 0x000000071a200000| Untracked 
| 200|0x000000071a400000, 0x000000071a400000, 0x000000071a600000|  0%| F|  |TAMS 0x000000071a400000| PB 0x000000071a400000| Untracked 
| 201|0x000000071a600000, 0x000000071a600000, 0x000000071a800000|  0%| F|  |TAMS 0x000000071a600000| PB 0x000000071a600000| Untracked 
| 202|0x000000071a800000, 0x000000071a800000, 0x000000071aa00000|  0%| F|  |TAMS 0x000000071a800000| PB 0x000000071a800000| Untracked 
| 203|0x000000071aa00000, 0x000000071aa00000, 0x000000071ac00000|  0%| F|  |TAMS 0x000000071aa00000| PB 0x000000071aa00000| Untracked 
| 204|0x000000071ac00000, 0x000000071ac00000, 0x000000071ae00000|  0%| F|  |TAMS 0x000000071ac00000| PB 0x000000071ac00000| Untracked 
| 205|0x000000071ae00000, 0x000000071ae00000, 0x000000071b000000|  0%| F|  |TAMS 0x000000071ae00000| PB 0x000000071ae00000| Untracked 
|2030|0x00000007ff000000, 0x00000007ff1f5140, 0x00000007ff200000| 97%| O|  |TAMS 0x00000007ff000000| PB 0x00000007ff000000| Untracked 
|2031|0x00000007ff200000, 0x00000007ff400000, 0x00000007ff400000|100%| O|  |TAMS 0x00000007ff292958| PB 0x00000007ff200000| Untracked 
|2032|0x00000007ff400000, 0x00000007ff600000, 0x00000007ff600000|100%| O|  |TAMS 0x00000007ff600000| PB 0x00000007ff400000| Untracked 
|2033|0x00000007ff600000, 0x00000007ff800000, 0x00000007ff800000|100%| O|  |TAMS 0x00000007ff800000| PB 0x00000007ff600000| Untracked 
|2034|0x00000007ff800000, 0x00000007ff800000, 0x00000007ffa00000|  0%| F|  |TAMS 0x00000007ff800000| PB 0x00000007ff800000| Untracked 
|2035|0x00000007ffa00000, 0x00000007ffa00000, 0x00000007ffc00000|  0%| F|  |TAMS 0x00000007ffa00000| PB 0x00000007ffa00000| Untracked 
|2036|0x00000007ffc00000, 0x00000007ffe00000, 0x00000007ffe00000|100%| O|  |TAMS 0x00000007ffe00000| PB 0x00000007ffc00000| Untracked 
|2037|0x00000007ffe00000, 0x0000000800000000, 0x0000000800000000|100%| O|  |TAMS 0x0000000800000000| PB 0x00000007ffe00000| Untracked 

Card table byte_map: [0x000002d3fed60000,0x000002d3ff560000] _byte_map_base: 0x000002d3fb556000

Marking Bits: (CMBitMap*) 0x000002d3ec11fef0
 Bits: [0x000002d380000000, 0x000002d383fb0000)

Polling page: 0x000002d3ea0b0000

Metaspace:

Usage:
  Non-class:     67.51 MB used.
      Class:      8.34 MB used.
       Both:     75.85 MB used.

Virtual space:
  Non-class space:      128.00 MB reserved,      67.88 MB ( 53%) committed,  2 nodes.
      Class space:        1.00 GB reserved,       8.69 MB ( <1%) committed,  1 nodes.
             Both:        1.12 GB reserved,      76.56 MB (  7%) committed. 

Chunk freelists:
   Non-Class:  11.66 MB
       Class:  7.19 MB
        Both:  18.85 MB

MaxMetaspaceSize: unlimited
CompressedClassSpaceSize: 1.00 GB
Initial GC threshold: 21.00 MB
Current GC threshold: 126.81 MB
CDS: off
 - commit_granule_bytes: 65536.
 - commit_granule_words: 8192.
 - virtual_space_node_default_size: 8388608.
 - enlarge_chunks_in_place: 1.
 - use_allocation_guard: 0.


Internal statistics:

num_allocs_failed_limit: 12.
num_arena_births: 1320.
num_arena_deaths: 0.
num_vsnodes_births: 3.
num_vsnodes_deaths: 0.
num_space_committed: 1223.
num_space_uncommitted: 0.
num_chunks_returned_to_freelist: 12.
num_chunks_taken_from_freelist: 4094.
num_chunk_merges: 12.
num_chunk_splits: 3043.
num_chunks_enlarged: 2348.
num_inconsistent_stats: 0.

CodeHeap 'non-profiled nmethods': size=120000Kb used=19585Kb max_used=19585Kb free=100414Kb
 bounds [0x000002d3f6cf0000, 0x000002d3f8020000, 0x000002d3fe220000]
CodeHeap 'profiled nmethods': size=120000Kb used=38777Kb max_used=48579Kb free=81222Kb
 bounds [0x000002d3ef220000, 0x000002d3f21a0000, 0x000002d3f6750000]
CodeHeap 'non-nmethods': size=5760Kb used=1496Kb max_used=1634Kb free=4264Kb
 bounds [0x000002d3f6750000, 0x000002d3f69c0000, 0x000002d3f6cf0000]
CodeCache: size=245760Kb, used=59858Kb, max_used=69798Kb, free=185900Kb
 total_blobs=15139, nmethods=14493, adapters=547, full_count=0
Compilation: enabled, stopped_count=0, restarted_count=0

Compilation events (20 events):
Event: 32.673 Thread 0x000002d38daf0b60 nmethod 21685 0x000002d3f800ae90 code [0x000002d3f800b020, 0x000002d3f800b0d0]
Event: 32.673 Thread 0x000002d38daf0b60 21678       4       org.jetbrains.kotlin.cfg.pseudocode.instructions.eval.ReadValueInstruction::getOutputValue (9 bytes)
Event: 32.673 Thread 0x000002d38daf0b60 nmethod 21678 0x000002d3f800b190 code [0x000002d3f800b320, 0x000002d3f800b3d0]
Event: 32.673 Thread 0x000002d38daf0b60 21713       4       org.jetbrains.kotlin.cfg.variable.PseudocodeVariablesData$variableUseStatusData$2::invoke (471 bytes)
Event: 32.674 Thread 0x000002d3863863e0 nmethod 21557 0x000002d3f800b490 code [0x000002d3f800b7c0, 0x000002d3f800d778]
Event: 32.674 Thread 0x000002d3863863e0 21680       4       org.jetbrains.kotlin.cfg.pseudocode.instructions.eval.ReadValueInstruction::getInputValues (16 bytes)
Event: 32.674 Thread 0x000002d386183d90 nmethod 21633 0x000002d3f800e690 code [0x000002d3f800e8a0, 0x000002d3f800f2f0]
Event: 32.674 Thread 0x000002d386183d90 21688       4       org.jetbrains.kotlin.cfg.ControlFlowProcessor$CFPVisitor::getBoundOrUnreachableValue (43 bytes)
Event: 32.676 Thread 0x000002d3861715e0 21716       3       org.jetbrains.kotlin.cfg.variable.PseudocodeVariableDataCollector::collectData (40 bytes)
Event: 32.677 Thread 0x000002d3861715e0 nmethod 21716 0x000002d3ef72b690 code [0x000002d3ef72b9c0, 0x000002d3ef72caa8]
Event: 32.679 Thread 0x000002d386183d90 nmethod 21688 0x000002d3f800f890 code [0x000002d3f800fa80, 0x000002d3f8010090]
Event: 32.679 Thread 0x000002d386183d90 21715       4       org.jetbrains.kotlin.cfg.pseudocode.PseudocodeImpl::markDeadInstructions (151 bytes)
Event: 32.682 Thread 0x000002d3861715e0 21720       2       org.jetbrains.kotlin.cfg.ControlFlowInformationProviderImpl::reportVisibilityWarningForInternalFakeSetterOverride (179 bytes)
Event: 32.683 Thread 0x000002d3861715e0 nmethod 21720 0x000002d3f17be790 code [0x000002d3f17bea60, 0x000002d3f17bf4d0]
Event: 32.688 Thread 0x000002d3861715e0 21721       2       org.jetbrains.kotlin.cfg.ControlFlowProcessor$CFPVisitor::visitThisExpression (112 bytes)
Event: 32.689 Thread 0x000002d3861715e0 nmethod 21721 0x000002d3f09f8690 code [0x000002d3f09f8a00, 0x000002d3f09f9678]
Event: 32.693 Thread 0x000002d3861715e0 21725       2       kotlin.collections.builders.ListBuilder::ensureCapacity (62 bytes)
Event: 32.694 Thread 0x000002d3861715e0 nmethod 21725 0x000002d3f111e810 code [0x000002d3f111ea60, 0x000002d3f111f108]
Event: 32.694 Thread 0x000002d3861715e0 21726       2       kotlin.collections.ArraysKt___ArraysJvmKt::copyInto (25 bytes)
Event: 32.694 Thread 0x000002d3861715e0 nmethod 21726 0x000002d3f19cb890 code [0x000002d3f19cbac0, 0x000002d3f19cc0a0]

GC Heap History (20 events):
Event: 22.833 GC heap after
{Heap after GC invocations=37 (full 0):
 garbage-first heap   total 325632K, used 199996K [0x0000000701400000, 0x0000000800000000)
  region size 2048K, 8 young (16384K), 8 survivors (16384K)
 Metaspace       used 76146K, committed 76928K, reserved 1179648K
  class space    used 8439K, committed 8832K, reserved 1048576K
}
Event: 23.849 GC heap before
{Heap before GC invocations=37 (full 0):
 garbage-first heap   total 325632K, used 302396K [0x0000000701400000, 0x0000000800000000)
  region size 2048K, 58 young (118784K), 8 survivors (16384K)
 Metaspace       used 76631K, committed 77440K, reserved 1179648K
  class space    used 8501K, committed 8896K, reserved 1048576K
}
Event: 23.866 GC heap after
{Heap after GC invocations=38 (full 0):
 garbage-first heap   total 327680K, used 207976K [0x0000000701400000, 0x0000000800000000)
  region size 2048K, 8 young (16384K), 8 survivors (16384K)
 Metaspace       used 76631K, committed 77440K, reserved 1179648K
  class space    used 8501K, committed 8896K, reserved 1048576K
}
Event: 24.822 GC heap before
{Heap before GC invocations=39 (full 0):
 garbage-first heap   total 348160K, used 306280K [0x0000000701400000, 0x0000000800000000)
  region size 2048K, 56 young (114688K), 8 survivors (16384K)
 Metaspace       used 76697K, committed 77440K, reserved 1179648K
  class space    used 8501K, committed 8896K, reserved 1048576K
}
Event: 24.836 GC heap after
{Heap after GC invocations=40 (full 0):
 garbage-first heap   total 348160K, used 215299K [0x0000000701400000, 0x0000000800000000)
  region size 2048K, 4 young (8192K), 4 survivors (8192K)
 Metaspace       used 76697K, committed 77440K, reserved 1179648K
  class space    used 8501K, committed 8896K, reserved 1048576K
}
Event: 25.698 GC heap before
{Heap before GC invocations=40 (full 0):
 garbage-first heap   total 348160K, used 323843K [0x0000000701400000, 0x0000000800000000)
  region size 2048K, 57 young (116736K), 4 survivors (8192K)
 Metaspace       used 76800K, committed 77568K, reserved 1179648K
  class space    used 8502K, committed 8896K, reserved 1048576K
}
Event: 25.709 GC heap after
{Heap after GC invocations=41 (full 0):
 garbage-first heap   total 348160K, used 220530K [0x0000000701400000, 0x0000000800000000)
  region size 2048K, 7 young (14336K), 7 survivors (14336K)
 Metaspace       used 76800K, committed 77568K, reserved 1179648K
  class space    used 8502K, committed 8896K, reserved 1048576K
}
Event: 26.471 GC heap before
{Heap before GC invocations=41 (full 0):
 garbage-first heap   total 348160K, used 324978K [0x0000000701400000, 0x0000000800000000)
  region size 2048K, 58 young (118784K), 7 survivors (14336K)
 Metaspace       used 76870K, committed 77632K, reserved 1179648K
  class space    used 8503K, committed 8896K, reserved 1048576K
}
Event: 26.483 GC heap after
{Heap after GC invocations=42 (full 0):
 garbage-first heap   total 417792K, used 226416K [0x0000000701400000, 0x0000000800000000)
  region size 2048K, 6 young (12288K), 6 survivors (12288K)
 Metaspace       used 76870K, committed 77632K, reserved 1179648K
  class space    used 8503K, committed 8896K, reserved 1048576K
}
Event: 27.817 GC heap before
{Heap before GC invocations=43 (full 0):
 garbage-first heap   total 417792K, used 386160K [0x0000000701400000, 0x0000000800000000)
  region size 2048K, 84 young (172032K), 6 survivors (12288K)
 Metaspace       used 76947K, committed 77696K, reserved 1179648K
  class space    used 8505K, committed 8896K, reserved 1048576K
}
Event: 27.836 GC heap after
{Heap after GC invocations=44 (full 0):
 garbage-first heap   total 417792K, used 234879K [0x0000000701400000, 0x0000000800000000)
  region size 2048K, 11 young (22528K), 11 survivors (22528K)
 Metaspace       used 76947K, committed 77696K, reserved 1179648K
  class space    used 8505K, committed 8896K, reserved 1048576K
}
Event: 28.760 GC heap before
{Heap before GC invocations=44 (full 0):
 garbage-first heap   total 417792K, used 386431K [0x0000000701400000, 0x0000000800000000)
  region size 2048K, 85 young (174080K), 11 survivors (22528K)
 Metaspace       used 77013K, committed 77760K, reserved 1179648K
  class space    used 8505K, committed 8896K, reserved 1048576K
}
Event: 28.783 GC heap after
{Heap after GC invocations=45 (full 0):
 garbage-first heap   total 421888K, used 242279K [0x0000000701400000, 0x0000000800000000)
  region size 2048K, 9 young (18432K), 9 survivors (18432K)
 Metaspace       used 77013K, committed 77760K, reserved 1179648K
  class space    used 8505K, committed 8896K, reserved 1048576K
}
Event: 29.771 GC heap before
{Heap before GC invocations=45 (full 0):
 garbage-first heap   total 421888K, used 393831K [0x0000000701400000, 0x0000000800000000)
  region size 2048K, 83 young (169984K), 9 survivors (18432K)
 Metaspace       used 77131K, committed 77888K, reserved 1179648K
  class space    used 8508K, committed 8896K, reserved 1048576K
}
Event: 29.793 GC heap after
{Heap after GC invocations=46 (full 0):
 garbage-first heap   total 423936K, used 250792K [0x0000000701400000, 0x0000000800000000)
  region size 2048K, 9 young (18432K), 9 survivors (18432K)
 Metaspace       used 77131K, committed 77888K, reserved 1179648K
  class space    used 8508K, committed 8896K, reserved 1048576K
}
Event: 30.922 GC heap before
{Heap before GC invocations=47 (full 0):
 garbage-first heap   total 423936K, used 396200K [0x0000000701400000, 0x0000000800000000)
  region size 2048K, 80 young (163840K), 9 survivors (18432K)
 Metaspace       used 77183K, committed 77952K, reserved 1179648K
  class space    used 8511K, committed 8896K, reserved 1048576K
}
Event: 30.938 GC heap after
{Heap after GC invocations=48 (full 0):
 garbage-first heap   total 425984K, used 261002K [0x0000000701400000, 0x0000000800000000)
  region size 2048K, 9 young (18432K), 9 survivors (18432K)
 Metaspace       used 77183K, committed 77952K, reserved 1179648K
  class space    used 8511K, committed 8896K, reserved 1048576K
}
Event: 31.958 GC heap before
{Heap before GC invocations=48 (full 0):
 garbage-first heap   total 425984K, used 402314K [0x0000000701400000, 0x0000000800000000)
  region size 2048K, 78 young (159744K), 9 survivors (18432K)
 Metaspace       used 77242K, committed 78016K, reserved 1179648K
  class space    used 8513K, committed 8896K, reserved 1048576K
}
Event: 31.980 GC heap after
{Heap after GC invocations=49 (full 0):
 garbage-first heap   total 436224K, used 270922K [0x0000000701400000, 0x0000000800000000)
  region size 2048K, 10 young (20480K), 10 survivors (20480K)
 Metaspace       used 77242K, committed 78016K, reserved 1179648K
  class space    used 8513K, committed 8896K, reserved 1048576K
}
Event: 32.699 GC heap before
{Heap before GC invocations=49 (full 0):
 garbage-first heap   total 436224K, used 410186K [0x0000000701400000, 0x0000000800000000)
  region size 2048K, 78 young (159744K), 10 survivors (20480K)
 Metaspace       used 77671K, committed 78400K, reserved 1179648K
  class space    used 8540K, committed 8896K, reserved 1048576K
}

Dll operation events (3 events):
Event: 0.007 Loaded shared library C:\Program Files\Android\Android Studio\jbr\bin\java.dll
Event: 0.012 Loaded shared library C:\Program Files\Android\Android Studio\jbr\bin\zip.dll
Event: 1.089 Loaded shared library C:\Program Files\Android\Android Studio\jbr\bin\verify.dll

Deoptimization events (20 events):
Event: 32.610 Thread 0x000002d3e9ded6d0 Uncommon trap: trap_request=0xffffffbe fr.pc=0x000002d3f7fe9f04 relative=0x00000000000009a4
Event: 32.610 Thread 0x000002d3e9ded6d0 Uncommon trap: reason=profile_predicate action=maybe_recompile pc=0x000002d3f7fe9f04 method=org.jetbrains.kotlin.cfg.pseudocodeTraverser.PseudocodeTraverserKt.traverse(Lorg/jetbrains/kotlin/cfg/pseudocode/Pseudocode;Lorg/jetbrains/kotlin/cfg/pseudocodeTra
Event: 32.610 Thread 0x000002d3e9ded6d0 DEOPT PACKING pc=0x000002d3f7fe9f04 sp=0x000000e39b3fe540
Event: 32.610 Thread 0x000002d3e9ded6d0 DEOPT UNPACKING pc=0x000002d3f67a4422 sp=0x000000e39b3fe510 mode 2
Event: 32.610 Thread 0x000002d3e9ded6d0 Uncommon trap: trap_request=0xffffffbe fr.pc=0x000002d3f7fe9f04 relative=0x00000000000009a4
Event: 32.610 Thread 0x000002d3e9ded6d0 Uncommon trap: reason=profile_predicate action=maybe_recompile pc=0x000002d3f7fe9f04 method=org.jetbrains.kotlin.cfg.pseudocodeTraverser.PseudocodeTraverserKt.traverse(Lorg/jetbrains/kotlin/cfg/pseudocode/Pseudocode;Lorg/jetbrains/kotlin/cfg/pseudocodeTra
Event: 32.610 Thread 0x000002d3e9ded6d0 DEOPT PACKING pc=0x000002d3f7fe9f04 sp=0x000000e39b3fe540
Event: 32.610 Thread 0x000002d3e9ded6d0 DEOPT UNPACKING pc=0x000002d3f67a4422 sp=0x000000e39b3fe510 mode 2
Event: 32.610 Thread 0x000002d3e9ded6d0 Uncommon trap: trap_request=0xffffffbe fr.pc=0x000002d3f7fe9f04 relative=0x00000000000009a4
Event: 32.610 Thread 0x000002d3e9ded6d0 Uncommon trap: reason=profile_predicate action=maybe_recompile pc=0x000002d3f7fe9f04 method=org.jetbrains.kotlin.cfg.pseudocodeTraverser.PseudocodeTraverserKt.traverse(Lorg/jetbrains/kotlin/cfg/pseudocode/Pseudocode;Lorg/jetbrains/kotlin/cfg/pseudocodeTra
Event: 32.610 Thread 0x000002d3e9ded6d0 DEOPT PACKING pc=0x000002d3f7fe9f04 sp=0x000000e39b3fe620
Event: 32.610 Thread 0x000002d3e9ded6d0 DEOPT UNPACKING pc=0x000002d3f67a4422 sp=0x000000e39b3fe5d0 mode 2
Event: 32.618 Thread 0x000002d3e9ded6d0 DEOPT PACKING pc=0x000002d3f1f1e171 sp=0x000000e39b3fdeb0
Event: 32.618 Thread 0x000002d3e9ded6d0 DEOPT UNPACKING pc=0x000002d3f67a4bc2 sp=0x000000e39b3fd3c8 mode 0
Event: 32.647 Thread 0x000002d3e9ded6d0 DEOPT PACKING pc=0x000002d3f1f1e171 sp=0x000000e39b3fe060
Event: 32.647 Thread 0x000002d3e9ded6d0 DEOPT UNPACKING pc=0x000002d3f67a4bc2 sp=0x000000e39b3fd578 mode 0
Event: 32.656 Thread 0x000002d3e9ded6d0 DEOPT PACKING pc=0x000002d3f1f1e171 sp=0x000000e39b3fdeb0
Event: 32.656 Thread 0x000002d3e9ded6d0 DEOPT UNPACKING pc=0x000002d3f67a4bc2 sp=0x000000e39b3fd3c8 mode 0
Event: 32.672 Thread 0x000002d3e9ded6d0 DEOPT PACKING pc=0x000002d3f1f1e171 sp=0x000000e39b3fe230
Event: 32.672 Thread 0x000002d3e9ded6d0 DEOPT UNPACKING pc=0x000002d3f67a4bc2 sp=0x000000e39b3fd748 mode 0

Classes loaded (20 events):
Event: 8.262 Loading class jdk/internal/math/FloatingDecimal$ExceptionalBinaryToASCIIBuffer
Event: 8.262 Loading class jdk/internal/math/FloatingDecimal$BinaryToASCIIConverter
Event: 8.263 Loading class jdk/internal/math/FloatingDecimal$BinaryToASCIIConverter done
Event: 8.263 Loading class jdk/internal/math/FloatingDecimal$ExceptionalBinaryToASCIIBuffer done
Event: 8.263 Loading class jdk/internal/math/FloatingDecimal$BinaryToASCIIBuffer
Event: 8.263 Loading class jdk/internal/math/FloatingDecimal$BinaryToASCIIBuffer done
Event: 8.263 Loading class jdk/internal/math/FloatingDecimal$1
Event: 8.263 Loading class jdk/internal/math/FloatingDecimal$1 done
Event: 8.263 Loading class jdk/internal/math/FloatingDecimal$PreparedASCIIToBinaryBuffer
Event: 8.263 Loading class jdk/internal/math/FloatingDecimal$ASCIIToBinaryConverter
Event: 8.263 Loading class jdk/internal/math/FloatingDecimal$ASCIIToBinaryConverter done
Event: 8.263 Loading class jdk/internal/math/FloatingDecimal$PreparedASCIIToBinaryBuffer done
Event: 9.077 Loading class java/util/Collections$CopiesList
Event: 9.077 Loading class java/util/Collections$CopiesList done
Event: 15.330 Loading class jdk/internal/math/FloatToDecimal
Event: 15.330 Loading class jdk/internal/math/FloatToDecimal done
Event: 15.589 Loading class jdk/internal/math/FloatingDecimal$ASCIIToBinaryBuffer
Event: 15.589 Loading class jdk/internal/math/FloatingDecimal$ASCIIToBinaryBuffer done
Event: 16.978 Loading class java/lang/Byte$ByteCache
Event: 16.978 Loading class java/lang/Byte$ByteCache done

Classes unloaded (0 events):
No events

Classes redefined (0 events):
No events

Internal exceptions (20 events):
Event: 9.146 Thread 0x000002d3e9ded6d0 Implicit null exception at 0x000002d3f746e6a0 to 0x000002d3f746eaa0
Event: 9.803 Thread 0x000002d3e9ded6d0 Implicit null exception at 0x000002d3f6f087c0 to 0x000002d3f6f08b2c
Event: 9.879 Thread 0x000002d3e9ded6d0 Implicit null exception at 0x000002d3f6db51ca to 0x000002d3f6db5945
Event: 9.936 Thread 0x000002d3e9ded6d0 Exception <a 'java/lang/NoSuchMethodError'{0x0000000710e6c980}: 'java.lang.Object java.lang.invoke.DirectMethodHandle$Holder.newInvokeSpecial(java.lang.Object, int, java.lang.Object, java.lang.Object)'> (0x0000000710e6c980) 
thrown [s\src\hotspot\share\interpreter\linkResolver.cpp, line 784]
Event: 10.435 Thread 0x000002d3e9ded6d0 Implicit null exception at 0x000002d3f74807a0 to 0x000002d3f7482770
Event: 12.485 Thread 0x000002d3e9ded6d0 Implicit null exception at 0x000002d3f71940b0 to 0x000002d3f7194598
Event: 13.144 Thread 0x000002d3e9ded6d0 Implicit null exception at 0x000002d3f744a438 to 0x000002d3f744a5c4
Event: 13.191 Thread 0x000002d3e9ded6d0 Implicit null exception at 0x000002d3f71952a2 to 0x000002d3f719579c
Event: 14.280 Thread 0x000002d3e9ded6d0 Implicit null exception at 0x000002d3f7870456 to 0x000002d3f7872354
Event: 14.835 Thread 0x000002d3e9ded6d0 Implicit null exception at 0x000002d3f78896cf to 0x000002d3f7889e89
Event: 16.012 Thread 0x000002d3e9ded6d0 Implicit null exception at 0x000002d3f7082480 to 0x000002d3f70827ec
Event: 16.987 Thread 0x000002d3e9ded6d0 Implicit null exception at 0x000002d3f7a7c7d1 to 0x000002d3f7a81d3c
Event: 17.804 Thread 0x000002d3e9ded6d0 Implicit null exception at 0x000002d3f7b090d0 to 0x000002d3f7b0ec90
Event: 18.018 Thread 0x000002d3e9ded6d0 Implicit null exception at 0x000002d3f7b2cab1 to 0x000002d3f7b3282c
Event: 18.507 Thread 0x000002d3e9ded6d0 Implicit null exception at 0x000002d3f791dee3 to 0x000002d3f791e3b1
Event: 18.507 Thread 0x000002d3e9ded6d0 Implicit null exception at 0x000002d3f6fffc20 to 0x000002d3f6fffcfb
Event: 18.926 Thread 0x000002d3e9ded6d0 Implicit null exception at 0x000002d3f76efca7 to 0x000002d3f76efdbd
Event: 30.192 Thread 0x000002d3e9ded6d0 Implicit null exception at 0x000002d3f7ea77e3 to 0x000002d3f7ea8134
Event: 31.571 Thread 0x000002d3e9ded6d0 Implicit null exception at 0x000002d3f7b861b5 to 0x000002d3f7b8644c
Event: 31.746 Thread 0x000002d3e9ded6d0 Implicit null exception at 0x000002d3f74985b1 to 0x000002d3f749be10

ZGC Phase Switch (0 events):
No events

VM Operations (20 events):
Event: 30.938 Executing safepoint VM operation: G1CollectForAllocation (G1 Evacuation Pause) done
Event: 31.519 Executing safepoint VM operation: ICBufferFull
Event: 31.520 Executing safepoint VM operation: ICBufferFull done
Event: 31.650 Executing safepoint VM operation: ICBufferFull
Event: 31.650 Executing safepoint VM operation: ICBufferFull done
Event: 31.884 Executing safepoint VM operation: ICBufferFull
Event: 31.884 Executing safepoint VM operation: ICBufferFull done
Event: 31.958 Executing safepoint VM operation: G1CollectForAllocation (G1 Evacuation Pause)
Event: 31.980 Executing safepoint VM operation: G1CollectForAllocation (G1 Evacuation Pause) done
Event: 32.178 Executing non-safepoint VM operation: HandshakeAllThreads (Deoptimize)
Event: 32.178 Executing non-safepoint VM operation: HandshakeAllThreads (Deoptimize) done
Event: 32.246 Executing safepoint VM operation: ICBufferFull
Event: 32.246 Executing safepoint VM operation: ICBufferFull done
Event: 32.422 Executing non-safepoint VM operation: HandshakeAllThreads (Deoptimize)
Event: 32.422 Executing non-safepoint VM operation: HandshakeAllThreads (Deoptimize) done
Event: 32.427 Executing safepoint VM operation: ICBufferFull
Event: 32.427 Executing safepoint VM operation: ICBufferFull done
Event: 32.439 Executing non-safepoint VM operation: HandshakeAllThreads (Deoptimize)
Event: 32.439 Executing non-safepoint VM operation: HandshakeAllThreads (Deoptimize) done
Event: 32.699 Executing safepoint VM operation: G1CollectForAllocation (G1 Evacuation Pause)

Memory protections (0 events):
No events

Nmethod flushes (20 events):
Event: 30.124 Thread 0x000002d3860f4690 flushing  nmethod 0x000002d3f140b590
Event: 30.124 Thread 0x000002d3860f4690 flushing  nmethod 0x000002d3f140b910
Event: 30.124 Thread 0x000002d3860f4690 flushing  nmethod 0x000002d3f14e8810
Event: 30.124 Thread 0x000002d3860f4690 flushing  nmethod 0x000002d3f153e010
Event: 30.124 Thread 0x000002d3860f4690 flushing  nmethod 0x000002d3f1549090
Event: 30.124 Thread 0x000002d3860f4690 flushing  nmethod 0x000002d3f154ee90
Event: 30.124 Thread 0x000002d3860f4690 flushing  nmethod 0x000002d3f1577b90
Event: 30.124 Thread 0x000002d3860f4690 flushing  nmethod 0x000002d3f157b290
Event: 30.124 Thread 0x000002d3860f4690 flushing  nmethod 0x000002d3f1673810
Event: 30.124 Thread 0x000002d3860f4690 flushing  nmethod 0x000002d3f171ee90
Event: 30.124 Thread 0x000002d3860f4690 flushing  nmethod 0x000002d3f1731890
Event: 30.124 Thread 0x000002d3860f4690 flushing  nmethod 0x000002d3f17c1710
Event: 30.124 Thread 0x000002d3860f4690 flushing  nmethod 0x000002d3f17c2590
Event: 30.124 Thread 0x000002d3860f4690 flushing  nmethod 0x000002d3f1a1f310
Event: 30.124 Thread 0x000002d3860f4690 flushing  nmethod 0x000002d3f1a25990
Event: 30.124 Thread 0x000002d3860f4690 flushing  nmethod 0x000002d3f1b30410
Event: 30.124 Thread 0x000002d3860f4690 flushing  nmethod 0x000002d3f1cf4890
Event: 30.124 Thread 0x000002d3860f4690 flushing  nmethod 0x000002d3f1cf9490
Event: 30.124 Thread 0x000002d3860f4690 flushing  nmethod 0x000002d3f1cf9890
Event: 30.124 Thread 0x000002d3860f4690 flushing  nmethod 0x000002d3f1cff910

Events (20 events):
Event: 0.055 Thread 0x000002d3e9ded6d0 Thread added: 0x000002d38614de10
Event: 0.056 Thread 0x000002d3e9ded6d0 Thread added: 0x000002d38614a2f0
Event: 0.056 Thread 0x000002d3e9ded6d0 Thread added: 0x000002d38614ad50
Event: 0.056 Thread 0x000002d3e9ded6d0 Thread added: 0x000002d386182340
Event: 0.056 Thread 0x000002d3e9ded6d0 Thread added: 0x000002d386182da0
Event: 0.056 Thread 0x000002d3e9ded6d0 Thread added: 0x000002d386183d90
Event: 0.056 Thread 0x000002d3e9ded6d0 Thread added: 0x000002d3861715e0
Event: 0.085 Thread 0x000002d3e9ded6d0 Thread added: 0x000002d3863171f0
Event: 0.095 Loaded shared library C:\Program Files\Android\Android Studio\jbr\bin\net.dll
Event: 0.097 Loaded shared library C:\Program Files\Android\Android Studio\jbr\bin\nio.dll
Event: 0.110 Thread 0x000002d386183d90 Thread added: 0x000002d3863863e0
Event: 0.120 Loaded shared library C:\Program Files\Android\Android Studio\jbr\bin\zip.dll
Event: 0.141 Loaded shared library C:\Program Files\Android\Android Studio\jbr\bin\jimage.dll
Event: 0.229 Thread 0x000002d386183d90 Thread added: 0x000002d386628430
Event: 10.744 Thread 0x000002d386628430 Thread exited: 0x000002d386628430
Event: 11.201 Thread 0x000002d3861715e0 Thread added: 0x000002d38e9481d0
Event: 26.545 Thread 0x000002d38e9481d0 Thread exited: 0x000002d38e9481d0
Event: 26.687 Thread 0x000002d3863863e0 Thread added: 0x000002d38daf0b60
Event: 30.431 Thread 0x000002d38daf0b60 Thread exited: 0x000002d38daf0b60
Event: 32.186 Thread 0x000002d3861715e0 Thread added: 0x000002d38daf0b60


Dynamic libraries:
0x00007ff6f67b0000 - 0x00007ff6f67ba000 	C:\Program Files\Android\Android Studio\jbr\bin\java.exe
0x00007fff43d70000 - 0x00007fff43f88000 	C:\Windows\SYSTEM32\ntdll.dll
0x00007fff427f0000 - 0x00007fff428b4000 	C:\Windows\System32\KERNEL32.DLL
0x00007fff40ff0000 - 0x00007fff413c3000 	C:\Windows\System32\KERNELBASE.dll
0x00007fff41690000 - 0x00007fff417a1000 	C:\Windows\System32\ucrtbase.dll
0x00007fff1c560000 - 0x00007fff1c578000 	C:\Program Files\Android\Android Studio\jbr\bin\jli.dll
0x00007fff23ec0000 - 0x00007fff23edb000 	C:\Program Files\Android\Android Studio\jbr\bin\VCRUNTIME140.dll
0x00007fff43a40000 - 0x00007fff43bf2000 	C:\Windows\System32\USER32.dll
0x00007fff313c0000 - 0x00007fff3165c000 	C:\Windows\WinSxS\amd64_microsoft.windows.common-controls_6595b64144ccf1df_6.0.22621.6060_none_2712eda17382d24b\COMCTL32.dll
0x00007fff41400000 - 0x00007fff41426000 	C:\Windows\System32\win32u.dll
0x00007fff41bf0000 - 0x00007fff41c97000 	C:\Windows\System32\msvcrt.dll
0x00007fff43970000 - 0x00007fff43999000 	C:\Windows\System32\GDI32.dll
0x00007fff41430000 - 0x00007fff4154b000 	C:\Windows\System32\gdi32full.dll
0x00007fff41970000 - 0x00007fff41a0a000 	C:\Windows\System32\msvcp_win.dll
0x00007fff41d60000 - 0x00007fff41d91000 	C:\Windows\System32\IMM32.DLL
0x00007fff3cc10000 - 0x00007fff3cc1c000 	C:\Program Files\Android\Android Studio\jbr\bin\vcruntime140_1.dll
0x00007fff09730000 - 0x00007fff097bd000 	C:\Program Files\Android\Android Studio\jbr\bin\msvcp140.dll
0x00007ffefe150000 - 0x00007ffefede6000 	C:\Program Files\Android\Android Studio\jbr\bin\server\jvm.dll
0x00007fff43c70000 - 0x00007fff43d21000 	C:\Windows\System32\ADVAPI32.dll
0x00007fff438c0000 - 0x00007fff43968000 	C:\Windows\System32\sechost.dll
0x00007fff413d0000 - 0x00007fff413f8000 	C:\Windows\System32\bcrypt.dll
0x00007fff42140000 - 0x00007fff42258000 	C:\Windows\System32\RPCRT4.dll
0x00007fff439a0000 - 0x00007fff43a11000 	C:\Windows\System32\WS2_32.dll
0x00007fff40d50000 - 0x00007fff40d9d000 	C:\Windows\SYSTEM32\POWRPROF.dll
0x00007fff39300000 - 0x00007fff39334000 	C:\Windows\SYSTEM32\WINMM.dll
0x00007fff3b250000 - 0x00007fff3b25a000 	C:\Windows\SYSTEM32\VERSION.dll
0x00007fff40d30000 - 0x00007fff40d43000 	C:\Windows\SYSTEM32\UMPDC.dll
0x00007fff3fe60000 - 0x00007fff3fe78000 	C:\Windows\SYSTEM32\kernel.appcore.dll
0x00007fff3c040000 - 0x00007fff3c04a000 	C:\Program Files\Android\Android Studio\jbr\bin\jimage.dll
0x00007fff30f70000 - 0x00007fff311a3000 	C:\Windows\SYSTEM32\DBGHELP.DLL
0x00007fff428c0000 - 0x00007fff42c51000 	C:\Windows\System32\combase.dll
0x00007fff41b10000 - 0x00007fff41be8000 	C:\Windows\System32\OLEAUT32.dll
0x00007fff26930000 - 0x00007fff26962000 	C:\Windows\SYSTEM32\dbgcore.DLL
0x00007fff418f0000 - 0x00007fff4196b000 	C:\Windows\System32\bcryptPrimitives.dll
0x00007fff236f0000 - 0x00007fff23710000 	C:\Program Files\Android\Android Studio\jbr\bin\java.dll
0x00007fff236d0000 - 0x00007fff236e8000 	C:\Program Files\Android\Android Studio\jbr\bin\zip.dll
0x00007fff43020000 - 0x00007fff438bc000 	C:\Windows\System32\SHELL32.dll
0x00007fff41550000 - 0x00007fff4168f000 	C:\Windows\System32\wintypes.dll
0x00007fff3ed80000 - 0x00007fff3f69a000 	C:\Windows\SYSTEM32\windows.storage.dll
0x00007fff426e0000 - 0x00007fff427e4000 	C:\Windows\System32\SHCORE.dll
0x00007fff43c00000 - 0x00007fff43c69000 	C:\Windows\System32\shlwapi.dll
0x00007fff40db0000 - 0x00007fff40dd5000 	C:\Windows\SYSTEM32\profapi.dll
0x00007fff3adb0000 - 0x00007fff3adc0000 	C:\Program Files\Android\Android Studio\jbr\bin\net.dll
0x00007fff3b590000 - 0x00007fff3b6bc000 	C:\Windows\SYSTEM32\WINHTTP.dll
0x00007fff40340000 - 0x00007fff403a9000 	C:\Windows\system32\mswsock.dll
0x00007fff236b0000 - 0x00007fff236c6000 	C:\Program Files\Android\Android Studio\jbr\bin\nio.dll
0x00007fff23b40000 - 0x00007fff23b50000 	C:\Program Files\Android\Android Studio\jbr\bin\verify.dll

JVMTI agents: none

dbghelp: loaded successfully - version: 4.0.5 - missing functions: none
symbol engine: initialized successfully - sym options: 0x614 - pdb path: .;C:\Program Files\Android\Android Studio\jbr\bin;C:\Windows\SYSTEM32;C:\Windows\WinSxS\amd64_microsoft.windows.common-controls_6595b64144ccf1df_6.0.22621.6060_none_2712eda17382d24b;C:\Program Files\Android\Android Studio\jbr\bin\server

VM Arguments:
java_command: org.jetbrains.kotlin.cli.jvm.K2JVMCompiler @D:\github\OQPAY-FinanceAndroidApplication\app\build\20260624_3496392216367231780.compiler.options
java_class_path (initial): C:\Users\Annu pc\.gradle\caches\modules-2\files-2.1\org.jetbrains.kotlin\kotlin-compiler-embeddable\1.9.0\2c8c3a7402becca891f12739b3e9fd2dc2adbd7a\kotlin-compiler-embeddable-1.9.0.jar;C:\Users\Annu pc\.gradle\caches\modules-2\files-2.1\org.jetbrains.kotlin\kotlin-stdlib\1.9.0\8ee15ef0c67dc83d874f412d84378d7f0eb50b63\kotlin-stdlib-1.9.0.jar;C:\Users\Annu pc\.gradle\caches\modules-2\files-2.1\org.jetbrains.kotlin\kotlin-script-runtime\1.9.0\4b3102cbbb7e1b58d9d1adf89563f00069ffa7d1\kotlin-script-runtime-1.9.0.jar;C:\Users\Annu pc\.gradle\caches\modules-2\files-2.1\org.jetbrains.kotlin\kotlin-reflect\1.6.10\1cbe9c92c12a94eea200d23c2bbaedaf3daf5132\kotlin-reflect-1.6.10.jar;C:\Users\Annu pc\.gradle\caches\modules-2\files-2.1\org.jetbrains.kotlin\kotlin-daemon-embeddable\1.9.0\186543f5e28cf8d9a0290fecc2cf34301c40a65c\kotlin-daemon-embeddable-1.9.0.jar;C:\Users\Annu pc\.gradle\caches\modules-2\files-2.1\org.jetbrains.intellij.deps\trove4j\1.0.20200330\3afb14d5f9ceb459d724e907a21145e8ff394f02\trove4j-1.0.20200330.jar;C:\Users\Annu pc\.gradle\caches\modules-2\files-2.1\org.jetbrains.kotlin\kotlin-stdlib-common\1.9.0\cd65c21cfd1eec4d44ef09f9f52b6d9f8a720636\kotlin-stdlib-common-1.9.0.jar;C:\Users\Annu pc\.gradle\caches\modules-2\files-2.1\org.jetbrains\annotations\13.0\919f0dfe192fb4e063e7dacadee7f8bb9a2672a9\annotations-13.0.jar
Launcher Type: SUN_STANDARD

[Global flags]
     intx CICompilerCount                          = 4                                         {product} {ergonomic}
     uint ConcGCThreads                            = 2                                         {product} {ergonomic}
     uint G1ConcRefinementThreads                  = 8                                         {product} {ergonomic}
   size_t G1HeapRegionSize                         = 2097152                                   {product} {ergonomic}
    uintx GCDrainStackTargetSize                   = 64                                        {product} {ergonomic}
   size_t InitialHeapSize                          = 268435456                                 {product} {ergonomic}
   size_t MarkStackSize                            = 4194304                                   {product} {ergonomic}
   size_t MaxHeapSize                              = 4273995776                                {product} {ergonomic}
   size_t MaxNewSize                               = 2562719744                                {product} {ergonomic}
   size_t MinHeapDeltaBytes                        = 2097152                                   {product} {ergonomic}
   size_t MinHeapSize                              = 8388608                                   {product} {ergonomic}
    uintx NonNMethodCodeHeapSize                   = 5839372                                {pd product} {ergonomic}
    uintx NonProfiledCodeHeapSize                  = 122909434                              {pd product} {ergonomic}
    uintx ProfiledCodeHeapSize                     = 122909434                              {pd product} {ergonomic}
    uintx ReservedCodeCacheSize                    = 251658240                              {pd product} {ergonomic}
     bool SegmentedCodeCache                       = true                                      {product} {ergonomic}
   size_t SoftMaxHeapSize                          = 4273995776                             {manageable} {ergonomic}
     bool UseCompressedOops                        = true                           {product lp64_product} {ergonomic}
     bool UseG1GC                                  = true                                      {product} {ergonomic}
     bool UseLargePagesIndividualAllocation        = false                                  {pd product} {ergonomic}

Logging:
Log output configuration:
 #0: stdout all=warning uptime,level,tags foldmultilines=false
 #1: stderr all=off uptime,level,tags foldmultilines=false

Release file:
JAVA_VERSION="21.0.10" 
MODULES="java.base java.compiler java.datatransfer java.xml java.prefs java.desktop java.instrument java.logging java.management java.security.sasl java.naming java.rmi java.management.rmi java.net.http java.scripting java.security.jgss java.transaction.xa java.sql java.sql.rowset java.xml.crypto java.se java.smartcardio jdk.accessibility jdk.internal.jvmstat jdk.attach jdk.charsets jdk.internal.opt jdk.zipfs jdk.compiler jdk.crypto.ec jdk.crypto.cryptoki jdk.dynalink jdk.hotspot.agent jdk.httpserver jdk.internal.ed jdk.internal.le jdk.internal.vm.ci jdk.jartool jdk.javadoc jdk.jcmd jdk.jdeps jdk.jdwp.agent jdk.jdi jdk.jfr jdk.jlink jdk.jsobject jdk.localedata jdk.management jdk.management.agent jdk.management.jfr jdk.naming.dns jdk.naming.rmi jdk.net jdk.sctp jdk.security.auth jdk.security.jgss jdk.unsupported jdk.unsupported.desktop jdk.xml.dom" 
IMPLEMENTOR="JetBrains s.r.o." 
JAVA_RUNTIME_VERSION="21.0.10+-14961533-b1163.108" 
LIBC="default" 
OS_ARCH="x86_64" 
OS_NAME="Windows" 
SOURCE=".:git:1351622c2ff2" 

Environment Variables:
JAVA_HOME=C:\Program Files\Eclipse Adoptium\jdk-17.0.18.8-hotspot
PATH=C:\Program Files\Eclipse Adoptium\jdk-17.0.18.8-hotspot\bin;C:\Program Files\Eclipse Adoptium\jdk-25.0.2.10-hotspot\bin;C:\Program Files\Common Files\Oracle\Java\javapath;C:\Windows\system32;C:\Windows;C:\Windows\System32\Wbem;C:\Windows\System32\WindowsPowerShell\v1.0\;C:\Windows\System32\OpenSSH\;C:\Program Files\Git\cmd;C:\bazel\;C:\Users\Annu pc\AppData\Local\Microsoft\WindowsApps;C:\ProgramData\Annu pc\GitHubDesktop\bin
USERNAME=Annu pc
OS=Windows_NT
PROCESSOR_IDENTIFIER=Intel64 Family 6 Model 94 Stepping 3, GenuineIntel
TMP=C:\Users\ANNUPC~1\AppData\Local\Temp
TEMP=C:\Users\ANNUPC~1\AppData\Local\Temp




Periodic native trim disabled

JNI global refs:
JNI global refs: 13, weak refs: 19

JNI global refs memory usage: 835, weak refs: 833

Process memory usage:
Resident Set Size: 728936K (4% of 16692172K total physical memory with 2363984K free physical memory)

OOME stack traces (most recent first):
Classloader memory used:
Loader jdk.internal.loader.ClassLoaders$AppClassLoader                                 : 64004K
Loader bootstrap                                                                       : 13666K

---------------  S Y S T E M  ---------------

OS:
 Windows 11 , 64 bit Build 22621 (10.0.22621.5415)
OS uptime: 4 days 1:02 hours

CPU: total 8 (initial active 8) (4 cores per cpu, 2 threads per core) family 6 model 94 stepping 3 microcode 0xd6, cx8, cmov, fxsr, ht, mmx, 3dnowpref, sse, sse2, sse3, ssse3, sse4.1, sse4.2, popcnt, lzcnt, tsc, tscinvbit, avx, avx2, aes, erms, clmul, bmi1, bmi2, rtm, adx, fma, vzeroupper, clflush, clflushopt, rdtscp, f16c
Processor Information for the first 8 processors :
  Max Mhz: 3408, Current Mhz: 3408, Mhz Limit: 3408

Memory: 4k page, system-wide physical 16300M (2308M free)
TotalPageFile size 34940M (AvailPageFile size 38M)
current process WorkingSet (physical memory assigned to process): 711M, peak: 711M
current process commit charge ("private bytes"): 752M, peak: 839M

vm_info: OpenJDK 64-Bit Server VM (21.0.10+-14961533-b1163.108) for windows-amd64 JRE (21.0.10+-14961533-b1163.108), built on 2026-03-02T19:58:50Z by "builder" with MS VC++ 16.10 / 16.11 (VS2019)

END.
