#
# There is insufficient memory for the Java Runtime Environment to continue.
# Native memory allocation (mmap) failed to map 268435456 bytes. Error detail: G1 virtual space
# Possible reasons:
#   The system is out of physical RAM or swap space
#   This process is running with CompressedOops enabled, and the Java Heap may be blocking the growth of the native heap
# Possible solutions:
#   Reduce memory load on the system
#   Increase physical memory or swap space
#   Check if swap backing store is full
#   Decrease Java heap size (-Xmx/-Xms)
#   Decrease number of Java threads
#   Decrease Java thread stack sizes (-Xss)
#   Set larger code cache with -XX:ReservedCodeCacheSize=
#   JVM is running with Zero Based Compressed Oops mode in which the Java heap is
#     placed in the first 32GB address space. The Java Heap base address is the
#     maximum limit for the native heap growth. Please use -XX:HeapBaseMinAddress
#     to set the Java Heap base and to place the Java Heap above 32GB virtual address.
# This output file may be truncated or incomplete.
#
#  Out of Memory Error (os_windows.cpp:3926), pid=12856, tid=6600
#
# JRE version:  (21.0.10) (build )
# Java VM: OpenJDK 64-Bit Server VM (21.0.10+-14961533-b1163.108, mixed mode, sharing, tiered, compressed oops, compressed class ptrs, g1 gc, windows-amd64)
# No core dump will be written. Minidumps are not enabled by default on client versions of Windows
#

---------------  S U M M A R Y ------------

Command Line: git4idea.http.GitAskPassApp Username for 'https://github.com': 

Host: Intel(R) Core(TM) i7-6700 CPU @ 3.40GHz, 8 cores, 15G,  Windows 11 , 64 bit Build 22621 (10.0.22621.5415)
Time: Thu Apr 30 13:44:39 2026 India Standard Time elapsed time: 0.010898 seconds (0d 0h 0m 0s)

---------------  T H R E A D  ---------------

Current thread (0x000001d18cb31a10):  JavaThread "Unknown thread" [_thread_in_vm, id=6600, stack(0x0000000f58f00000,0x0000000f59000000) (1024K)]

Stack: [0x0000000f58f00000,0x0000000f59000000]
Native frames: (J=compiled Java code, j=interpreted, Vv=VM code, C=native code)
V  [jvm.dll+0x6d78a9]
V  [jvm.dll+0x8665b3]
V  [jvm.dll+0x868bde]
V  [jvm.dll+0x8692c3]
V  [jvm.dll+0x280ee6]
V  [jvm.dll+0x6d4165]
V  [jvm.dll+0x6c77fa]
V  [jvm.dll+0x358f4b]
V  [jvm.dll+0x360bc6]
V  [jvm.dll+0x3b2ea6]
V  [jvm.dll+0x3b3178]
V  [jvm.dll+0x32b65c]
V  [jvm.dll+0x32c34b]
V  [jvm.dll+0x82f449]
V  [jvm.dll+0x3c0078]
V  [jvm.dll+0x8185e8]
V  [jvm.dll+0x45449e]
V  [jvm.dll+0x455c01]
C  [jli.dll+0x52ab]
C  [ucrtbase.dll+0x29333]
C  [KERNEL32.DLL+0x1259d]
C  [ntdll.dll+0x5af78]


---------------  P R O C E S S  ---------------

Threads class SMR info:
_java_thread_list=0x00007ffc61ffb9c8, length=0, elements={
}

Java Threads: ( => current thread )
Total: 0

Other Threads:
  0x000001d18ee60580 WorkerThread "GC Thread#0"                     [id=10760, stack(0x0000000f59000000,0x0000000f59100000) (1024K)]
  0x000001d18ee71dd0 ConcurrentGCThread "G1 Main Marker"            [id=13940, stack(0x0000000f59100000,0x0000000f59200000) (1024K)]
  0x000001d18ee728e0 WorkerThread "G1 Conc#0"                       [id=8280, stack(0x0000000f59200000,0x0000000f59300000) (1024K)]

[error occurred during error reporting (printing all threads), id 0xc0000005, EXCEPTION_ACCESS_VIOLATION (0xc0000005) at pc=0x00007ffc617ee637]
VM state: not at safepoint (not fully initialized)

VM Mutex/Monitor currently owned by a thread:  ([mutex/lock_event])
[0x00007ffc620687d0] Heap_lock - owner thread: 0x000001d18cb31a10

Heap address: 0x0000000700a00000, size: 4086 MB, Compressed Oops mode: Zero based, Oop shift amount: 3

CDS archive(s) mapped at: [0x0000000000000000-0x0000000000000000-0x0000000000000000), size 0, SharedBaseAddress: 0x0000000800000000, ArchiveRelocationMode: 1.
Narrow klass base: 0x0000000000000000, Narrow klass shift: 0, Narrow klass range: 0x0

GC Precious Log:
 CardTable entry size: 512
 Card Set container configuration: InlinePtr #cards 4 size 8 Array Of Cards #cards 16 size 48 Howl #buckets 8 coarsen threshold 3686 Howl Bitmap #cards 512 size 80 coarsen threshold 460 Card regions per heap region 1 cards per card region 4096

Heap:
 garbage-first heap   total 0K, used 0K [0x0000000700a00000, 0x0000000800000000)
  region size 2048K, 0 young (0K), 0 survivors (0K)
 Metaspace       used 0K, committed 0K, reserved 0K
  class space    used 0K, committed 0K, reserved 0K

Heap Regions: E=young(eden), S=young(survivor), O=old, HS=humongous(starts), HC=humongous(continues), CS=collection set, F=free, TAMS=top-at-mark-start, PB=parsable bottom

Card table byte_map: [0x000001d1a1a90000,0x000001d1a2290000] _byte_map_base: 0x000001d19e28b000

Marking Bits: (CMBitMap*) 0x000001d18ee60c90
 Bits: [0x000001d1a2290000, 0x000001d1a6268000)

GC Heap History (0 events):
No events

Dll operation events (1 events):
Event: 0.007 Loaded shared library C:\Program Files\Android\Android Studio\jbr\bin\java.dll

Deoptimization events (0 events):
No events

Classes loaded (0 events):
No events

Classes unloaded (0 events):
No events

Classes redefined (0 events):
No events

Internal exceptions (0 events):
No events

ZGC Phase Switch (0 events):
No events

VM Operations (0 events):
No events

Memory protections (0 events):
No events

Nmethod flushes (0 events):
No events

Events (0 events):
No events


Dynamic libraries:
0x00007ff7858f0000 - 0x00007ff7858fa000 	C:\Program Files\Android\Android Studio\jbr\bin\java.exe
0x00007ffccde70000 - 0x00007ffcce088000 	C:\Windows\SYSTEM32\ntdll.dll
0x00007ffccbb40000 - 0x00007ffccbc04000 	C:\Windows\System32\KERNEL32.DLL
0x00007ffccb2a0000 - 0x00007ffccb673000 	C:\Windows\System32\KERNELBASE.dll
0x00007ffccb9f0000 - 0x00007ffccbb01000 	C:\Windows\System32\ucrtbase.dll
0x00007ffcb8470000 - 0x00007ffcb8488000 	C:\Program Files\Android\Android Studio\jbr\bin\jli.dll
0x00007ffcbe760000 - 0x00007ffcbe77b000 	C:\Program Files\Android\Android Studio\jbr\bin\VCRUNTIME140.dll
0x00007ffccbf80000 - 0x00007ffccc132000 	C:\Windows\System32\USER32.dll
0x00007ffccb680000 - 0x00007ffccb6a6000 	C:\Windows\System32\win32u.dll
0x00007ffccc140000 - 0x00007ffccc169000 	C:\Windows\System32\GDI32.dll
0x00007ffccb6b0000 - 0x00007ffccb7cb000 	C:\Windows\System32\gdi32full.dll
0x00007ffcb1ed0000 - 0x00007ffcb216c000 	C:\Windows\WinSxS\amd64_microsoft.windows.common-controls_6595b64144ccf1df_6.0.22621.6060_none_2712eda17382d24b\COMCTL32.dll
0x00007ffccb140000 - 0x00007ffccb1da000 	C:\Windows\System32\msvcp_win.dll
0x00007ffccc3c0000 - 0x00007ffccc467000 	C:\Windows\System32\msvcrt.dll
0x00007ffccbe30000 - 0x00007ffccbe61000 	C:\Windows\System32\IMM32.DLL
0x00007ffcbe780000 - 0x00007ffcbe78c000 	C:\Program Files\Android\Android Studio\jbr\bin\vcruntime140_1.dll
0x00007ffcb83e0000 - 0x00007ffcb846d000 	C:\Program Files\Android\Android Studio\jbr\bin\msvcp140.dll
0x00007ffc614b0000 - 0x00007ffc62146000 	C:\Program Files\Android\Android Studio\jbr\bin\server\jvm.dll
0x00007ffccbc10000 - 0x00007ffccbcc1000 	C:\Windows\System32\ADVAPI32.dll
0x00007ffccd7f0000 - 0x00007ffccd898000 	C:\Windows\System32\sechost.dll
0x00007ffccb9c0000 - 0x00007ffccb9e8000 	C:\Windows\System32\bcrypt.dll
0x00007ffccc590000 - 0x00007ffccc6a8000 	C:\Windows\System32\RPCRT4.dll
0x00007ffccbe90000 - 0x00007ffccbf01000 	C:\Windows\System32\WS2_32.dll
0x00007ffcc9dd0000 - 0x00007ffcc9e1d000 	C:\Windows\SYSTEM32\POWRPROF.dll
0x00007ffcc26e0000 - 0x00007ffcc2714000 	C:\Windows\SYSTEM32\WINMM.dll
0x00007ffcc8be0000 - 0x00007ffcc8bea000 	C:\Windows\SYSTEM32\VERSION.dll
0x00007ffcc9db0000 - 0x00007ffcc9dc3000 	C:\Windows\SYSTEM32\UMPDC.dll
0x00007ffcca050000 - 0x00007ffcca068000 	C:\Windows\SYSTEM32\kernel.appcore.dll
0x00007ffcb6880000 - 0x00007ffcb688a000 	C:\Program Files\Android\Android Studio\jbr\bin\jimage.dll
0x00007ffcb6da0000 - 0x00007ffcb6fd3000 	C:\Windows\SYSTEM32\DBGHELP.DLL
0x00007ffccd8a0000 - 0x00007ffccdc31000 	C:\Windows\System32\combase.dll
0x00007ffccc170000 - 0x00007ffccc248000 	C:\Windows\System32\OLEAUT32.dll
0x00007ffcb6d60000 - 0x00007ffcb6d92000 	C:\Windows\SYSTEM32\dbgcore.DLL
0x00007ffccb940000 - 0x00007ffccb9bb000 	C:\Windows\System32\bcryptPrimitives.dll
0x00007ffcbe740000 - 0x00007ffcbe760000 	C:\Program Files\Android\Android Studio\jbr\bin\java.dll

JVMTI agents: none

dbghelp: loaded successfully - version: 4.0.5 - missing functions: none
symbol engine: initialized successfully - sym options: 0x614 - pdb path: .;C:\Program Files\Android\Android Studio\jbr\bin;C:\Windows\SYSTEM32;C:\Windows\WinSxS\amd64_microsoft.windows.common-controls_6595b64144ccf1df_6.0.22621.6060_none_2712eda17382d24b;C:\Program Files\Android\Android Studio\jbr\bin\server

VM Arguments:
java_command: git4idea.http.GitAskPassApp Username for 'https://github.com': 
java_class_path (initial): C:/Program Files/Android/Android Studio/plugins/vcs-git/lib/git4idea-rt.jar;C:/Program Files/Android/Android Studio/lib/externalProcess-rt.jar
Launcher Type: SUN_STANDARD

[Global flags]
     intx CICompilerCount                          = 4                                         {product} {ergonomic}
     uint ConcGCThreads                            = 2                                         {product} {ergonomic}
     uint G1ConcRefinementThreads                  = 8                                         {product} {ergonomic}
   size_t G1HeapRegionSize                         = 2097152                                   {product} {ergonomic}
    uintx GCDrainStackTargetSize                   = 64                                        {product} {ergonomic}
   size_t InitialHeapSize                          = 268435456                                 {product} {ergonomic}
   size_t MarkStackSize                            = 4194304                                   {product} {ergonomic}
   size_t MaxHeapSize                              = 4284481536                                {product} {ergonomic}
   size_t MinHeapDeltaBytes                        = 2097152                                   {product} {ergonomic}
   size_t MinHeapSize                              = 8388608                                   {product} {ergonomic}
    uintx NonNMethodCodeHeapSize                   = 5839372                                {pd product} {ergonomic}
    uintx NonProfiledCodeHeapSize                  = 122909434                              {pd product} {ergonomic}
    uintx ProfiledCodeHeapSize                     = 122909434                              {pd product} {ergonomic}
    uintx ReservedCodeCacheSize                    = 251658240                              {pd product} {ergonomic}
     bool SegmentedCodeCache                       = true                                      {product} {ergonomic}
   size_t SoftMaxHeapSize                          = 4284481536                             {manageable} {ergonomic}
     bool UseCompressedOops                        = true                           {product lp64_product} {ergonomic}
     bool UseG1GC                                  = true                                      {product} {ergonomic}
     bool UseLargePagesIndividualAllocation        = false                                  {pd product} {ergonomic}

Logging:
Log output configuration:
 #0: stdout all=warning uptime,level,tags foldmultilines=false
 #1: stderr all=off uptime,level,tags foldmultilines=false

Release file:
<release file has not been read>
Environment Variables:
JAVA_HOME=C:\Program Files\Eclipse Adoptium\jdk-17.0.18.8-hotspot
PATH=C:\Program Files\Git\mingw64\libexec\git-core;C:\Program Files\Git\mingw64\libexec\git-core;C:\Program Files\Git\mingw64\bin;C:\Program Files\Git\usr\bin;C:\Users\Annu pc\bin;C:\Program Files\Eclipse Adoptium\jdk-17.0.18.8-hotspot\bin;C:\Program Files\Eclipse Adoptium\jdk-25.0.2.10-hotspot\bin;C:\Program Files\Common Files\Oracle\Java\javapath;C:\Windows\system32;C:\Windows;C:\Windows\System32\Wbem;C:\Windows\System32\WindowsPowerShell\v1.0;C:\Windows\System32\OpenSSH;C:\Program Files\Git\cmd;C:\bazel;C:\Users\Annu pc\AppData\Local\Microsoft\WindowsApps
USERNAME=Annu pc
DISPLAY=:0.0
LC_ALL=en_US.UTF-8
TERM=xterm-256color
TMPDIR=C:\Users\ANNUPC~1\AppData\Local\Temp
OS=Windows_NT
PROCESSOR_IDENTIFIER=Intel64 Family 6 Model 94 Stepping 3, GenuineIntel
TMP=C:\Users\ANNUPC~1\AppData\Local\Temp
TEMP=C:\Users\ANNUPC~1\AppData\Local\Temp




Periodic native trim disabled

JNI global refs:
JNI global refs: 0, weak refs: 0

JNI global refs memory usage: 0, weak refs: 0

Process memory usage:
Resident Set Size: 11772K (0% of 16733100K total physical memory with 6235400K free physical memory)

OOME stack traces (most recent first):
Classloader memory used:

---------------  S Y S T E M  ---------------

OS:
 Windows 11 , 64 bit Build 22621 (10.0.22621.5415)
OS uptime: 6 days 2:14 hours

CPU: total 8 (initial active 8) (4 cores per cpu, 2 threads per core) family 6 model 94 stepping 3 microcode 0xd6, cx8, cmov, fxsr, ht, mmx, 3dnowpref, sse, sse2, sse3, ssse3, sse4.1, sse4.2, popcnt, lzcnt, tsc, tscinvbit, avx, avx2, aes, erms, clmul, bmi1, bmi2, rtm, adx, fma, vzeroupper, clflush, clflushopt, rdtscp, f16c
Processor Information for the first 8 processors :
  Max Mhz: 3408, Current Mhz: 3408, Mhz Limit: 3408

Memory: 4k page, system-wide physical 16340M (6089M free)
TotalPageFile size 34980M (AvailPageFile size 37M)
current process WorkingSet (physical memory assigned to process): 11M, peak: 11M
current process commit charge ("private bytes"): 60M, peak: 316M

vm_info: OpenJDK 64-Bit Server VM (21.0.10+-14961533-b1163.108) for windows-amd64 JRE (21.0.10+-14961533-b1163.108), built on 2026-03-02T19:58:50Z by "builder" with MS VC++ 16.10 / 16.11 (VS2019)

END.
