#
# There is insufficient memory for the Java Runtime Environment to continue.
# Native memory allocation (malloc) failed to allocate 1678704 bytes. Error detail: Chunk::new
# Possible reasons:
#   The system is out of physical RAM or swap space
#   This process is running with CompressedOops enabled, and the Java Heap may be blocking the growth of the native heap
# Possible solutions:
#   Reduce memory load on the system
#   Increase physical memory or swap space
#   Check if swap backing store is full
#   Decrease Java heap size (-Xmx/-Xms)
#   Decrease number of Java threads
#   Decrease Java thread stack sizes (-Xss)
#   Set larger code cache with -XX:ReservedCodeCacheSize=
#   JVM is running with Zero Based Compressed Oops mode in which the Java heap is
#     placed in the first 32GB address space. The Java Heap base address is the
#     maximum limit for the native heap growth. Please use -XX:HeapBaseMinAddress
#     to set the Java Heap base and to place the Java Heap above 32GB virtual address.
# This output file may be truncated or incomplete.
#
#  Out of Memory Error (arena.cpp:168), pid=16480, tid=14448
#
# JRE version: OpenJDK Runtime Environment (21.0.10) (build 21.0.10+-14961533-b1163.108)
# Java VM: OpenJDK 64-Bit Server VM (21.0.10+-14961533-b1163.108, mixed mode, tiered, compressed oops, compressed class ptrs, g1 gc, windows-amd64)
# No core dump will be written. Minidumps are not enabled by default on client versions of Windows
#

---------------  S U M M A R Y ------------

Command Line: org.jetbrains.kotlin.cli.jvm.K2JVMCompiler @D:\github\OQPAY-FinanceAndroidApplication\app\build\20260624_16806055282084302024.compiler.options

Host: Intel(R) Core(TM) i7-6700 CPU @ 3.40GHz, 8 cores, 15G,  Windows 11 , 64 bit Build 22621 (10.0.22621.5415)
Time: Wed Jun 24 18:41:03 2026 India Standard Time elapsed time: 17.668630 seconds (0d 0h 0m 17s)

---------------  T H R E A D  ---------------

Current thread (0x00000247b3930a70):  JavaThread "C2 CompilerThread0" daemon [_thread_in_native, id=14448, stack(0x000000651c800000,0x000000651c900000) (1024K)]


Current CompileTask:
C2:17668 18137       4       org.jetbrains.kotlin.resolve.calls.tower.TowerResolver::run (19 bytes)

Stack: [0x000000651c800000,0x000000651c900000]
Native frames: (J=compiled Java code, j=interpreted, Vv=VM code, C=native code)
V  [jvm.dll+0x6d78a9]
V  [jvm.dll+0x8665b3]
V  [jvm.dll+0x868bde]
V  [jvm.dll+0x8692c3]
V  [jvm.dll+0x280ee6]
V  [jvm.dll+0xc07cd]
V  [jvm.dll+0xc0d03]
V  [jvm.dll+0x3ba0cb]
V  [jvm.dll+0x385df7]
V  [jvm.dll+0x38526a]
V  [jvm.dll+0x249bd2]
V  [jvm.dll+0x2491a1]
V  [jvm.dll+0x1c76e4]
V  [jvm.dll+0x25891e]
V  [jvm.dll+0x256e66]
V  [jvm.dll+0x3f513e]
V  [jvm.dll+0x80fd28]
V  [jvm.dll+0x6d60fd]
C  [ucrtbase.dll+0x29333]
C  [KERNEL32.DLL+0x1259d]
C  [ntdll.dll+0x5af78]


---------------  P R O C E S S  ---------------

Threads class SMR info:
_java_thread_list=0x00000247b827b3a0, length=13, elements={
0x000002479751f100, 0x00000247b38f4790, 0x00000247b38fbf00, 0x00000247b38f7880,
0x00000247b392a800, 0x00000247b392b260, 0x00000247b392dcd0, 0x00000247b3921ad0,
0x00000247b3930a70, 0x00000247b393e290, 0x00000247b3afbeb0, 0x00000247b3b84ba0,
0x00000247b8171060
}

Java Threads: ( => current thread )
  0x000002479751f100 JavaThread "main"                              [_thread_in_Java, id=9952, stack(0x000000651b900000,0x000000651ba00000) (1024K)]
  0x00000247b38f4790 JavaThread "Common-Cleaner"             daemon [_thread_blocked, id=18096, stack(0x000000651c100000,0x000000651c200000) (1024K)]
  0x00000247b38fbf00 JavaThread "Reference Handler"          daemon [_thread_blocked, id=15780, stack(0x000000651c200000,0x000000651c300000) (1024K)]
  0x00000247b38f7880 JavaThread "Finalizer"                  daemon [_thread_blocked, id=10168, stack(0x000000651c300000,0x000000651c400000) (1024K)]
  0x00000247b392a800 JavaThread "Signal Dispatcher"          daemon [_thread_blocked, id=2576, stack(0x000000651c400000,0x000000651c500000) (1024K)]
  0x00000247b392b260 JavaThread "Attach Listener"            daemon [_thread_blocked, id=2736, stack(0x000000651c500000,0x000000651c600000) (1024K)]
  0x00000247b392dcd0 JavaThread "Service Thread"             daemon [_thread_blocked, id=14828, stack(0x000000651c600000,0x000000651c700000) (1024K)]
  0x00000247b3921ad0 JavaThread "Monitor Deflation Thread"   daemon [_thread_blocked, id=6976, stack(0x000000651c700000,0x000000651c800000) (1024K)]
=>0x00000247b3930a70 JavaThread "C2 CompilerThread0"         daemon [_thread_in_native, id=14448, stack(0x000000651c800000,0x000000651c900000) (1024K)]
  0x00000247b393e290 JavaThread "C1 CompilerThread0"         daemon [_thread_in_vm, id=9212, stack(0x000000651c900000,0x000000651ca00000) (1024K)]
  0x00000247b3afbeb0 JavaThread "Notification Thread"        daemon [_thread_blocked, id=15392, stack(0x000000651ca00000,0x000000651cb00000) (1024K)]
  0x00000247b3b84ba0 JavaThread "C2 CompilerThread1"         daemon [_thread_in_native, id=11312, stack(0x000000651cb00000,0x000000651cc00000) (1024K)]
  0x00000247b8171060 JavaThread "C2 CompilerThread2"         daemon [_thread_in_native, id=15428, stack(0x000000651cc00000,0x000000651cd00000) (1024K)]
Total: 13

Other Threads:
  0x00000247b3763130 VMThread "VM Thread"                           [id=5828, stack(0x000000651c000000,0x000000651c100000) (1024K)]
  0x00000247b36ff4f0 WatcherThread "VM Periodic Task Thread"        [id=12316, stack(0x000000651bf00000,0x000000651c000000) (1024K)]
  0x00000247998ff890 WorkerThread "GC Thread#0"                     [id=9008, stack(0x000000651ba00000,0x000000651bb00000) (1024K)]
  0x00000247b8530860 WorkerThread "GC Thread#1"                     [id=8852, stack(0x000000651cd00000,0x000000651ce00000) (1024K)]
  0x00000247b8530c10 WorkerThread "GC Thread#2"                     [id=11212, stack(0x000000651ce00000,0x000000651cf00000) (1024K)]
  0x00000247b8530fc0 WorkerThread "GC Thread#3"                     [id=16268, stack(0x000000651cf00000,0x000000651d000000) (1024K)]
  0x00000247b85147e0 WorkerThread "GC Thread#4"                     [id=8880, stack(0x000000651d000000,0x000000651d100000) (1024K)]
  0x00000247b8514b90 WorkerThread "GC Thread#5"                     [id=9308, stack(0x000000651d100000,0x000000651d200000) (1024K)]
  0x00000247b8ec81f0 WorkerThread "GC Thread#6"                     [id=2416, stack(0x000000651d200000,0x000000651d300000) (1024K)]
  0x00000247b8dc7340 WorkerThread "GC Thread#7"                     [id=7788, stack(0x000000651d300000,0x000000651d400000) (1024K)]
  0x0000024799910fd0 ConcurrentGCThread "G1 Main Marker"            [id=1472, stack(0x000000651bb00000,0x000000651bc00000) (1024K)]
  0x0000024799912190 WorkerThread "G1 Conc#0"                       [id=7096, stack(0x000000651bc00000,0x000000651bd00000) (1024K)]
  0x00000247b8dc4b70 WorkerThread "G1 Conc#1"                       [id=14556, stack(0x000000651d400000,0x000000651d500000) (1024K)]
  0x000002479995e600 ConcurrentGCThread "G1 Refine#0"               [id=3680, stack(0x000000651bd00000,0x000000651be00000) (1024K)]
  0x00000247b35be2c0 ConcurrentGCThread "G1 Service"                [id=1696, stack(0x000000651be00000,0x000000651bf00000) (1024K)]
Total: 15

Threads with active compile tasks:
C2 CompilerThread0  17691 18137       4       org.jetbrains.kotlin.resolve.calls.tower.TowerResolver::run (19 bytes)
C1 CompilerThread0  17691 18184       3       org.jetbrains.kotlin.resolve.calls.smartcasts.DataFlowInfoImpl::or (362 bytes)
C2 CompilerThread1  17691 18115       4       org.jetbrains.kotlin.resolve.calls.components.ResolutionPartsKt::resolveKotlinArgument (572 bytes)
C2 CompilerThread2  17691 18181       4       org.jetbrains.kotlin.resolve.calls.checkers.CoroutineSuspendCallChecker::check (473 bytes)
Total: 4

VM state: not at safepoint (normal execution)

VM Mutex/Monitor currently owned by a thread: None

Heap address: 0x0000000701400000, size: 4076 MB, Compressed Oops mode: Zero based, Oop shift amount: 3

CDS archive(s) not mapped
Compressed class space mapped at: 0x0000000800000000-0x0000000840000000, reserved size: 1073741824
Narrow klass base: 0x0000000800000000, Narrow klass shift: 0, Narrow klass range: 0x40000000

GC Precious Log:
 CardTable entry size: 512
 Card Set container configuration: InlinePtr #cards 4 size 8 Array Of Cards #cards 16 size 48 Howl #buckets 8 coarsen threshold 3686 Howl Bitmap #cards 512 size 80 coarsen threshold 460 Card regions per heap region 1 cards per card region 4096
 CPUs: 8 total, 8 available
 Memory: 16300M
 Large Page Support: Disabled
 NUMA Support: Disabled
 Compressed Oops: Enabled (Zero based)
 Heap Region Size: 2M
 Heap Min Capacity: 8M
 Heap Initial Capacity: 256M
 Heap Max Capacity: 4076M
 Pre-touch: Disabled
 Parallel Workers: 8
 Concurrent Workers: 2
 Concurrent Refinement Workers: 8
 Periodic GC: Disabled

Heap:
 garbage-first heap   total 307200K, used 230306K [0x0000000701400000, 0x0000000800000000)
  region size 2048K, 31 young (63488K), 5 survivors (10240K)
 Metaspace       used 75556K, committed 76352K, reserved 1179648K
  class space    used 8435K, committed 8832K, reserved 1048576K

Heap Regions: E=young(eden), S=young(survivor), O=old, HS=humongous(starts), HC=humongous(continues), CS=collection set, F=free, TAMS=top-at-mark-start, PB=parsable bottom
|   0|0x0000000701400000, 0x0000000701600000, 0x0000000701600000|100%|HS|  |TAMS 0x0000000701400000| PB 0x0000000701400000| Complete 
|   1|0x0000000701600000, 0x0000000701800000, 0x0000000701800000|100%|HC|  |TAMS 0x0000000701600000| PB 0x0000000701600000| Complete 
|   2|0x0000000701800000, 0x0000000701a00000, 0x0000000701a00000|100%| O|  |TAMS 0x0000000701800000| PB 0x0000000701800000| Untracked 
|   3|0x0000000701a00000, 0x0000000701c00000, 0x0000000701c00000|100%| O|  |TAMS 0x0000000701a00000| PB 0x0000000701a00000| Untracked 
|   4|0x0000000701c00000, 0x0000000701e00000, 0x0000000701e00000|100%| O|  |TAMS 0x0000000701c00000| PB 0x0000000701c00000| Untracked 
|   5|0x0000000701e00000, 0x0000000702000000, 0x0000000702000000|100%| O|  |TAMS 0x0000000701e00000| PB 0x0000000701e00000| Untracked 
|   6|0x0000000702000000, 0x0000000702200000, 0x0000000702200000|100%| O|  |TAMS 0x0000000702000000| PB 0x0000000702000000| Untracked 
|   7|0x0000000702200000, 0x0000000702400000, 0x0000000702400000|100%| O|  |TAMS 0x0000000702200000| PB 0x0000000702200000| Untracked 
|   8|0x0000000702400000, 0x0000000702600000, 0x0000000702600000|100%| O|  |TAMS 0x0000000702400000| PB 0x0000000702400000| Untracked 
|   9|0x0000000702600000, 0x0000000702800000, 0x0000000702800000|100%| O|  |TAMS 0x0000000702600000| PB 0x0000000702600000| Untracked 
|  10|0x0000000702800000, 0x0000000702a00000, 0x0000000702a00000|100%| O|  |TAMS 0x0000000702800000| PB 0x0000000702800000| Untracked 
|  11|0x0000000702a00000, 0x0000000702c00000, 0x0000000702c00000|100%| O|  |TAMS 0x0000000702a00000| PB 0x0000000702a00000| Untracked 
|  12|0x0000000702c00000, 0x0000000702e00000, 0x0000000702e00000|100%| O|  |TAMS 0x0000000702c00000| PB 0x0000000702c00000| Untracked 
|  13|0x0000000702e00000, 0x0000000703000000, 0x0000000703000000|100%| O|  |TAMS 0x0000000702e00000| PB 0x0000000702e00000| Untracked 
|  14|0x0000000703000000, 0x0000000703200000, 0x0000000703200000|100%| O|  |TAMS 0x0000000703000000| PB 0x0000000703000000| Untracked 
|  15|0x0000000703200000, 0x0000000703400000, 0x0000000703400000|100%| O|  |TAMS 0x0000000703200000| PB 0x0000000703200000| Untracked 
|  16|0x0000000703400000, 0x0000000703600000, 0x0000000703600000|100%| O|  |TAMS 0x0000000703400000| PB 0x0000000703400000| Untracked 
|  17|0x0000000703600000, 0x0000000703800000, 0x0000000703800000|100%| O|  |TAMS 0x0000000703600000| PB 0x0000000703600000| Untracked 
|  18|0x0000000703800000, 0x0000000703a00000, 0x0000000703a00000|100%| O|  |TAMS 0x0000000703800000| PB 0x0000000703800000| Untracked 
|  19|0x0000000703a00000, 0x0000000703c00000, 0x0000000703c00000|100%| O|  |TAMS 0x0000000703a00000| PB 0x0000000703a00000| Untracked 
|  20|0x0000000703c00000, 0x0000000703e00000, 0x0000000703e00000|100%| O|  |TAMS 0x0000000703c00000| PB 0x0000000703c00000| Untracked 
|  21|0x0000000703e00000, 0x0000000704000000, 0x0000000704000000|100%|HS|  |TAMS 0x0000000703e00000| PB 0x0000000703e00000| Complete 
|  22|0x0000000704000000, 0x0000000704200000, 0x0000000704200000|100%| O|  |TAMS 0x0000000704000000| PB 0x0000000704000000| Untracked 
|  23|0x0000000704200000, 0x0000000704400000, 0x0000000704400000|100%| O|  |TAMS 0x0000000704200000| PB 0x0000000704200000| Untracked 
|  24|0x0000000704400000, 0x0000000704600000, 0x0000000704600000|100%| O|  |TAMS 0x0000000704400000| PB 0x0000000704400000| Untracked 
|  25|0x0000000704600000, 0x0000000704800000, 0x0000000704800000|100%| O|  |TAMS 0x0000000704600000| PB 0x0000000704600000| Untracked 
|  26|0x0000000704800000, 0x0000000704a00000, 0x0000000704a00000|100%|HS|  |TAMS 0x0000000704800000| PB 0x0000000704800000| Complete 
|  27|0x0000000704a00000, 0x0000000704c00000, 0x0000000704c00000|100%| O|  |TAMS 0x0000000704a00000| PB 0x0000000704a00000| Untracked 
|  28|0x0000000704c00000, 0x0000000704e00000, 0x0000000704e00000|100%| O|  |TAMS 0x0000000704c00000| PB 0x0000000704c00000| Untracked 
|  29|0x0000000704e00000, 0x0000000705000000, 0x0000000705000000|100%| O|  |TAMS 0x0000000704e00000| PB 0x0000000704e00000| Untracked 
|  30|0x0000000705000000, 0x0000000705200000, 0x0000000705200000|100%| O|  |TAMS 0x0000000705000000| PB 0x0000000705000000| Untracked 
|  31|0x0000000705200000, 0x0000000705400000, 0x0000000705400000|100%| O|  |TAMS 0x0000000705200000| PB 0x0000000705200000| Untracked 
|  32|0x0000000705400000, 0x0000000705600000, 0x0000000705600000|100%| O|  |TAMS 0x0000000705400000| PB 0x0000000705400000| Untracked 
|  33|0x0000000705600000, 0x0000000705800000, 0x0000000705800000|100%| O|  |TAMS 0x0000000705600000| PB 0x0000000705600000| Untracked 
|  34|0x0000000705800000, 0x0000000705a00000, 0x0000000705a00000|100%| O|  |TAMS 0x0000000705800000| PB 0x0000000705800000| Untracked 
|  35|0x0000000705a00000, 0x0000000705c00000, 0x0000000705c00000|100%| O|  |TAMS 0x0000000705a00000| PB 0x0000000705a00000| Untracked 
|  36|0x0000000705c00000, 0x0000000705e00000, 0x0000000705e00000|100%| O|  |TAMS 0x0000000705c00000| PB 0x0000000705c00000| Untracked 
|  37|0x0000000705e00000, 0x0000000706000000, 0x0000000706000000|100%| O|  |TAMS 0x0000000705e00000| PB 0x0000000705e00000| Untracked 
|  38|0x0000000706000000, 0x0000000706200000, 0x0000000706200000|100%| O|  |TAMS 0x0000000706000000| PB 0x0000000706000000| Untracked 
|  39|0x0000000706200000, 0x0000000706400000, 0x0000000706400000|100%| O|  |TAMS 0x0000000706200000| PB 0x0000000706200000| Untracked 
|  40|0x0000000706400000, 0x0000000706600000, 0x0000000706600000|100%| O|  |TAMS 0x0000000706400000| PB 0x0000000706400000| Untracked 
|  41|0x0000000706600000, 0x0000000706800000, 0x0000000706800000|100%| O|  |TAMS 0x0000000706600000| PB 0x0000000706600000| Untracked 
|  42|0x0000000706800000, 0x0000000706a00000, 0x0000000706a00000|100%| O|  |TAMS 0x0000000706800000| PB 0x0000000706800000| Untracked 
|  43|0x0000000706a00000, 0x0000000706c00000, 0x0000000706c00000|100%| O|  |TAMS 0x0000000706a00000| PB 0x0000000706a00000| Untracked 
|  44|0x0000000706c00000, 0x0000000706e00000, 0x0000000706e00000|100%| O|  |TAMS 0x0000000706c00000| PB 0x0000000706c00000| Untracked 
|  45|0x0000000706e00000, 0x0000000707000000, 0x0000000707000000|100%| O|  |TAMS 0x0000000706e00000| PB 0x0000000706e00000| Untracked 
|  46|0x0000000707000000, 0x0000000707200000, 0x0000000707200000|100%| O|  |TAMS 0x0000000707000000| PB 0x0000000707000000| Untracked 
|  47|0x0000000707200000, 0x0000000707400000, 0x0000000707400000|100%| O|  |TAMS 0x0000000707200000| PB 0x0000000707200000| Untracked 
|  48|0x0000000707400000, 0x0000000707600000, 0x0000000707600000|100%| O|  |TAMS 0x0000000707400000| PB 0x0000000707400000| Untracked 
|  49|0x0000000707600000, 0x0000000707800000, 0x0000000707800000|100%| O|  |TAMS 0x0000000707600000| PB 0x0000000707600000| Untracked 
|  50|0x0000000707800000, 0x0000000707a00000, 0x0000000707a00000|100%| O|  |TAMS 0x0000000707800000| PB 0x0000000707800000| Untracked 
|  51|0x0000000707a00000, 0x0000000707c00000, 0x0000000707c00000|100%| O|  |TAMS 0x0000000707a00000| PB 0x0000000707a00000| Untracked 
|  52|0x0000000707c00000, 0x0000000707e00000, 0x0000000707e00000|100%| O|  |TAMS 0x0000000707c00000| PB 0x0000000707c00000| Untracked 
|  53|0x0000000707e00000, 0x0000000708000000, 0x0000000708000000|100%| O|  |TAMS 0x0000000707e00000| PB 0x0000000707e00000| Untracked 
|  54|0x0000000708000000, 0x0000000708200000, 0x0000000708200000|100%| O|  |TAMS 0x0000000708000000| PB 0x0000000708000000| Untracked 
|  55|0x0000000708200000, 0x0000000708400000, 0x0000000708400000|100%| O|  |TAMS 0x0000000708200000| PB 0x0000000708200000| Untracked 
|  56|0x0000000708400000, 0x0000000708600000, 0x0000000708600000|100%| O|  |TAMS 0x0000000708400000| PB 0x0000000708400000| Untracked 
|  57|0x0000000708600000, 0x0000000708600000, 0x0000000708800000|  0%| F|  |TAMS 0x0000000708600000| PB 0x0000000708600000| Untracked 
|  58|0x0000000708800000, 0x0000000708a00000, 0x0000000708a00000|100%| O|  |TAMS 0x0000000708800000| PB 0x0000000708800000| Untracked 
|  59|0x0000000708a00000, 0x0000000708c00000, 0x0000000708c00000|100%| O|  |TAMS 0x0000000708a00000| PB 0x0000000708a00000| Untracked 
|  60|0x0000000708c00000, 0x0000000708e00000, 0x0000000708e00000|100%| O|  |TAMS 0x0000000708c00000| PB 0x0000000708c00000| Untracked 
|  61|0x0000000708e00000, 0x0000000709000000, 0x0000000709000000|100%| O|  |TAMS 0x0000000708e00000| PB 0x0000000708e00000| Untracked 
|  62|0x0000000709000000, 0x0000000709200000, 0x0000000709200000|100%| O|  |TAMS 0x0000000709000000| PB 0x0000000709000000| Untracked 
|  63|0x0000000709200000, 0x0000000709400000, 0x0000000709400000|100%| O|  |TAMS 0x0000000709200000| PB 0x0000000709200000| Untracked 
|  64|0x0000000709400000, 0x0000000709600000, 0x0000000709600000|100%| O|  |TAMS 0x0000000709400000| PB 0x0000000709400000| Untracked 
|  65|0x0000000709600000, 0x0000000709800000, 0x0000000709800000|100%| O|  |TAMS 0x0000000709600000| PB 0x0000000709600000| Untracked 
|  66|0x0000000709800000, 0x0000000709a00000, 0x0000000709a00000|100%| O|  |TAMS 0x0000000709800000| PB 0x0000000709800000| Untracked 
|  67|0x0000000709a00000, 0x0000000709c00000, 0x0000000709c00000|100%| O|  |TAMS 0x0000000709a00000| PB 0x0000000709a00000| Untracked 
|  68|0x0000000709c00000, 0x0000000709e00000, 0x0000000709e00000|100%| O|  |TAMS 0x0000000709c00000| PB 0x0000000709c00000| Untracked 
|  69|0x0000000709e00000, 0x000000070a000000, 0x000000070a000000|100%| O|  |TAMS 0x0000000709e00000| PB 0x0000000709e00000| Untracked 
|  70|0x000000070a000000, 0x000000070a200000, 0x000000070a200000|100%| O|  |TAMS 0x000000070a000000| PB 0x000000070a000000| Untracked 
|  71|0x000000070a200000, 0x000000070a400000, 0x000000070a400000|100%| O|  |TAMS 0x000000070a200000| PB 0x000000070a200000| Untracked 
|  72|0x000000070a400000, 0x000000070a600000, 0x000000070a600000|100%| O|  |TAMS 0x000000070a400000| PB 0x000000070a400000| Untracked 
|  73|0x000000070a600000, 0x000000070a800000, 0x000000070a800000|100%| O|  |TAMS 0x000000070a600000| PB 0x000000070a600000| Untracked 
|  74|0x000000070a800000, 0x000000070aa00000, 0x000000070aa00000|100%| O|  |TAMS 0x000000070a800000| PB 0x000000070a800000| Untracked 
|  75|0x000000070aa00000, 0x000000070ac00000, 0x000000070ac00000|100%| S|CS|TAMS 0x000000070aa00000| PB 0x000000070aa00000| Complete 
|  76|0x000000070ac00000, 0x000000070ac00000, 0x000000070ae00000|  0%| F|  |TAMS 0x000000070ac00000| PB 0x000000070ac00000| Untracked 
|  77|0x000000070ae00000, 0x000000070ae00000, 0x000000070b000000|  0%| F|  |TAMS 0x000000070ae00000| PB 0x000000070ae00000| Untracked 
|  78|0x000000070b000000, 0x000000070b000000, 0x000000070b200000|  0%| F|  |TAMS 0x000000070b000000| PB 0x000000070b000000| Untracked 
|  79|0x000000070b200000, 0x000000070b200000, 0x000000070b400000|  0%| F|  |TAMS 0x000000070b200000| PB 0x000000070b200000| Untracked 
|  80|0x000000070b400000, 0x000000070b400000, 0x000000070b600000|  0%| F|  |TAMS 0x000000070b400000| PB 0x000000070b400000| Untracked 
|  81|0x000000070b600000, 0x000000070b600000, 0x000000070b800000|  0%| F|  |TAMS 0x000000070b600000| PB 0x000000070b600000| Untracked 
|  82|0x000000070b800000, 0x000000070b800000, 0x000000070ba00000|  0%| F|  |TAMS 0x000000070b800000| PB 0x000000070b800000| Untracked 
|  83|0x000000070ba00000, 0x000000070ba00000, 0x000000070bc00000|  0%| F|  |TAMS 0x000000070ba00000| PB 0x000000070ba00000| Untracked 
|  84|0x000000070bc00000, 0x000000070be00000, 0x000000070be00000|100%|HS|  |TAMS 0x000000070bc00000| PB 0x000000070bc00000| Complete 
|  85|0x000000070be00000, 0x000000070c000000, 0x000000070c000000|100%|HC|  |TAMS 0x000000070be00000| PB 0x000000070be00000| Complete 
|  86|0x000000070c000000, 0x000000070c200000, 0x000000070c200000|100%|HC|  |TAMS 0x000000070c000000| PB 0x000000070c000000| Complete 
|  87|0x000000070c200000, 0x000000070c400000, 0x000000070c400000|100%|HC|  |TAMS 0x000000070c200000| PB 0x000000070c200000| Complete 
|  88|0x000000070c400000, 0x000000070c600000, 0x000000070c600000|100%|HC|  |TAMS 0x000000070c400000| PB 0x000000070c400000| Complete 
|  89|0x000000070c600000, 0x000000070c800000, 0x000000070c800000|100%| S|CS|TAMS 0x000000070c600000| PB 0x000000070c600000| Complete 
|  90|0x000000070c800000, 0x000000070ca00000, 0x000000070ca00000|100%| S|CS|TAMS 0x000000070c800000| PB 0x000000070c800000| Complete 
|  91|0x000000070ca00000, 0x000000070ca00000, 0x000000070cc00000|  0%| F|  |TAMS 0x000000070ca00000| PB 0x000000070ca00000| Untracked 
|  92|0x000000070cc00000, 0x000000070cc00000, 0x000000070ce00000|  0%| F|  |TAMS 0x000000070cc00000| PB 0x000000070cc00000| Untracked 
|  93|0x000000070ce00000, 0x000000070ce00000, 0x000000070d000000|  0%| F|  |TAMS 0x000000070ce00000| PB 0x000000070ce00000| Untracked 
|  94|0x000000070d000000, 0x000000070d000000, 0x000000070d200000|  0%| F|  |TAMS 0x000000070d000000| PB 0x000000070d000000| Untracked 
|  95|0x000000070d200000, 0x000000070d200000, 0x000000070d400000|  0%| F|  |TAMS 0x000000070d200000| PB 0x000000070d200000| Untracked 
|  96|0x000000070d400000, 0x000000070d400000, 0x000000070d600000|  0%| F|  |TAMS 0x000000070d400000| PB 0x000000070d400000| Untracked 
|  97|0x000000070d600000, 0x000000070d600000, 0x000000070d800000|  0%| F|  |TAMS 0x000000070d600000| PB 0x000000070d600000| Untracked 
|  98|0x000000070d800000, 0x000000070d800000, 0x000000070da00000|  0%| F|  |TAMS 0x000000070d800000| PB 0x000000070d800000| Untracked 
|  99|0x000000070da00000, 0x000000070da00000, 0x000000070dc00000|  0%| F|  |TAMS 0x000000070da00000| PB 0x000000070da00000| Untracked 
| 100|0x000000070dc00000, 0x000000070dc00000, 0x000000070de00000|  0%| F|  |TAMS 0x000000070dc00000| PB 0x000000070dc00000| Untracked 
| 101|0x000000070de00000, 0x000000070de00000, 0x000000070e000000|  0%| F|  |TAMS 0x000000070de00000| PB 0x000000070de00000| Untracked 
| 102|0x000000070e000000, 0x000000070e000000, 0x000000070e200000|  0%| F|  |TAMS 0x000000070e000000| PB 0x000000070e000000| Untracked 
| 103|0x000000070e200000, 0x000000070e200000, 0x000000070e400000|  0%| F|  |TAMS 0x000000070e200000| PB 0x000000070e200000| Untracked 
| 104|0x000000070e400000, 0x000000070e400000, 0x000000070e600000|  0%| F|  |TAMS 0x000000070e400000| PB 0x000000070e400000| Untracked 
| 105|0x000000070e600000, 0x000000070e600000, 0x000000070e800000|  0%| F|  |TAMS 0x000000070e600000| PB 0x000000070e600000| Untracked 
| 106|0x000000070e800000, 0x000000070e800000, 0x000000070ea00000|  0%| F|  |TAMS 0x000000070e800000| PB 0x000000070e800000| Untracked 
| 107|0x000000070ea00000, 0x000000070ea00000, 0x000000070ec00000|  0%| F|  |TAMS 0x000000070ea00000| PB 0x000000070ea00000| Untracked 
| 108|0x000000070ec00000, 0x000000070ec00000, 0x000000070ee00000|  0%| F|  |TAMS 0x000000070ec00000| PB 0x000000070ec00000| Untracked 
| 109|0x000000070ee00000, 0x000000070ee00000, 0x000000070f000000|  0%| F|  |TAMS 0x000000070ee00000| PB 0x000000070ee00000| Untracked 
| 110|0x000000070f000000, 0x000000070f000000, 0x000000070f200000|  0%| F|  |TAMS 0x000000070f000000| PB 0x000000070f000000| Untracked 
| 111|0x000000070f200000, 0x000000070f200000, 0x000000070f400000|  0%| F|  |TAMS 0x000000070f200000| PB 0x000000070f200000| Untracked 
| 112|0x000000070f400000, 0x000000070f400000, 0x000000070f600000|  0%| F|  |TAMS 0x000000070f400000| PB 0x000000070f400000| Untracked 
| 113|0x000000070f600000, 0x000000070f600000, 0x000000070f800000|  0%| F|  |TAMS 0x000000070f600000| PB 0x000000070f600000| Untracked 
| 114|0x000000070f800000, 0x000000070f800000, 0x000000070fa00000|  0%| F|  |TAMS 0x000000070f800000| PB 0x000000070f800000| Untracked 
| 115|0x000000070fa00000, 0x000000070fa00000, 0x000000070fc00000|  0%| F|  |TAMS 0x000000070fa00000| PB 0x000000070fa00000| Untracked 
| 116|0x000000070fc00000, 0x000000070fc00000, 0x000000070fe00000|  0%| F|  |TAMS 0x000000070fc00000| PB 0x000000070fc00000| Untracked 
| 117|0x000000070fe00000, 0x000000070ff00000, 0x0000000710000000| 50%| E|  |TAMS 0x000000070fe00000| PB 0x000000070fe00000| Complete 
| 118|0x0000000710000000, 0x0000000710200000, 0x0000000710200000|100%| E|CS|TAMS 0x0000000710000000| PB 0x0000000710000000| Complete 
| 119|0x0000000710200000, 0x0000000710400000, 0x0000000710400000|100%| E|CS|TAMS 0x0000000710200000| PB 0x0000000710200000| Complete 
| 120|0x0000000710400000, 0x0000000710600000, 0x0000000710600000|100%| E|CS|TAMS 0x0000000710400000| PB 0x0000000710400000| Complete 
| 121|0x0000000710600000, 0x0000000710800000, 0x0000000710800000|100%| E|CS|TAMS 0x0000000710600000| PB 0x0000000710600000| Complete 
| 122|0x0000000710800000, 0x0000000710a00000, 0x0000000710a00000|100%| E|CS|TAMS 0x0000000710800000| PB 0x0000000710800000| Complete 
| 123|0x0000000710a00000, 0x0000000710c00000, 0x0000000710c00000|100%| E|CS|TAMS 0x0000000710a00000| PB 0x0000000710a00000| Complete 
| 124|0x0000000710c00000, 0x0000000710e00000, 0x0000000710e00000|100%| E|CS|TAMS 0x0000000710c00000| PB 0x0000000710c00000| Complete 
| 125|0x0000000710e00000, 0x0000000711000000, 0x0000000711000000|100%| E|CS|TAMS 0x0000000710e00000| PB 0x0000000710e00000| Complete 
| 126|0x0000000711000000, 0x0000000711200000, 0x0000000711200000|100%| E|CS|TAMS 0x0000000711000000| PB 0x0000000711000000| Complete 
| 127|0x0000000711200000, 0x0000000711400000, 0x0000000711400000|100%| E|CS|TAMS 0x0000000711200000| PB 0x0000000711200000| Complete 
| 128|0x0000000711400000, 0x0000000711600000, 0x0000000711600000|100%| E|CS|TAMS 0x0000000711400000| PB 0x0000000711400000| Complete 
| 129|0x0000000711600000, 0x0000000711800000, 0x0000000711800000|100%| E|CS|TAMS 0x0000000711600000| PB 0x0000000711600000| Complete 
| 130|0x0000000711800000, 0x0000000711a00000, 0x0000000711a00000|100%| E|CS|TAMS 0x0000000711800000| PB 0x0000000711800000| Complete 
| 131|0x0000000711a00000, 0x0000000711c00000, 0x0000000711c00000|100%| E|CS|TAMS 0x0000000711a00000| PB 0x0000000711a00000| Complete 
| 132|0x0000000711c00000, 0x0000000711e00000, 0x0000000711e00000|100%| E|CS|TAMS 0x0000000711c00000| PB 0x0000000711c00000| Complete 
| 133|0x0000000711e00000, 0x0000000712000000, 0x0000000712000000|100%| E|CS|TAMS 0x0000000711e00000| PB 0x0000000711e00000| Complete 
| 134|0x0000000712000000, 0x0000000712200000, 0x0000000712200000|100%| E|CS|TAMS 0x0000000712000000| PB 0x0000000712000000| Complete 
| 135|0x0000000712200000, 0x0000000712400000, 0x0000000712400000|100%| E|CS|TAMS 0x0000000712200000| PB 0x0000000712200000| Complete 
| 136|0x0000000712400000, 0x0000000712600000, 0x0000000712600000|100%| E|CS|TAMS 0x0000000712400000| PB 0x0000000712400000| Complete 
| 137|0x0000000712600000, 0x0000000712800000, 0x0000000712800000|100%| E|CS|TAMS 0x0000000712600000| PB 0x0000000712600000| Complete 
| 138|0x0000000712800000, 0x0000000712a00000, 0x0000000712a00000|100%| E|CS|TAMS 0x0000000712800000| PB 0x0000000712800000| Complete 
| 139|0x0000000712a00000, 0x0000000712c00000, 0x0000000712c00000|100%| E|CS|TAMS 0x0000000712a00000| PB 0x0000000712a00000| Complete 
| 140|0x0000000712c00000, 0x0000000712e00000, 0x0000000712e00000|100%| E|CS|TAMS 0x0000000712c00000| PB 0x0000000712c00000| Complete 
| 141|0x0000000712e00000, 0x0000000713000000, 0x0000000713000000|100%| S|CS|TAMS 0x0000000712e00000| PB 0x0000000712e00000| Complete 
| 142|0x0000000713000000, 0x00000007130718d8, 0x0000000713200000| 22%| S|CS|TAMS 0x0000000713000000| PB 0x0000000713000000| Complete 
|2031|0x00000007ff200000, 0x00000007ff277160, 0x00000007ff400000| 23%| O|  |TAMS 0x00000007ff200000| PB 0x00000007ff200000| Untracked 
|2032|0x00000007ff400000, 0x00000007ff600000, 0x00000007ff600000|100%| O|  |TAMS 0x00000007ff400000| PB 0x00000007ff400000| Untracked 
|2033|0x00000007ff600000, 0x00000007ff800000, 0x00000007ff800000|100%| O|  |TAMS 0x00000007ff600000| PB 0x00000007ff600000| Untracked 
|2034|0x00000007ff800000, 0x00000007ffa00000, 0x00000007ffa00000|100%| O|  |TAMS 0x00000007ff800000| PB 0x00000007ff800000| Untracked 
|2035|0x00000007ffa00000, 0x00000007ffc00000, 0x00000007ffc00000|100%| E|CS|TAMS 0x00000007ffa00000| PB 0x00000007ffa00000| Complete 
|2036|0x00000007ffc00000, 0x00000007ffe00000, 0x00000007ffe00000|100%| O|  |TAMS 0x00000007ffc00000| PB 0x00000007ffc00000| Untracked 
|2037|0x00000007ffe00000, 0x0000000800000000, 0x0000000800000000|100%| E|CS|TAMS 0x00000007ffe00000| PB 0x00000007ffe00000| Complete 

Card table byte_map: [0x00000247ac540000,0x00000247acd40000] _byte_map_base: 0x00000247a8d36000

Marking Bits: (CMBitMap*) 0x00000247998ffeb0
 Bits: [0x00000247acd40000, 0x00000247b0cf0000)

Polling page: 0x0000024797700000

Metaspace:

Usage:
  Non-class:     65.55 MB used.
      Class:      8.24 MB used.
       Both:     73.79 MB used.

Virtual space:
  Non-class space:      128.00 MB reserved,      65.94 MB ( 52%) committed,  2 nodes.
      Class space:        1.00 GB reserved,       8.62 MB ( <1%) committed,  1 nodes.
             Both:        1.12 GB reserved,      74.56 MB (  6%) committed. 

Chunk freelists:
   Non-Class:  13.98 MB
       Class:  7.30 MB
        Both:  21.28 MB

MaxMetaspaceSize: unlimited
CompressedClassSpaceSize: 1.00 GB
Initial GC threshold: 21.00 MB
Current GC threshold: 122.44 MB
CDS: off
 - commit_granule_bytes: 65536.
 - commit_granule_words: 8192.
 - virtual_space_node_default_size: 8388608.
 - enlarge_chunks_in_place: 1.
 - use_allocation_guard: 0.


Internal statistics:

num_allocs_failed_limit: 6.
num_arena_births: 1308.
num_arena_deaths: 0.
num_vsnodes_births: 3.
num_vsnodes_deaths: 0.
num_space_committed: 1191.
num_space_uncommitted: 0.
num_chunks_returned_to_freelist: 6.
num_chunks_taken_from_freelist: 3916.
num_chunk_merges: 6.
num_chunk_splits: 2958.
num_chunks_enlarged: 2319.
num_inconsistent_stats: 0.

CodeHeap 'non-profiled nmethods': size=120000Kb used=15879Kb max_used=15879Kb free=104121Kb
 bounds [0x00000247a44d0000, 0x00000247a5460000, 0x00000247aba00000]
CodeHeap 'profiled nmethods': size=120000Kb used=46749Kb max_used=46749Kb free=73250Kb
 bounds [0x000002479ca00000, 0x000002479f7b0000, 0x00000247a3f30000]
CodeHeap 'non-nmethods': size=5760Kb used=1523Kb max_used=1698Kb free=4236Kb
 bounds [0x00000247a3f30000, 0x00000247a41a0000, 0x00000247a44d0000]
CodeCache: size=245760Kb, used=64151Kb, max_used=64326Kb, free=181607Kb
 total_blobs=16336, nmethods=15686, adapters=547, full_count=0
Compilation: enabled, stopped_count=0, restarted_count=0

Compilation events (20 events):
Event: 17.628 Thread 0x00000247b393e290 18170       3       org.jetbrains.kotlin.resolve.constants.evaluate.ConstantExpressionEvaluatorVisitor::createIntegerCompileTimeConstant (155 bytes)
Event: 17.628 Thread 0x00000247b393e290 nmethod 18170 0x000002479f791e90 code [0x000002479f792160, 0x000002479f792b60]
Event: 17.632 Thread 0x00000247b393e290 18171       3       org.jetbrains.kotlin.builtins.functions.FunctionClassDescriptor::getVisibility (11 bytes)
Event: 17.632 Thread 0x00000247b393e290 nmethod 18171 0x000002479f792f10 code [0x000002479f7930c0, 0x000002479f793218]
Event: 17.633 Thread 0x00000247b393e290 18172       3       org.jetbrains.kotlin.resolve.calls.tower.ResolvedAtomCompleter::completeLambda (756 bytes)
Event: 17.637 Thread 0x00000247b8171060 nmethod 18160 0x00000247a5445210 code [0x00000247a5445660, 0x00000247a5447c20]
Event: 17.637 Thread 0x00000247b8171060 18145       4       org.jetbrains.kotlin.resolve.calls.model.DataFlowInfoForArgumentsImpl::getResultInfo (44 bytes)
Event: 17.639 Thread 0x00000247b8171060 nmethod 18145 0x00000247a5449c10 code [0x00000247a5449dc0, 0x00000247a5449f10]
Event: 17.639 Thread 0x00000247b393e290 nmethod 18172 0x000002479f793310 code [0x000002479f793ea0, 0x000002479f79b818]
Event: 17.639 Thread 0x00000247b8171060 18167       4       org.jetbrains.kotlin.psi.KtCallExpression::getValueArguments (78 bytes)
Event: 17.643 Thread 0x00000247b393e290 18174       3       org.jetbrains.kotlin.types.checker.ClassicTypeSystemContext$DefaultImpls::makeDefinitelyNotNullOrNotNull (78 bytes)
Event: 17.644 Thread 0x00000247b393e290 nmethod 18174 0x000002479f79e010 code [0x000002479f79e3a0, 0x000002479f79f770]
Event: 17.644 Thread 0x00000247b393e290 18175       3       org.jetbrains.kotlin.types.checker.ClassicTypeSystemContextKt::access$makeDefinitelyNotNullOrNotNullInternal (5 bytes)
Event: 17.644 Thread 0x00000247b393e290 nmethod 18175 0x000002479f79ff10 code [0x000002479f7a00c0, 0x000002479f7a02a8]
Event: 17.644 Thread 0x00000247b393e290 18176       3       org.jetbrains.kotlin.types.checker.ClassicTypeSystemContextKt::makeDefinitelyNotNullOrNotNullInternal (8 bytes)
Event: 17.644 Thread 0x00000247b393e290 nmethod 18176 0x000002479f7a0390 code [0x000002479f7a0540, 0x000002479f7a06d0]
Event: 17.648 Thread 0x00000247b8171060 nmethod 18167 0x00000247a544a010 code [0x00000247a544a280, 0x00000247a544a9d8]
Event: 17.648 Thread 0x00000247b8171060 18173       4       org.jetbrains.kotlin.resolve.calls.CallResolver::doResolveCallOrGetCachedResults (379 bytes)
Event: 17.651 Thread 0x00000247b393e290 18177       3       org.jetbrains.kotlin.load.java.structure.ListBasedJavaAnnotationOwner::findAnnotation (86 bytes)
Event: 17.652 Thread 0x00000247b393e290 nmethod 18177 0x000002479f7a0790 code [0x000002479f7a0a80, 0x000002479f7a1aa8]

GC Heap History (20 events):
Event: 7.018 GC heap before
{Heap before GC invocations=23 (full 0):
 garbage-first heap   total 172032K, used 142198K [0x0000000701400000, 0x0000000800000000)
  region size 2048K, 26 young (53248K), 4 survivors (8192K)
 Metaspace       used 63525K, committed 64192K, reserved 1114112K
  class space    used 7403K, committed 7744K, reserved 1048576K
}
Event: 7.032 GC heap after
{Heap after GC invocations=24 (full 0):
 garbage-first heap   total 172032K, used 106496K [0x0000000701400000, 0x0000000800000000)
  region size 2048K, 4 young (8192K), 4 survivors (8192K)
 Metaspace       used 63525K, committed 64192K, reserved 1114112K
  class space    used 7403K, committed 7744K, reserved 1048576K
}
Event: 7.362 GC heap before
{Heap before GC invocations=25 (full 0):
 garbage-first heap   total 178176K, used 147456K [0x0000000701400000, 0x0000000800000000)
  region size 2048K, 24 young (49152K), 4 survivors (8192K)
 Metaspace       used 63773K, committed 64448K, reserved 1114112K
  class space    used 7427K, committed 7744K, reserved 1048576K
}
Event: 7.374 GC heap after
{Heap after GC invocations=26 (full 0):
 garbage-first heap   total 178176K, used 115110K [0x0000000701400000, 0x0000000800000000)
  region size 2048K, 3 young (6144K), 3 survivors (6144K)
 Metaspace       used 63773K, committed 64448K, reserved 1114112K
  class space    used 7427K, committed 7744K, reserved 1048576K
}
Event: 7.518 GC heap before
{Heap before GC invocations=26 (full 0):
 garbage-first heap   total 178176K, used 154022K [0x0000000701400000, 0x0000000800000000)
  region size 2048K, 22 young (45056K), 3 survivors (6144K)
 Metaspace       used 64377K, committed 65024K, reserved 1114112K
  class space    used 7509K, committed 7808K, reserved 1048576K
}
Event: 7.528 GC heap after
{Heap after GC invocations=27 (full 0):
 garbage-first heap   total 178176K, used 116368K [0x0000000701400000, 0x0000000800000000)
  region size 2048K, 1 young (2048K), 1 survivors (2048K)
 Metaspace       used 64377K, committed 65024K, reserved 1114112K
  class space    used 7509K, committed 7808K, reserved 1048576K
}
Event: 7.585 GC heap before
{Heap before GC invocations=27 (full 0):
 garbage-first heap   total 178176K, used 157328K [0x0000000701400000, 0x0000000800000000)
  region size 2048K, 21 young (43008K), 1 survivors (2048K)
 Metaspace       used 64382K, committed 65024K, reserved 1114112K
  class space    used 7509K, committed 7808K, reserved 1048576K
}
Event: 7.587 GC heap after
{Heap after GC invocations=28 (full 0):
 garbage-first heap   total 290816K, used 116095K [0x0000000701400000, 0x0000000800000000)
  region size 2048K, 1 young (2048K), 1 survivors (2048K)
 Metaspace       used 64382K, committed 65024K, reserved 1114112K
  class space    used 7509K, committed 7808K, reserved 1048576K
}
Event: 7.787 GC heap before
{Heap before GC invocations=28 (full 0):
 garbage-first heap   total 290816K, used 234879K [0x0000000701400000, 0x0000000800000000)
  region size 2048K, 59 young (120832K), 1 survivors (2048K)
 Metaspace       used 64383K, committed 65024K, reserved 1114112K
  class space    used 7509K, committed 7808K, reserved 1048576K
}
Event: 7.788 GC heap after
{Heap after GC invocations=29 (full 0):
 garbage-first heap   total 290816K, used 116039K [0x0000000701400000, 0x0000000800000000)
  region size 2048K, 1 young (2048K), 1 survivors (2048K)
 Metaspace       used 64383K, committed 65024K, reserved 1114112K
  class space    used 7509K, committed 7808K, reserved 1048576K
}
Event: 10.747 GC heap before
{Heap before GC invocations=30 (full 0):
 garbage-first heap   total 290816K, used 271687K [0x0000000701400000, 0x0000000800000000)
  region size 2048K, 77 young (157696K), 1 survivors (2048K)
 Metaspace       used 72869K, committed 73600K, reserved 1114112K
  class space    used 8308K, committed 8704K, reserved 1048576K
}
Event: 10.760 GC heap after
{Heap after GC invocations=31 (full 0):
 garbage-first heap   total 290816K, used 131152K [0x0000000701400000, 0x0000000800000000)
  region size 2048K, 9 young (18432K), 9 survivors (18432K)
 Metaspace       used 72869K, committed 73600K, reserved 1114112K
  class space    used 8308K, committed 8704K, reserved 1048576K
}
Event: 12.934 GC heap before
{Heap before GC invocations=31 (full 0):
 garbage-first heap   total 290816K, used 258128K [0x0000000701400000, 0x0000000800000000)
  region size 2048K, 71 young (145408K), 9 survivors (18432K)
 Metaspace       used 73944K, committed 74688K, reserved 1179648K
  class space    used 8388K, committed 8768K, reserved 1048576K
}
Event: 12.959 GC heap after
{Heap after GC invocations=32 (full 0):
 garbage-first heap   total 294912K, used 145408K [0x0000000701400000, 0x0000000800000000)
  region size 2048K, 8 young (16384K), 8 survivors (16384K)
 Metaspace       used 73944K, committed 74688K, reserved 1179648K
  class space    used 8388K, committed 8768K, reserved 1048576K
}
Event: 13.984 GC heap before
{Heap before GC invocations=32 (full 0):
 garbage-first heap   total 294912K, used 210944K [0x0000000701400000, 0x0000000800000000)
  region size 2048K, 41 young (83968K), 8 survivors (16384K)
 Metaspace       used 74348K, committed 75072K, reserved 1179648K
  class space    used 8410K, committed 8768K, reserved 1048576K
}
Event: 13.999 GC heap after
{Heap after GC invocations=33 (full 0):
 garbage-first heap   total 294912K, used 153776K [0x0000000701400000, 0x0000000800000000)
  region size 2048K, 5 young (10240K), 5 survivors (10240K)
 Metaspace       used 74348K, committed 75072K, reserved 1179648K
  class space    used 8410K, committed 8768K, reserved 1048576K
}
Event: 15.599 GC heap before
{Heap before GC invocations=34 (full 0):
 garbage-first heap   total 294912K, used 262320K [0x0000000701400000, 0x0000000800000000)
  region size 2048K, 58 young (118784K), 5 survivors (10240K)
 Metaspace       used 74790K, committed 75520K, reserved 1179648K
  class space    used 8419K, committed 8768K, reserved 1048576K
}
Event: 15.610 GC heap after
{Heap after GC invocations=35 (full 0):
 garbage-first heap   total 294912K, used 161792K [0x0000000701400000, 0x0000000800000000)
  region size 2048K, 8 young (16384K), 8 survivors (16384K)
 Metaspace       used 74790K, committed 75520K, reserved 1179648K
  class space    used 8419K, committed 8768K, reserved 1048576K
}
Event: 17.062 GC heap before
{Heap before GC invocations=35 (full 0):
 garbage-first heap   total 294912K, used 276480K [0x0000000701400000, 0x0000000800000000)
  region size 2048K, 59 young (120832K), 8 survivors (16384K)
 Metaspace       used 75283K, committed 76032K, reserved 1179648K
  class space    used 8434K, committed 8832K, reserved 1048576K
}
Event: 17.082 GC heap after
{Heap after GC invocations=36 (full 0):
 garbage-first heap   total 307200K, used 179106K [0x0000000701400000, 0x0000000800000000)
  region size 2048K, 5 young (10240K), 5 survivors (10240K)
 Metaspace       used 75283K, committed 76032K, reserved 1179648K
  class space    used 8434K, committed 8832K, reserved 1048576K
}

Dll operation events (3 events):
Event: 0.007 Loaded shared library C:\Program Files\Android\Android Studio\jbr\bin\java.dll
Event: 0.011 Loaded shared library C:\Program Files\Android\Android Studio\jbr\bin\zip.dll
Event: 1.105 Loaded shared library C:\Program Files\Android\Android Studio\jbr\bin\verify.dll

Deoptimization events (20 events):
Event: 17.558 Thread 0x000002479751f100 Uncommon trap: trap_request=0xffffffde fr.pc=0x00000247a51c8a40 relative=0x0000000000000f40
Event: 17.558 Thread 0x000002479751f100 Uncommon trap: reason=class_check action=maybe_recompile pc=0x00000247a51c8a40 method=org.jetbrains.kotlin.types.AbstractTypeChecker.isSubtypeOfForSingleClassifierType(Lorg/jetbrains/kotlin/types/TypeCheckerState;Lorg/jetbrains/kotlin/types/model/SimpleTy
Event: 17.558 Thread 0x000002479751f100 DEOPT PACKING pc=0x00000247a51c8a40 sp=0x000000651b9fb9a0
Event: 17.558 Thread 0x000002479751f100 DEOPT UNPACKING pc=0x00000247a3f84422 sp=0x000000651b9fb8c8 mode 2
Event: 17.558 Thread 0x000002479751f100 Uncommon trap: trap_request=0xffffffde fr.pc=0x00000247a51c8a40 relative=0x0000000000000f40
Event: 17.558 Thread 0x000002479751f100 Uncommon trap: reason=class_check action=maybe_recompile pc=0x00000247a51c8a40 method=org.jetbrains.kotlin.types.AbstractTypeChecker.isSubtypeOfForSingleClassifierType(Lorg/jetbrains/kotlin/types/TypeCheckerState;Lorg/jetbrains/kotlin/types/model/SimpleTy
Event: 17.558 Thread 0x000002479751f100 DEOPT PACKING pc=0x00000247a51c8a40 sp=0x000000651b9fb9a0
Event: 17.558 Thread 0x000002479751f100 DEOPT UNPACKING pc=0x00000247a3f84422 sp=0x000000651b9fb8c8 mode 2
Event: 17.558 Thread 0x000002479751f100 Uncommon trap: trap_request=0xffffffde fr.pc=0x00000247a51c8a40 relative=0x0000000000000f40
Event: 17.558 Thread 0x000002479751f100 Uncommon trap: reason=class_check action=maybe_recompile pc=0x00000247a51c8a40 method=org.jetbrains.kotlin.types.AbstractTypeChecker.isSubtypeOfForSingleClassifierType(Lorg/jetbrains/kotlin/types/TypeCheckerState;Lorg/jetbrains/kotlin/types/model/SimpleTy
Event: 17.558 Thread 0x000002479751f100 DEOPT PACKING pc=0x00000247a51c8a40 sp=0x000000651b9fb9a0
Event: 17.558 Thread 0x000002479751f100 DEOPT UNPACKING pc=0x00000247a3f84422 sp=0x000000651b9fb8c8 mode 2
Event: 17.558 Thread 0x000002479751f100 Uncommon trap: trap_request=0xffffffde fr.pc=0x00000247a51c8a40 relative=0x0000000000000f40
Event: 17.558 Thread 0x000002479751f100 Uncommon trap: reason=class_check action=maybe_recompile pc=0x00000247a51c8a40 method=org.jetbrains.kotlin.types.AbstractTypeChecker.isSubtypeOfForSingleClassifierType(Lorg/jetbrains/kotlin/types/TypeCheckerState;Lorg/jetbrains/kotlin/types/model/SimpleTy
Event: 17.558 Thread 0x000002479751f100 DEOPT PACKING pc=0x00000247a51c8a40 sp=0x000000651b9fb9a0
Event: 17.558 Thread 0x000002479751f100 DEOPT UNPACKING pc=0x00000247a3f84422 sp=0x000000651b9fb8c8 mode 2
Event: 17.621 Thread 0x000002479751f100 Uncommon trap: trap_request=0xffffffde fr.pc=0x00000247a4fb166c relative=0x000000000000018c
Event: 17.621 Thread 0x000002479751f100 Uncommon trap: reason=class_check action=maybe_recompile pc=0x00000247a4fb166c method=org.jetbrains.kotlin.types.checker.KotlinTypePreparator.transformToNewType(Lorg/jetbrains/kotlin/types/SimpleType;)Lorg/jetbrains/kotlin/types/SimpleType; @ 453 c2
Event: 17.621 Thread 0x000002479751f100 DEOPT PACKING pc=0x00000247a4fb166c sp=0x000000651b9f5300
Event: 17.621 Thread 0x000002479751f100 DEOPT UNPACKING pc=0x00000247a3f84422 sp=0x000000651b9f51a0 mode 2

Classes loaded (20 events):
Event: 8.338 Loading class jdk/internal/math/FloatingDecimal$ExceptionalBinaryToASCIIBuffer
Event: 8.338 Loading class jdk/internal/math/FloatingDecimal$BinaryToASCIIConverter
Event: 8.338 Loading class jdk/internal/math/FloatingDecimal$BinaryToASCIIConverter done
Event: 8.338 Loading class jdk/internal/math/FloatingDecimal$ExceptionalBinaryToASCIIBuffer done
Event: 8.338 Loading class jdk/internal/math/FloatingDecimal$BinaryToASCIIBuffer
Event: 8.338 Loading class jdk/internal/math/FloatingDecimal$BinaryToASCIIBuffer done
Event: 8.338 Loading class jdk/internal/math/FloatingDecimal$1
Event: 8.338 Loading class jdk/internal/math/FloatingDecimal$1 done
Event: 8.338 Loading class jdk/internal/math/FloatingDecimal$PreparedASCIIToBinaryBuffer
Event: 8.338 Loading class jdk/internal/math/FloatingDecimal$ASCIIToBinaryConverter
Event: 8.338 Loading class jdk/internal/math/FloatingDecimal$ASCIIToBinaryConverter done
Event: 8.338 Loading class jdk/internal/math/FloatingDecimal$PreparedASCIIToBinaryBuffer done
Event: 9.091 Loading class java/util/Collections$CopiesList
Event: 9.091 Loading class java/util/Collections$CopiesList done
Event: 13.913 Loading class jdk/internal/math/FloatToDecimal
Event: 13.913 Loading class jdk/internal/math/FloatToDecimal done
Event: 14.167 Loading class jdk/internal/math/FloatingDecimal$ASCIIToBinaryBuffer
Event: 14.167 Loading class jdk/internal/math/FloatingDecimal$ASCIIToBinaryBuffer done
Event: 15.431 Loading class java/lang/Byte$ByteCache
Event: 15.431 Loading class java/lang/Byte$ByteCache done

Classes unloaded (0 events):
No events

Classes redefined (0 events):
No events

Internal exceptions (20 events):
Event: 8.036 Thread 0x000002479751f100 Exception <a 'java/lang/IncompatibleClassChangeError'{0x0000000710d97860}: Found class java.lang.Object, but interface was expected> (0x0000000710d97860) 
thrown [s\src\hotspot\share\interpreter\linkResolver.cpp, line 851]
Event: 8.443 Thread 0x000002479751f100 Exception <a 'java/lang/IncompatibleClassChangeError'{0x000000070fff4bc0}: Found class java.lang.Object, but interface was expected> (0x000000070fff4bc0) 
thrown [s\src\hotspot\share\interpreter\linkResolver.cpp, line 851]
Event: 8.730 Thread 0x000002479751f100 Implicit null exception at 0x00000247a4b132a4 to 0x00000247a4b1339d
Event: 9.166 Thread 0x000002479751f100 Implicit null exception at 0x00000247a4c19fb0 to 0x00000247a4c1a36c
Event: 9.903 Thread 0x000002479751f100 Implicit null exception at 0x00000247a4717e20 to 0x00000247a47183b0
Event: 9.974 Thread 0x000002479751f100 Implicit null exception at 0x00000247a4ae6bca to 0x00000247a4ae7345
Event: 9.982 Thread 0x000002479751f100 Implicit null exception at 0x00000247a4ce0e60 to 0x00000247a4ce1012
Event: 10.030 Thread 0x000002479751f100 Exception <a 'java/lang/NoSuchMethodError'{0x000000070c2ad748}: 'java.lang.Object java.lang.invoke.DirectMethodHandle$Holder.newInvokeSpecial(java.lang.Object, int, java.lang.Object, java.lang.Object)'> (0x000000070c2ad748) 
thrown [s\src\hotspot\share\interpreter\linkResolver.cpp, line 784]
Event: 10.339 Thread 0x000002479751f100 Implicit null exception at 0x00000247a4c3d9a0 to 0x00000247a4c3f9b0
Event: 11.449 Thread 0x000002479751f100 Implicit null exception at 0x00000247a4961c30 to 0x00000247a4962118
Event: 12.112 Thread 0x000002479751f100 Implicit null exception at 0x00000247a4962b22 to 0x00000247a496301c
Event: 12.387 Thread 0x000002479751f100 Implicit null exception at 0x00000247a4f7ca56 to 0x00000247a4f7e954
Event: 13.547 Thread 0x000002479751f100 Implicit null exception at 0x00000247a4ff11e7 to 0x00000247a4ff18e9
Event: 14.583 Thread 0x000002479751f100 Implicit null exception at 0x00000247a489e180 to 0x00000247a489e4ec
Event: 15.716 Thread 0x000002479751f100 Implicit null exception at 0x00000247a52a0531 to 0x00000247a52a62e8
Event: 16.656 Thread 0x000002479751f100 Implicit null exception at 0x00000247a533a2b1 to 0x00000247a53414b0
Event: 16.713 Thread 0x000002479751f100 Implicit null exception at 0x00000247a519dce3 to 0x00000247a519e1a7
Event: 16.713 Thread 0x000002479751f100 Implicit null exception at 0x00000247a52d51a7 to 0x00000247a52d562c
Event: 16.714 Thread 0x000002479751f100 Implicit null exception at 0x00000247a504f920 to 0x00000247a504f9fb
Event: 16.721 Thread 0x000002479751f100 Implicit null exception at 0x00000247a47110c0 to 0x00000247a4711324

ZGC Phase Switch (0 events):
No events

VM Operations (20 events):
Event: 15.378 Executing non-safepoint VM operation: HandshakeAllThreads (Deoptimize)
Event: 15.378 Executing non-safepoint VM operation: HandshakeAllThreads (Deoptimize) done
Event: 15.599 Executing safepoint VM operation: G1CollectForAllocation (G1 Evacuation Pause)
Event: 15.610 Executing safepoint VM operation: G1CollectForAllocation (G1 Evacuation Pause) done
Event: 15.826 Executing safepoint VM operation: ICBufferFull
Event: 15.826 Executing safepoint VM operation: ICBufferFull done
Event: 16.146 Executing safepoint VM operation: ICBufferFull
Event: 16.147 Executing safepoint VM operation: ICBufferFull done
Event: 16.357 Executing safepoint VM operation: ICBufferFull
Event: 16.357 Executing safepoint VM operation: ICBufferFull done
Event: 16.767 Executing safepoint VM operation: ICBufferFull
Event: 16.767 Executing safepoint VM operation: ICBufferFull done
Event: 17.059 Executing safepoint VM operation: ICBufferFull
Event: 17.059 Executing safepoint VM operation: ICBufferFull done
Event: 17.062 Executing safepoint VM operation: G1CollectForAllocation (G1 Evacuation Pause)
Event: 17.082 Executing safepoint VM operation: G1CollectForAllocation (G1 Evacuation Pause) done
Event: 17.301 Executing safepoint VM operation: ICBufferFull
Event: 17.301 Executing safepoint VM operation: ICBufferFull done
Event: 17.546 Executing safepoint VM operation: ICBufferFull
Event: 17.546 Executing safepoint VM operation: ICBufferFull done

Memory protections (0 events):
No events

Nmethod flushes (20 events):
Event: 14.187 Thread 0x00000247b3763130 flushing  nmethod 0x000002479d1ed590
Event: 14.187 Thread 0x00000247b3763130 flushing  nmethod 0x000002479d1efa10
Event: 14.187 Thread 0x00000247b3763130 flushing  nmethod 0x000002479d31c790
Event: 14.187 Thread 0x00000247b3763130 flushing  nmethod 0x000002479d390310
Event: 14.187 Thread 0x00000247b3763130 flushing  nmethod 0x000002479d3edc10
Event: 14.187 Thread 0x00000247b3763130 flushing  nmethod 0x000002479d424c90
Event: 14.187 Thread 0x00000247b3763130 flushing  nmethod 0x000002479d4fba10
Event: 14.187 Thread 0x00000247b3763130 flushing  nmethod 0x000002479d54b610
Event: 14.187 Thread 0x00000247b3763130 flushing  nmethod 0x000002479d552510
Event: 14.187 Thread 0x00000247b3763130 flushing  nmethod 0x000002479d55c210
Event: 14.187 Thread 0x00000247b3763130 flushing  nmethod 0x000002479d7c4810
Event: 14.187 Thread 0x00000247b3763130 flushing  nmethod 0x000002479d950d10
Event: 14.187 Thread 0x00000247b3763130 flushing  nmethod 0x000002479dad0e10
Event: 14.187 Thread 0x00000247b3763130 flushing  nmethod 0x000002479dbceb10
Event: 14.187 Thread 0x00000247b3763130 flushing  nmethod 0x000002479dc30690
Event: 14.187 Thread 0x00000247b3763130 flushing  nmethod 0x000002479ddd1410
Event: 14.187 Thread 0x00000247b3763130 flushing  nmethod 0x000002479de44010
Event: 14.187 Thread 0x00000247b3763130 flushing  nmethod 0x000002479de4ea90
Event: 14.187 Thread 0x00000247b3763130 flushing  nmethod 0x000002479df8e610
Event: 14.187 Thread 0x00000247b3763130 flushing  nmethod 0x000002479e006390

Events (17 events):
Event: 0.010 Thread 0x000002479751f100 Thread added: 0x000002479751f100
Event: 0.044 Thread 0x000002479751f100 Thread added: 0x00000247b38f4790
Event: 0.048 Thread 0x000002479751f100 Thread added: 0x00000247b38fbf00
Event: 0.048 Thread 0x000002479751f100 Thread added: 0x00000247b38f7880
Event: 0.049 Thread 0x000002479751f100 Thread added: 0x00000247b392a800
Event: 0.049 Thread 0x000002479751f100 Thread added: 0x00000247b392b260
Event: 0.049 Thread 0x000002479751f100 Thread added: 0x00000247b392dcd0
Event: 0.049 Thread 0x000002479751f100 Thread added: 0x00000247b3921ad0
Event: 0.049 Thread 0x000002479751f100 Thread added: 0x00000247b3930a70
Event: 0.049 Thread 0x000002479751f100 Thread added: 0x00000247b393e290
Event: 0.078 Thread 0x000002479751f100 Thread added: 0x00000247b3afbeb0
Event: 0.089 Loaded shared library C:\Program Files\Android\Android Studio\jbr\bin\net.dll
Event: 0.091 Loaded shared library C:\Program Files\Android\Android Studio\jbr\bin\nio.dll
Event: 0.104 Thread 0x00000247b3930a70 Thread added: 0x00000247b3b84ba0
Event: 0.115 Loaded shared library C:\Program Files\Android\Android Studio\jbr\bin\zip.dll
Event: 0.141 Loaded shared library C:\Program Files\Android\Android Studio\jbr\bin\jimage.dll
Event: 0.240 Thread 0x00000247b3930a70 Thread added: 0x00000247b8171060


Dynamic libraries:
0x00007ff6f67b0000 - 0x00007ff6f67ba000 	C:\Program Files\Android\Android Studio\jbr\bin\java.exe
0x00007fff43d70000 - 0x00007fff43f88000 	C:\Windows\SYSTEM32\ntdll.dll
0x00007fff427f0000 - 0x00007fff428b4000 	C:\Windows\System32\KERNEL32.DLL
0x00007fff40ff0000 - 0x00007fff413c3000 	C:\Windows\System32\KERNELBASE.dll
0x00007fff41690000 - 0x00007fff417a1000 	C:\Windows\System32\ucrtbase.dll
0x00007fff1c560000 - 0x00007fff1c578000 	C:\Program Files\Android\Android Studio\jbr\bin\jli.dll
0x00007fff23ec0000 - 0x00007fff23edb000 	C:\Program Files\Android\Android Studio\jbr\bin\VCRUNTIME140.dll
0x00007fff43a40000 - 0x00007fff43bf2000 	C:\Windows\System32\USER32.dll
0x00007fff313c0000 - 0x00007fff3165c000 	C:\Windows\WinSxS\amd64_microsoft.windows.common-controls_6595b64144ccf1df_6.0.22621.6060_none_2712eda17382d24b\COMCTL32.dll
0x00007fff41400000 - 0x00007fff41426000 	C:\Windows\System32\win32u.dll
0x00007fff41bf0000 - 0x00007fff41c97000 	C:\Windows\System32\msvcrt.dll
0x00007fff43970000 - 0x00007fff43999000 	C:\Windows\System32\GDI32.dll
0x00007fff41430000 - 0x00007fff4154b000 	C:\Windows\System32\gdi32full.dll
0x00007fff41970000 - 0x00007fff41a0a000 	C:\Windows\System32\msvcp_win.dll
0x00007fff41d60000 - 0x00007fff41d91000 	C:\Windows\System32\IMM32.DLL
0x00007fff3cc10000 - 0x00007fff3cc1c000 	C:\Program Files\Android\Android Studio\jbr\bin\vcruntime140_1.dll
0x00007fff09730000 - 0x00007fff097bd000 	C:\Program Files\Android\Android Studio\jbr\bin\msvcp140.dll
0x00007ffefe150000 - 0x00007ffefede6000 	C:\Program Files\Android\Android Studio\jbr\bin\server\jvm.dll
0x00007fff43c70000 - 0x00007fff43d21000 	C:\Windows\System32\ADVAPI32.dll
0x00007fff438c0000 - 0x00007fff43968000 	C:\Windows\System32\sechost.dll
0x00007fff413d0000 - 0x00007fff413f8000 	C:\Windows\System32\bcrypt.dll
0x00007fff42140000 - 0x00007fff42258000 	C:\Windows\System32\RPCRT4.dll
0x00007fff439a0000 - 0x00007fff43a11000 	C:\Windows\System32\WS2_32.dll
0x00007fff40d50000 - 0x00007fff40d9d000 	C:\Windows\SYSTEM32\POWRPROF.dll
0x00007fff39300000 - 0x00007fff39334000 	C:\Windows\SYSTEM32\WINMM.dll
0x00007fff3b250000 - 0x00007fff3b25a000 	C:\Windows\SYSTEM32\VERSION.dll
0x00007fff40d30000 - 0x00007fff40d43000 	C:\Windows\SYSTEM32\UMPDC.dll
0x00007fff3fe60000 - 0x00007fff3fe78000 	C:\Windows\SYSTEM32\kernel.appcore.dll
0x00007fff3c040000 - 0x00007fff3c04a000 	C:\Program Files\Android\Android Studio\jbr\bin\jimage.dll
0x00007fff30f70000 - 0x00007fff311a3000 	C:\Windows\SYSTEM32\DBGHELP.DLL
0x00007fff428c0000 - 0x00007fff42c51000 	C:\Windows\System32\combase.dll
0x00007fff41b10000 - 0x00007fff41be8000 	C:\Windows\System32\OLEAUT32.dll
0x00007fff26930000 - 0x00007fff26962000 	C:\Windows\SYSTEM32\dbgcore.DLL
0x00007fff418f0000 - 0x00007fff4196b000 	C:\Windows\System32\bcryptPrimitives.dll
0x00007fff236f0000 - 0x00007fff23710000 	C:\Program Files\Android\Android Studio\jbr\bin\java.dll
0x00007fff236d0000 - 0x00007fff236e8000 	C:\Program Files\Android\Android Studio\jbr\bin\zip.dll
0x00007fff43020000 - 0x00007fff438bc000 	C:\Windows\System32\SHELL32.dll
0x00007fff41550000 - 0x00007fff4168f000 	C:\Windows\System32\wintypes.dll
0x00007fff3ed80000 - 0x00007fff3f69a000 	C:\Windows\SYSTEM32\windows.storage.dll
0x00007fff426e0000 - 0x00007fff427e4000 	C:\Windows\System32\SHCORE.dll
0x00007fff43c00000 - 0x00007fff43c69000 	C:\Windows\System32\shlwapi.dll
0x00007fff40db0000 - 0x00007fff40dd5000 	C:\Windows\SYSTEM32\profapi.dll
0x00007fff3adb0000 - 0x00007fff3adc0000 	C:\Program Files\Android\Android Studio\jbr\bin\net.dll
0x00007fff3b590000 - 0x00007fff3b6bc000 	C:\Windows\SYSTEM32\WINHTTP.dll
0x00007fff40340000 - 0x00007fff403a9000 	C:\Windows\system32\mswsock.dll
0x00007fff236b0000 - 0x00007fff236c6000 	C:\Program Files\Android\Android Studio\jbr\bin\nio.dll
0x00007fff23b40000 - 0x00007fff23b50000 	C:\Program Files\Android\Android Studio\jbr\bin\verify.dll

JVMTI agents: none

dbghelp: loaded successfully - version: 4.0.5 - missing functions: none
symbol engine: initialized successfully - sym options: 0x614 - pdb path: .;C:\Program Files\Android\Android Studio\jbr\bin;C:\Windows\SYSTEM32;C:\Windows\WinSxS\amd64_microsoft.windows.common-controls_6595b64144ccf1df_6.0.22621.6060_none_2712eda17382d24b;C:\Program Files\Android\Android Studio\jbr\bin\server

VM Arguments:
java_command: org.jetbrains.kotlin.cli.jvm.K2JVMCompiler @D:\github\OQPAY-FinanceAndroidApplication\app\build\20260624_16806055282084302024.compiler.options
java_class_path (initial): C:\Users\Annu pc\.gradle\caches\modules-2\files-2.1\org.jetbrains.kotlin\kotlin-compiler-embeddable\1.9.0\2c8c3a7402becca891f12739b3e9fd2dc2adbd7a\kotlin-compiler-embeddable-1.9.0.jar;C:\Users\Annu pc\.gradle\caches\modules-2\files-2.1\org.jetbrains.kotlin\kotlin-stdlib\1.9.0\8ee15ef0c67dc83d874f412d84378d7f0eb50b63\kotlin-stdlib-1.9.0.jar;C:\Users\Annu pc\.gradle\caches\modules-2\files-2.1\org.jetbrains.kotlin\kotlin-script-runtime\1.9.0\4b3102cbbb7e1b58d9d1adf89563f00069ffa7d1\kotlin-script-runtime-1.9.0.jar;C:\Users\Annu pc\.gradle\caches\modules-2\files-2.1\org.jetbrains.kotlin\kotlin-reflect\1.6.10\1cbe9c92c12a94eea200d23c2bbaedaf3daf5132\kotlin-reflect-1.6.10.jar;C:\Users\Annu pc\.gradle\caches\modules-2\files-2.1\org.jetbrains.kotlin\kotlin-daemon-embeddable\1.9.0\186543f5e28cf8d9a0290fecc2cf34301c40a65c\kotlin-daemon-embeddable-1.9.0.jar;C:\Users\Annu pc\.gradle\caches\modules-2\files-2.1\org.jetbrains.intellij.deps\trove4j\1.0.20200330\3afb14d5f9ceb459d724e907a21145e8ff394f02\trove4j-1.0.20200330.jar;C:\Users\Annu pc\.gradle\caches\modules-2\files-2.1\org.jetbrains.kotlin\kotlin-stdlib-common\1.9.0\cd65c21cfd1eec4d44ef09f9f52b6d9f8a720636\kotlin-stdlib-common-1.9.0.jar;C:\Users\Annu pc\.gradle\caches\modules-2\files-2.1\org.jetbrains\annotations\13.0\919f0dfe192fb4e063e7dacadee7f8bb9a2672a9\annotations-13.0.jar
Launcher Type: SUN_STANDARD

[Global flags]
     intx CICompilerCount                          = 4                                         {product} {ergonomic}
     uint ConcGCThreads                            = 2                                         {product} {ergonomic}
     uint G1ConcRefinementThreads                  = 8                                         {product} {ergonomic}
   size_t G1HeapRegionSize                         = 2097152                                   {product} {ergonomic}
    uintx GCDrainStackTargetSize                   = 64                                        {product} {ergonomic}
   size_t InitialHeapSize                          = 268435456                                 {product} {ergonomic}
   size_t MarkStackSize                            = 4194304                                   {product} {ergonomic}
   size_t MaxHeapSize                              = 4273995776                                {product} {ergonomic}
   size_t MaxNewSize                               = 2562719744                                {product} {ergonomic}
   size_t MinHeapDeltaBytes                        = 2097152                                   {product} {ergonomic}
   size_t MinHeapSize                              = 8388608                                   {product} {ergonomic}
    uintx NonNMethodCodeHeapSize                   = 5839372                                {pd product} {ergonomic}
    uintx NonProfiledCodeHeapSize                  = 122909434                              {pd product} {ergonomic}
    uintx ProfiledCodeHeapSize                     = 122909434                              {pd product} {ergonomic}
    uintx ReservedCodeCacheSize                    = 251658240                              {pd product} {ergonomic}
     bool SegmentedCodeCache                       = true                                      {product} {ergonomic}
   size_t SoftMaxHeapSize                          = 4273995776                             {manageable} {ergonomic}
     bool UseCompressedOops                        = true                           {product lp64_product} {ergonomic}
     bool UseG1GC                                  = true                                      {product} {ergonomic}
     bool UseLargePagesIndividualAllocation        = false                                  {pd product} {ergonomic}

Logging:
Log output configuration:
 #0: stdout all=warning uptime,level,tags foldmultilines=false
 #1: stderr all=off uptime,level,tags foldmultilines=false

Release file:
JAVA_VERSION="21.0.10" 
MODULES="java.base java.compiler java.datatransfer java.xml java.prefs java.desktop java.instrument java.logging java.management java.security.sasl java.naming java.rmi java.management.rmi java.net.http java.scripting java.security.jgss java.transaction.xa java.sql java.sql.rowset java.xml.crypto java.se java.smartcardio jdk.accessibility jdk.internal.jvmstat jdk.attach jdk.charsets jdk.internal.opt jdk.zipfs jdk.compiler jdk.crypto.ec jdk.crypto.cryptoki jdk.dynalink jdk.hotspot.agent jdk.httpserver jdk.internal.ed jdk.internal.le jdk.internal.vm.ci jdk.jartool jdk.javadoc jdk.jcmd jdk.jdeps jdk.jdwp.agent jdk.jdi jdk.jfr jdk.jlink jdk.jsobject jdk.localedata jdk.management jdk.management.agent jdk.management.jfr jdk.naming.dns jdk.naming.rmi jdk.net jdk.sctp jdk.security.auth jdk.security.jgss jdk.unsupported jdk.unsupported.desktop jdk.xml.dom" 
IMPLEMENTOR="JetBrains s.r.o." 
JAVA_RUNTIME_VERSION="21.0.10+-14961533-b1163.108" 
LIBC="default" 
OS_ARCH="x86_64" 
OS_NAME="Windows" 
SOURCE=".:git:1351622c2ff2" 

Environment Variables:
JAVA_HOME=C:\Program Files\Eclipse Adoptium\jdk-17.0.18.8-hotspot
PATH=C:\Program Files\Eclipse Adoptium\jdk-17.0.18.8-hotspot\bin;C:\Program Files\Eclipse Adoptium\jdk-25.0.2.10-hotspot\bin;C:\Program Files\Common Files\Oracle\Java\javapath;C:\Windows\system32;C:\Windows;C:\Windows\System32\Wbem;C:\Windows\System32\WindowsPowerShell\v1.0\;C:\Windows\System32\OpenSSH\;C:\Program Files\Git\cmd;C:\bazel\;C:\Users\Annu pc\AppData\Local\Microsoft\WindowsApps;C:\ProgramData\Annu pc\GitHubDesktop\bin
USERNAME=Annu pc
OS=Windows_NT
PROCESSOR_IDENTIFIER=Intel64 Family 6 Model 94 Stepping 3, GenuineIntel
TMP=C:\Users\ANNUPC~1\AppData\Local\Temp
TEMP=C:\Users\ANNUPC~1\AppData\Local\Temp




Periodic native trim disabled

JNI global refs:
JNI global refs: 13, weak refs: 7

JNI global refs memory usage: 835, weak refs: 833

Process memory usage:
Resident Set Size: 598752K (3% of 16692172K total physical memory with 2573808K free physical memory)

OOME stack traces (most recent first):
Classloader memory used:
Loader jdk.internal.loader.ClassLoaders$AppClassLoader                                 : 61970K
Loader bootstrap                                                                       : 13586K

---------------  S Y S T E M  ---------------

OS:
 Windows 11 , 64 bit Build 22621 (10.0.22621.5415)
OS uptime: 4 days 1:08 hours

CPU: total 8 (initial active 8) (4 cores per cpu, 2 threads per core) family 6 model 94 stepping 3 microcode 0xd6, cx8, cmov, fxsr, ht, mmx, 3dnowpref, sse, sse2, sse3, ssse3, sse4.1, sse4.2, popcnt, lzcnt, tsc, tscinvbit, avx, avx2, aes, erms, clmul, bmi1, bmi2, rtm, adx, fma, vzeroupper, clflush, clflushopt, rdtscp, f16c
Processor Information for the first 8 processors :
  Max Mhz: 3408, Current Mhz: 3408, Mhz Limit: 3408

Memory: 4k page, system-wide physical 16300M (2513M free)
TotalPageFile size 34940M (AvailPageFile size 7M)
current process WorkingSet (physical memory assigned to process): 584M, peak: 584M
current process commit charge ("private bytes"): 626M, peak: 629M

vm_info: OpenJDK 64-Bit Server VM (21.0.10+-14961533-b1163.108) for windows-amd64 JRE (21.0.10+-14961533-b1163.108), built on 2026-03-02T19:58:50Z by "builder" with MS VC++ 16.10 / 16.11 (VS2019)

END.
