#
# There is insufficient memory for the Java Runtime Environment to continue.
# Native memory allocation (mmap) failed to map 58720256 bytes. Error detail: G1 virtual space
# Possible reasons:
#   The system is out of physical RAM or swap space
#   This process is running with CompressedOops enabled, and the Java Heap may be blocking the growth of the native heap
# Possible solutions:
#   Reduce memory load on the system
#   Increase physical memory or swap space
#   Check if swap backing store is full
#   Decrease Java heap size (-Xmx/-Xms)
#   Decrease number of Java threads
#   Decrease Java thread stack sizes (-Xss)
#   Set larger code cache with -XX:ReservedCodeCacheSize=
#   JVM is running with Zero Based Compressed Oops mode in which the Java heap is
#     placed in the first 32GB address space. The Java Heap base address is the
#     maximum limit for the native heap growth. Please use -XX:HeapBaseMinAddress
#     to set the Java Heap base and to place the Java Heap above 32GB virtual address.
# This output file may be truncated or incomplete.
#
#  Out of Memory Error (os_windows.cpp:3926), pid=18252, tid=10600
#
# JRE version: OpenJDK Runtime Environment (21.0.10) (build 21.0.10+-14961533-b1163.108)
# Java VM: OpenJDK 64-Bit Server VM (21.0.10+-14961533-b1163.108, mixed mode, tiered, compressed oops, compressed class ptrs, g1 gc, windows-amd64)
# No core dump will be written. Minidumps are not enabled by default on client versions of Windows
#

---------------  S U M M A R Y ------------

Command Line: org.jetbrains.kotlin.cli.jvm.K2JVMCompiler @D:\github\OQPAY-FinanceAndroidApplication\app\build\20260624_6883268148947455107.compiler.options

Host: Intel(R) Core(TM) i7-6700 CPU @ 3.40GHz, 8 cores, 15G,  Windows 11 , 64 bit Build 22621 (10.0.22621.5415)
Time: Wed Jun 24 18:41:54 2026 India Standard Time elapsed time: 11.801730 seconds (0d 0h 0m 11s)

---------------  T H R E A D  ---------------

Current thread (0x000001b0ab4fe750):  VMThread "VM Thread"          [id=10600, stack(0x000000716b200000,0x000000716b300000) (1024K)]

Stack: [0x000000716b200000,0x000000716b300000]
Native frames: (J=compiled Java code, j=interpreted, Vv=VM code, C=native code)
V  [jvm.dll+0x6d78a9]
V  [jvm.dll+0x8665b3]
V  [jvm.dll+0x868bde]
V  [jvm.dll+0x8692c3]
V  [jvm.dll+0x280ee6]
V  [jvm.dll+0x6d4165]
V  [jvm.dll+0x6c77fa]
V  [jvm.dll+0x358f4b]
V  [jvm.dll+0x360bc6]
V  [jvm.dll+0x3b2ea6]
V  [jvm.dll+0x3b3178]
V  [jvm.dll+0x32b65c]
V  [jvm.dll+0x32b6e7]
V  [jvm.dll+0x3715cc]
V  [jvm.dll+0x36fd7e]
V  [jvm.dll+0x32adb1]
V  [jvm.dll+0x36f480]
V  [jvm.dll+0x86f048]
V  [jvm.dll+0x870394]
V  [jvm.dll+0x8708d0]
V  [jvm.dll+0x870b63]
V  [jvm.dll+0x80fd28]
V  [jvm.dll+0x6d60fd]
C  [ucrtbase.dll+0x29333]
C  [KERNEL32.DLL+0x1259d]
C  [ntdll.dll+0x5af78]

VM_Operation (0x000000716abfa400): G1CollectForAllocation, mode: safepoint, requested by thread 0x000001b08f22d4a0


---------------  P R O C E S S  ---------------

Threads class SMR info:
_java_thread_list=0x000001b0ab86ffa0, length=13, elements={
0x000001b08f22d4a0, 0x000001b0ab681780, 0x000001b0ab6860b0, 0x000001b0ab686c10,
0x000001b0ab6aef70, 0x000001b0ab6af9d0, 0x000001b0ab6b0430, 0x000001b0ab6da660,
0x000001b0ab6a8a90, 0x000001b0ab6ad7d0, 0x000001b0ab86d7d0, 0x000001b0ab8a9ff0,
0x000001b0ab8aa6a0
}

Java Threads: ( => current thread )
  0x000001b08f22d4a0 JavaThread "main"                              [_thread_blocked, id=6416, stack(0x000000716ab00000,0x000000716ac00000) (1024K)]
  0x000001b0ab681780 JavaThread "Common-Cleaner"             daemon [_thread_blocked, id=4772, stack(0x000000716b300000,0x000000716b400000) (1024K)]
  0x000001b0ab6860b0 JavaThread "Reference Handler"          daemon [_thread_blocked, id=13004, stack(0x000000716b400000,0x000000716b500000) (1024K)]
  0x000001b0ab686c10 JavaThread "Finalizer"                  daemon [_thread_blocked, id=8612, stack(0x000000716b500000,0x000000716b600000) (1024K)]
  0x000001b0ab6aef70 JavaThread "Signal Dispatcher"          daemon [_thread_blocked, id=11876, stack(0x000000716b600000,0x000000716b700000) (1024K)]
  0x000001b0ab6af9d0 JavaThread "Attach Listener"            daemon [_thread_blocked, id=3700, stack(0x000000716b700000,0x000000716b800000) (1024K)]
  0x000001b0ab6b0430 JavaThread "Service Thread"             daemon [_thread_blocked, id=10112, stack(0x000000716b800000,0x000000716b900000) (1024K)]
  0x000001b0ab6da660 JavaThread "Monitor Deflation Thread"   daemon [_thread_blocked, id=8320, stack(0x000000716b900000,0x000000716ba00000) (1024K)]
  0x000001b0ab6a8a90 JavaThread "C2 CompilerThread0"         daemon [_thread_blocked, id=7536, stack(0x000000716ba00000,0x000000716bb00000) (1024K)]
  0x000001b0ab6ad7d0 JavaThread "C1 CompilerThread0"         daemon [_thread_blocked, id=14204, stack(0x000000716bb00000,0x000000716bc00000) (1024K)]
  0x000001b0ab86d7d0 JavaThread "Notification Thread"        daemon [_thread_blocked, id=9024, stack(0x000000716bc00000,0x000000716bd00000) (1024K)]
  0x000001b0ab8a9ff0 JavaThread "C2 CompilerThread1"         daemon [_thread_blocked, id=4496, stack(0x000000716bd00000,0x000000716be00000) (1024K)]
  0x000001b0ab8aa6a0 JavaThread "C2 CompilerThread2"         daemon [_thread_blocked, id=16356, stack(0x000000716be00000,0x000000716bf00000) (1024K)]
Total: 13

Other Threads:
=>0x000001b0ab4fe750 VMThread "VM Thread"                           [id=10600, stack(0x000000716b200000,0x000000716b300000) (1024K)]
  0x000001b0ab48ec00 WatcherThread "VM Periodic Task Thread"        [id=16908, stack(0x000000716b100000,0x000000716b200000) (1024K)]
  0x000001b09169f300 WorkerThread "GC Thread#0"                     [id=16736, stack(0x000000716ac00000,0x000000716ad00000) (1024K)]
  0x000001b0b04e37c0 WorkerThread "GC Thread#1"                     [id=5368, stack(0x000000716bf00000,0x000000716c000000) (1024K)]
  0x000001b0b045d410 WorkerThread "GC Thread#2"                     [id=11768, stack(0x000000716c000000,0x000000716c100000) (1024K)]
  0x000001b0b045d7c0 WorkerThread "GC Thread#3"                     [id=10628, stack(0x000000716c100000,0x000000716c200000) (1024K)]
  0x000001b0b045db70 WorkerThread "GC Thread#4"                     [id=11152, stack(0x000000716c200000,0x000000716c300000) (1024K)]
  0x000001b0b045df20 WorkerThread "GC Thread#5"                     [id=5892, stack(0x000000716c300000,0x000000716c400000) (1024K)]
  0x000001b0b0a90410 WorkerThread "GC Thread#6"                     [id=13964, stack(0x000000716c400000,0x000000716c500000) (1024K)]
  0x000001b0b09a72a0 WorkerThread "GC Thread#7"                     [id=7900, stack(0x000000716c500000,0x000000716c600000) (1024K)]
  0x000001b0916b0320 ConcurrentGCThread "G1 Main Marker"            [id=1560, stack(0x000000716ad00000,0x000000716ae00000) (1024K)]
  0x000001b0916b1de0 WorkerThread "G1 Conc#0"                       [id=11828, stack(0x000000716ae00000,0x000000716af00000) (1024K)]
  0x000001b0b09a7650 WorkerThread "G1 Conc#1"                       [id=5524, stack(0x000000716c600000,0x000000716c700000) (1024K)]
  0x000001b0916fe410 ConcurrentGCThread "G1 Refine#0"               [id=10452, stack(0x000000716af00000,0x000000716b000000) (1024K)]
  0x000001b0ab351570 ConcurrentGCThread "G1 Service"                [id=10332, stack(0x000000716b000000,0x000000716b100000) (1024K)]
Total: 15

Threads with active compile tasks:
C2 CompilerThread0  11826 15090       4       org.jetbrains.kotlin.descriptors.impl.AbstractReceiverParameterDescriptor::substitute (94 bytes)
C2 CompilerThread1  11826 15032       4       org.jetbrains.kotlin.resolve.calls.smartcasts.IdentifierInfoKt::getIdForStableIdentifier (421 bytes)
C2 CompilerThread2  11826 15054       4       org.jetbrains.kotlin.resolve.lazy.LazyDeclarationResolver::getMemberScopeDeclaredIn$frontend (206 bytes)
Total: 3

VM state: at safepoint (normal execution)

VM Mutex/Monitor currently owned by a thread:  ([mutex/lock_event])
[0x00007ffefed086d0] Threads_lock - owner thread: 0x000001b0ab4fe750
[0x00007ffefed087d0] Heap_lock - owner thread: 0x000001b08f22d4a0

Heap address: 0x0000000701400000, size: 4076 MB, Compressed Oops mode: Zero based, Oop shift amount: 3

CDS archive(s) not mapped
Compressed class space mapped at: 0x0000000800000000-0x0000000840000000, reserved size: 1073741824
Narrow klass base: 0x0000000800000000, Narrow klass shift: 0, Narrow klass range: 0x40000000

GC Precious Log:
 CardTable entry size: 512
 Card Set container configuration: InlinePtr #cards 4 size 8 Array Of Cards #cards 16 size 48 Howl #buckets 8 coarsen threshold 3686 Howl Bitmap #cards 512 size 80 coarsen threshold 460 Card regions per heap region 1 cards per card region 4096
 CPUs: 8 total, 8 available
 Memory: 16300M
 Large Page Support: Disabled
 NUMA Support: Disabled
 Compressed Oops: Enabled (Zero based)
 Heap Region Size: 2M
 Heap Min Capacity: 8M
 Heap Initial Capacity: 256M
 Heap Max Capacity: 4076M
 Pre-touch: Disabled
 Parallel Workers: 8
 Concurrent Workers: 2
 Concurrent Refinement Workers: 8
 Periodic GC: Disabled

Heap:
 garbage-first heap   total 264192K, used 137117K [0x0000000701400000, 0x0000000800000000)
  region size 2048K, 4 young (8192K), 4 survivors (8192K)
 Metaspace       used 73314K, committed 74048K, reserved 1179648K
  class space    used 8345K, committed 8704K, reserved 1048576K

Heap Regions: E=young(eden), S=young(survivor), O=old, HS=humongous(starts), HC=humongous(continues), CS=collection set, F=free, TAMS=top-at-mark-start, PB=parsable bottom
|   0|0x0000000701400000, 0x0000000701600000, 0x0000000701600000|100%|HS|  |TAMS 0x0000000701600000| PB 0x0000000701400000| Complete 
|   1|0x0000000701600000, 0x0000000701800000, 0x0000000701800000|100%|HC|  |TAMS 0x0000000701800000| PB 0x0000000701600000| Complete 
|   2|0x0000000701800000, 0x0000000701a00000, 0x0000000701a00000|100%| O|  |TAMS 0x0000000701a00000| PB 0x0000000701800000| Untracked 
|   3|0x0000000701a00000, 0x0000000701c00000, 0x0000000701c00000|100%| O|  |TAMS 0x0000000701c00000| PB 0x0000000701a00000| Untracked 
|   4|0x0000000701c00000, 0x0000000701e00000, 0x0000000701e00000|100%| O|  |TAMS 0x0000000701e00000| PB 0x0000000701c00000| Untracked 
|   5|0x0000000701e00000, 0x0000000702000000, 0x0000000702000000|100%| O|  |TAMS 0x0000000702000000| PB 0x0000000701e00000| Untracked 
|   6|0x0000000702000000, 0x0000000702200000, 0x0000000702200000|100%| O|  |TAMS 0x0000000702200000| PB 0x0000000702000000| Untracked 
|   7|0x0000000702200000, 0x0000000702400000, 0x0000000702400000|100%| O|  |TAMS 0x0000000702400000| PB 0x0000000702200000| Untracked 
|   8|0x0000000702400000, 0x0000000702600000, 0x0000000702600000|100%| O|  |TAMS 0x0000000702600000| PB 0x0000000702400000| Untracked 
|   9|0x0000000702600000, 0x0000000702800000, 0x0000000702800000|100%| O|  |TAMS 0x0000000702800000| PB 0x0000000702600000| Untracked 
|  10|0x0000000702800000, 0x0000000702a00000, 0x0000000702a00000|100%| O|  |TAMS 0x0000000702a00000| PB 0x0000000702800000| Untracked 
|  11|0x0000000702a00000, 0x0000000702c00000, 0x0000000702c00000|100%| O|  |TAMS 0x0000000702c00000| PB 0x0000000702a00000| Untracked 
|  12|0x0000000702c00000, 0x0000000702e00000, 0x0000000702e00000|100%| O|  |TAMS 0x0000000702e00000| PB 0x0000000702c00000| Untracked 
|  13|0x0000000702e00000, 0x0000000703000000, 0x0000000703000000|100%| O|  |TAMS 0x0000000703000000| PB 0x0000000702e00000| Untracked 
|  14|0x0000000703000000, 0x0000000703200000, 0x0000000703200000|100%| O|  |TAMS 0x0000000703200000| PB 0x0000000703000000| Untracked 
|  15|0x0000000703200000, 0x0000000703400000, 0x0000000703400000|100%|HS|  |TAMS 0x0000000703400000| PB 0x0000000703200000| Complete 
|  16|0x0000000703400000, 0x0000000703600000, 0x0000000703600000|100%| O|  |TAMS 0x0000000703600000| PB 0x0000000703400000| Untracked 
|  17|0x0000000703600000, 0x0000000703800000, 0x0000000703800000|100%| O|  |TAMS 0x0000000703800000| PB 0x0000000703600000| Untracked 
|  18|0x0000000703800000, 0x0000000703a00000, 0x0000000703a00000|100%| O|  |TAMS 0x0000000703a00000| PB 0x0000000703800000| Untracked 
|  19|0x0000000703a00000, 0x0000000703c00000, 0x0000000703c00000|100%| O|  |TAMS 0x0000000703c00000| PB 0x0000000703a00000| Untracked 
|  20|0x0000000703c00000, 0x0000000703e00000, 0x0000000703e00000|100%| O|  |TAMS 0x0000000703e00000| PB 0x0000000703c00000| Untracked 
|  21|0x0000000703e00000, 0x0000000704000000, 0x0000000704000000|100%| O|  |TAMS 0x0000000704000000| PB 0x0000000703e00000| Untracked 
|  22|0x0000000704000000, 0x0000000704200000, 0x0000000704200000|100%|HS|  |TAMS 0x0000000704200000| PB 0x0000000704000000| Complete 
|  23|0x0000000704200000, 0x0000000704400000, 0x0000000704400000|100%| O|  |TAMS 0x0000000704400000| PB 0x0000000704200000| Untracked 
|  24|0x0000000704400000, 0x0000000704600000, 0x0000000704600000|100%| O|  |TAMS 0x0000000704600000| PB 0x0000000704400000| Untracked 
|  25|0x0000000704600000, 0x0000000704800000, 0x0000000704800000|100%| O|  |TAMS 0x0000000704800000| PB 0x0000000704600000| Untracked 
|  26|0x0000000704800000, 0x0000000704a00000, 0x0000000704a00000|100%| O|  |TAMS 0x0000000704a00000| PB 0x0000000704800000| Untracked 
|  27|0x0000000704a00000, 0x0000000704c00000, 0x0000000704c00000|100%| O|  |TAMS 0x0000000704c00000| PB 0x0000000704a00000| Untracked 
|  28|0x0000000704c00000, 0x0000000704e00000, 0x0000000704e00000|100%| O|  |TAMS 0x0000000704e00000| PB 0x0000000704c00000| Untracked 
|  29|0x0000000704e00000, 0x0000000705000000, 0x0000000705000000|100%| O|  |TAMS 0x0000000705000000| PB 0x0000000704e00000| Untracked 
|  30|0x0000000705000000, 0x0000000705200000, 0x0000000705200000|100%| O|  |TAMS 0x0000000705200000| PB 0x0000000705000000| Untracked 
|  31|0x0000000705200000, 0x0000000705400000, 0x0000000705400000|100%| O|  |TAMS 0x0000000705400000| PB 0x0000000705200000| Untracked 
|  32|0x0000000705400000, 0x0000000705600000, 0x0000000705600000|100%| O|  |TAMS 0x0000000705600000| PB 0x0000000705400000| Untracked 
|  33|0x0000000705600000, 0x0000000705800000, 0x0000000705800000|100%| O|  |TAMS 0x0000000705800000| PB 0x0000000705600000| Untracked 
|  34|0x0000000705800000, 0x0000000705a00000, 0x0000000705a00000|100%| O|  |TAMS 0x0000000705a00000| PB 0x0000000705800000| Untracked 
|  35|0x0000000705a00000, 0x0000000705c00000, 0x0000000705c00000|100%| O|  |TAMS 0x0000000705c00000| PB 0x0000000705a00000| Untracked 
|  36|0x0000000705c00000, 0x0000000705e00000, 0x0000000705e00000|100%| O|  |TAMS 0x0000000705e00000| PB 0x0000000705c00000| Untracked 
|  37|0x0000000705e00000, 0x0000000706000000, 0x0000000706000000|100%| O|  |TAMS 0x0000000706000000| PB 0x0000000705e00000| Untracked 
|  38|0x0000000706000000, 0x0000000706200000, 0x0000000706200000|100%| O|  |TAMS 0x0000000706200000| PB 0x0000000706000000| Untracked 
|  39|0x0000000706200000, 0x0000000706400000, 0x0000000706400000|100%| O|  |TAMS 0x0000000706400000| PB 0x0000000706200000| Untracked 
|  40|0x0000000706400000, 0x0000000706600000, 0x0000000706600000|100%| O|  |TAMS 0x0000000706600000| PB 0x0000000706400000| Untracked 
|  41|0x0000000706600000, 0x0000000706800000, 0x0000000706800000|100%| O|  |TAMS 0x0000000706800000| PB 0x0000000706600000| Untracked 
|  42|0x0000000706800000, 0x0000000706a00000, 0x0000000706a00000|100%| O|  |TAMS 0x0000000706a00000| PB 0x0000000706800000| Untracked 
|  43|0x0000000706a00000, 0x0000000706c00000, 0x0000000706c00000|100%| O|  |TAMS 0x0000000706c00000| PB 0x0000000706a00000| Untracked 
|  44|0x0000000706c00000, 0x0000000706e00000, 0x0000000706e00000|100%| O|  |TAMS 0x0000000706e00000| PB 0x0000000706c00000| Untracked 
|  45|0x0000000706e00000, 0x0000000707000000, 0x0000000707000000|100%| O|  |TAMS 0x0000000706e00000| PB 0x0000000706e00000| Untracked 
|  46|0x0000000707000000, 0x0000000707200000, 0x0000000707200000|100%| O|  |TAMS 0x0000000707200000| PB 0x0000000707000000| Untracked 
|  47|0x0000000707200000, 0x0000000707400000, 0x0000000707400000|100%| O|  |TAMS 0x0000000707400000| PB 0x0000000707200000| Untracked 
|  48|0x0000000707400000, 0x0000000707600000, 0x0000000707600000|100%| O|  |TAMS 0x0000000707600000| PB 0x0000000707400000| Untracked 
|  49|0x0000000707600000, 0x0000000707800000, 0x0000000707800000|100%| O|  |TAMS 0x0000000707800000| PB 0x0000000707600000| Untracked 
|  50|0x0000000707800000, 0x0000000707a00000, 0x0000000707a00000|100%| O|  |TAMS 0x0000000707a00000| PB 0x0000000707800000| Untracked 
|  51|0x0000000707a00000, 0x0000000707c00000, 0x0000000707c00000|100%| O|  |TAMS 0x0000000707a00000| PB 0x0000000707a00000| Untracked 
|  52|0x0000000707c00000, 0x0000000707e00000, 0x0000000707e00000|100%| O|  |TAMS 0x0000000707e00000| PB 0x0000000707c00000| Untracked 
|  53|0x0000000707e00000, 0x0000000708000000, 0x0000000708000000|100%| O|  |TAMS 0x0000000708000000| PB 0x0000000707e00000| Untracked 
|  54|0x0000000708000000, 0x0000000708200000, 0x0000000708200000|100%| O|  |TAMS 0x0000000708200000| PB 0x0000000708000000| Untracked 
|  55|0x0000000708200000, 0x0000000708400000, 0x0000000708400000|100%| O|  |TAMS 0x0000000708400000| PB 0x0000000708200000| Untracked 
|  56|0x0000000708400000, 0x0000000708600000, 0x0000000708600000|100%| O|  |TAMS 0x0000000708600000| PB 0x0000000708400000| Untracked 
|  57|0x0000000708600000, 0x0000000708800000, 0x0000000708800000|100%| O|  |TAMS 0x0000000708800000| PB 0x0000000708600000| Untracked 
|  58|0x0000000708800000, 0x0000000708a00000, 0x0000000708a00000|100%| O|  |TAMS 0x0000000708a00000| PB 0x0000000708800000| Untracked 
|  59|0x0000000708a00000, 0x0000000708c00000, 0x0000000708c00000|100%| O|  |TAMS 0x0000000708c00000| PB 0x0000000708a00000| Untracked 
|  60|0x0000000708c00000, 0x0000000708e00000, 0x0000000708e00000|100%| O|  |TAMS 0x0000000708c00000| PB 0x0000000708c00000| Untracked 
|  61|0x0000000708e00000, 0x0000000708e00000, 0x0000000709000000|  0%| F|  |TAMS 0x0000000708e00000| PB 0x0000000708e00000| Untracked 
|  62|0x0000000709000000, 0x00000007091e75f0, 0x0000000709200000| 95%| O|  |TAMS 0x0000000709000000| PB 0x0000000709000000| Untracked 
|  63|0x0000000709200000, 0x0000000709200000, 0x0000000709400000|  0%| F|  |TAMS 0x0000000709200000| PB 0x0000000709200000| Untracked 
|  64|0x0000000709400000, 0x0000000709600000, 0x0000000709600000|100%| S|CS|TAMS 0x0000000709400000| PB 0x0000000709400000| Complete 
|  65|0x0000000709600000, 0x0000000709800000, 0x0000000709800000|100%| S|CS|TAMS 0x0000000709600000| PB 0x0000000709600000| Complete 
|  66|0x0000000709800000, 0x0000000709800000, 0x0000000709a00000|  0%| F|  |TAMS 0x0000000709800000| PB 0x0000000709800000| Untracked 
|  67|0x0000000709a00000, 0x0000000709a00000, 0x0000000709c00000|  0%| F|  |TAMS 0x0000000709a00000| PB 0x0000000709a00000| Untracked 
|  68|0x0000000709c00000, 0x0000000709c00000, 0x0000000709e00000|  0%| F|  |TAMS 0x0000000709c00000| PB 0x0000000709c00000| Untracked 
|  69|0x0000000709e00000, 0x000000070a000000, 0x000000070a000000|100%| S|CS|TAMS 0x0000000709e00000| PB 0x0000000709e00000| Complete 
|  70|0x000000070a000000, 0x000000070a200000, 0x000000070a200000|100%| S|CS|TAMS 0x000000070a000000| PB 0x000000070a000000| Complete 
|  71|0x000000070a200000, 0x000000070a200000, 0x000000070a400000|  0%| F|  |TAMS 0x000000070a200000| PB 0x000000070a200000| Untracked 
|  72|0x000000070a400000, 0x000000070a400000, 0x000000070a600000|  0%| F|  |TAMS 0x000000070a400000| PB 0x000000070a400000| Untracked 
|  73|0x000000070a600000, 0x000000070a600000, 0x000000070a800000|  0%| F|  |TAMS 0x000000070a600000| PB 0x000000070a600000| Untracked 
|  74|0x000000070a800000, 0x000000070a800000, 0x000000070aa00000|  0%| F|  |TAMS 0x000000070a800000| PB 0x000000070a800000| Untracked 
|  75|0x000000070aa00000, 0x000000070aa00000, 0x000000070ac00000|  0%| F|  |TAMS 0x000000070aa00000| PB 0x000000070aa00000| Untracked 
|  76|0x000000070ac00000, 0x000000070ac00000, 0x000000070ae00000|  0%| F|  |TAMS 0x000000070ac00000| PB 0x000000070ac00000| Untracked 
|  77|0x000000070ae00000, 0x000000070ae00000, 0x000000070b000000|  0%| F|  |TAMS 0x000000070ae00000| PB 0x000000070ae00000| Untracked 
|  78|0x000000070b000000, 0x000000070b000000, 0x000000070b200000|  0%| F|  |TAMS 0x000000070b000000| PB 0x000000070b000000| Untracked 
|  79|0x000000070b200000, 0x000000070b200000, 0x000000070b400000|  0%| F|  |TAMS 0x000000070b200000| PB 0x000000070b200000| Untracked 
|  80|0x000000070b400000, 0x000000070b400000, 0x000000070b600000|  0%| F|  |TAMS 0x000000070b400000| PB 0x000000070b400000| Untracked 
|  81|0x000000070b600000, 0x000000070b600000, 0x000000070b800000|  0%| F|  |TAMS 0x000000070b600000| PB 0x000000070b600000| Untracked 
|  82|0x000000070b800000, 0x000000070b800000, 0x000000070ba00000|  0%| F|  |TAMS 0x000000070b800000| PB 0x000000070b800000| Untracked 
|  83|0x000000070ba00000, 0x000000070ba00000, 0x000000070bc00000|  0%| F|  |TAMS 0x000000070ba00000| PB 0x000000070ba00000| Untracked 
|  84|0x000000070bc00000, 0x000000070bc00000, 0x000000070be00000|  0%| F|  |TAMS 0x000000070bc00000| PB 0x000000070bc00000| Untracked 
|  85|0x000000070be00000, 0x000000070be00000, 0x000000070c000000|  0%| F|  |TAMS 0x000000070be00000| PB 0x000000070be00000| Untracked 
|  86|0x000000070c000000, 0x000000070c000000, 0x000000070c200000|  0%| F|  |TAMS 0x000000070c000000| PB 0x000000070c000000| Untracked 
|  87|0x000000070c200000, 0x000000070c200000, 0x000000070c400000|  0%| F|  |TAMS 0x000000070c200000| PB 0x000000070c200000| Untracked 
|  88|0x000000070c400000, 0x000000070c400000, 0x000000070c600000|  0%| F|  |TAMS 0x000000070c400000| PB 0x000000070c400000| Untracked 
|  89|0x000000070c600000, 0x000000070c600000, 0x000000070c800000|  0%| F|  |TAMS 0x000000070c600000| PB 0x000000070c600000| Untracked 
|  90|0x000000070c800000, 0x000000070c800000, 0x000000070ca00000|  0%| F|  |TAMS 0x000000070c800000| PB 0x000000070c800000| Untracked 
|  91|0x000000070ca00000, 0x000000070ca00000, 0x000000070cc00000|  0%| F|  |TAMS 0x000000070ca00000| PB 0x000000070ca00000| Untracked 
|  92|0x000000070cc00000, 0x000000070cc00000, 0x000000070ce00000|  0%| F|  |TAMS 0x000000070cc00000| PB 0x000000070cc00000| Untracked 
|  93|0x000000070ce00000, 0x000000070ce00000, 0x000000070d000000|  0%| F|  |TAMS 0x000000070ce00000| PB 0x000000070ce00000| Untracked 
|  94|0x000000070d000000, 0x000000070d000000, 0x000000070d200000|  0%| F|  |TAMS 0x000000070d000000| PB 0x000000070d000000| Untracked 
|  95|0x000000070d200000, 0x000000070d200000, 0x000000070d400000|  0%| F|  |TAMS 0x000000070d200000| PB 0x000000070d200000| Untracked 
|  96|0x000000070d400000, 0x000000070d400000, 0x000000070d600000|  0%| F|  |TAMS 0x000000070d400000| PB 0x000000070d400000| Untracked 
|  97|0x000000070d600000, 0x000000070d600000, 0x000000070d800000|  0%| F|  |TAMS 0x000000070d600000| PB 0x000000070d600000| Untracked 
|  98|0x000000070d800000, 0x000000070d800000, 0x000000070da00000|  0%| F|  |TAMS 0x000000070d800000| PB 0x000000070d800000| Untracked 
|  99|0x000000070da00000, 0x000000070da00000, 0x000000070dc00000|  0%| F|  |TAMS 0x000000070da00000| PB 0x000000070da00000| Untracked 
| 100|0x000000070dc00000, 0x000000070dc00000, 0x000000070de00000|  0%| F|  |TAMS 0x000000070dc00000| PB 0x000000070dc00000| Untracked 
| 101|0x000000070de00000, 0x000000070de00000, 0x000000070e000000|  0%| F|  |TAMS 0x000000070de00000| PB 0x000000070de00000| Untracked 
| 102|0x000000070e000000, 0x000000070e000000, 0x000000070e200000|  0%| F|  |TAMS 0x000000070e000000| PB 0x000000070e000000| Untracked 
| 103|0x000000070e200000, 0x000000070e200000, 0x000000070e400000|  0%| F|  |TAMS 0x000000070e200000| PB 0x000000070e200000| Untracked 
| 104|0x000000070e400000, 0x000000070e400000, 0x000000070e600000|  0%| F|  |TAMS 0x000000070e400000| PB 0x000000070e400000| Untracked 
| 105|0x000000070e600000, 0x000000070e600000, 0x000000070e800000|  0%| F|  |TAMS 0x000000070e600000| PB 0x000000070e600000| Untracked 
| 106|0x000000070e800000, 0x000000070e800000, 0x000000070ea00000|  0%| F|  |TAMS 0x000000070e800000| PB 0x000000070e800000| Untracked 
| 107|0x000000070ea00000, 0x000000070ea00000, 0x000000070ec00000|  0%| F|  |TAMS 0x000000070ea00000| PB 0x000000070ea00000| Untracked 
| 108|0x000000070ec00000, 0x000000070ec00000, 0x000000070ee00000|  0%| F|  |TAMS 0x000000070ec00000| PB 0x000000070ec00000| Untracked 
| 109|0x000000070ee00000, 0x000000070ee00000, 0x000000070f000000|  0%| F|  |TAMS 0x000000070ee00000| PB 0x000000070ee00000| Untracked 
| 110|0x000000070f000000, 0x000000070f000000, 0x000000070f200000|  0%| F|  |TAMS 0x000000070f000000| PB 0x000000070f000000| Untracked 
| 111|0x000000070f200000, 0x000000070f200000, 0x000000070f400000|  0%| F|  |TAMS 0x000000070f200000| PB 0x000000070f200000| Untracked 
| 112|0x000000070f400000, 0x000000070f400000, 0x000000070f600000|  0%| F|  |TAMS 0x000000070f400000| PB 0x000000070f400000| Untracked 
| 113|0x000000070f600000, 0x000000070f600000, 0x000000070f800000|  0%| F|  |TAMS 0x000000070f600000| PB 0x000000070f600000| Untracked 
| 114|0x000000070f800000, 0x000000070f800000, 0x000000070fa00000|  0%| F|  |TAMS 0x000000070f800000| PB 0x000000070f800000| Untracked 
| 115|0x000000070fa00000, 0x000000070fa00000, 0x000000070fc00000|  0%| F|  |TAMS 0x000000070fa00000| PB 0x000000070fa00000| Untracked 
| 116|0x000000070fc00000, 0x000000070fc00000, 0x000000070fe00000|  0%| F|  |TAMS 0x000000070fc00000| PB 0x000000070fc00000| Untracked 
| 117|0x000000070fe00000, 0x000000070fe00000, 0x0000000710000000|  0%| F|  |TAMS 0x000000070fe00000| PB 0x000000070fe00000| Untracked 
| 118|0x0000000710000000, 0x0000000710000000, 0x0000000710200000|  0%| F|  |TAMS 0x0000000710000000| PB 0x0000000710000000| Untracked 
| 119|0x0000000710200000, 0x0000000710200000, 0x0000000710400000|  0%| F|  |TAMS 0x0000000710200000| PB 0x0000000710200000| Untracked 
| 120|0x0000000710400000, 0x0000000710400000, 0x0000000710600000|  0%| F|  |TAMS 0x0000000710400000| PB 0x0000000710400000| Untracked 
| 121|0x0000000710600000, 0x0000000710600000, 0x0000000710800000|  0%| F|  |TAMS 0x0000000710600000| PB 0x0000000710600000| Untracked 
| 122|0x0000000710800000, 0x0000000710800000, 0x0000000710a00000|  0%| F|  |TAMS 0x0000000710800000| PB 0x0000000710800000| Untracked 
| 123|0x0000000710a00000, 0x0000000710a00000, 0x0000000710c00000|  0%| F|  |TAMS 0x0000000710a00000| PB 0x0000000710a00000| Untracked 
| 124|0x0000000710c00000, 0x0000000710c00000, 0x0000000710e00000|  0%| F|  |TAMS 0x0000000710c00000| PB 0x0000000710c00000| Untracked 
| 125|0x0000000710e00000, 0x0000000710e00000, 0x0000000711000000|  0%| F|  |TAMS 0x0000000710e00000| PB 0x0000000710e00000| Untracked 
| 126|0x0000000711000000, 0x0000000711000000, 0x0000000711200000|  0%| F|  |TAMS 0x0000000711000000| PB 0x0000000711000000| Untracked 
| 127|0x0000000711200000, 0x0000000711200000, 0x0000000711400000|  0%| F|  |TAMS 0x0000000711200000| PB 0x0000000711200000| Untracked 
|2037|0x00000007ffe00000, 0x0000000800000000, 0x0000000800000000|100%| O|  |TAMS 0x0000000800000000| PB 0x00000007ffe00000| Untracked 

Card table byte_map: [0x000001b0a42d0000,0x000001b0a4ad0000] _byte_map_base: 0x000001b0a0ac6000

Marking Bits: (CMBitMap*) 0x000001b09169fa10
 Bits: [0x000001b0a4ad0000, 0x000001b0a8a80000)

Polling page: 0x000001b08f4c0000

Metaspace:

Usage:
  Non-class:     63.45 MB used.
      Class:      8.15 MB used.
       Both:     71.60 MB used.

Virtual space:
  Non-class space:      128.00 MB reserved,      63.81 MB ( 50%) committed,  2 nodes.
      Class space:        1.00 GB reserved,       8.50 MB ( <1%) committed,  1 nodes.
             Both:        1.12 GB reserved,      72.31 MB (  6%) committed. 

Chunk freelists:
   Non-Class:  15.59 MB
       Class:  7.52 MB
        Both:  23.11 MB

MaxMetaspaceSize: unlimited
CompressedClassSpaceSize: 1.00 GB
Initial GC threshold: 21.00 MB
Current GC threshold: 105.88 MB
CDS: off
 - commit_granule_bytes: 65536.
 - commit_granule_words: 8192.
 - virtual_space_node_default_size: 8388608.
 - enlarge_chunks_in_place: 1.
 - use_allocation_guard: 0.


Internal statistics:

num_allocs_failed_limit: 3.
num_arena_births: 1284.
num_arena_deaths: 0.
num_vsnodes_births: 3.
num_vsnodes_deaths: 0.
num_space_committed: 1155.
num_space_uncommitted: 0.
num_chunks_returned_to_freelist: 3.
num_chunks_taken_from_freelist: 3782.
num_chunk_merges: 3.
num_chunk_splits: 2877.
num_chunks_enlarged: 2258.
num_inconsistent_stats: 0.

CodeHeap 'non-profiled nmethods': size=120000Kb used=10173Kb max_used=10173Kb free=109826Kb
 bounds [0x000001b09c270000, 0x000001b09cc60000, 0x000001b0a37a0000]
CodeHeap 'profiled nmethods': size=120000Kb used=38622Kb max_used=38622Kb free=81377Kb
 bounds [0x000001b0947a0000, 0x000001b096d60000, 0x000001b09bcd0000]
CodeHeap 'non-nmethods': size=5760Kb used=1491Kb max_used=1607Kb free=4269Kb
 bounds [0x000001b09bcd0000, 0x000001b09bf40000, 0x000001b09c270000]
CodeCache: size=245760Kb, used=50286Kb, max_used=50402Kb, free=195472Kb
 total_blobs=13587, nmethods=12941, adapters=547, full_count=0
Compilation: enabled, stopped_count=0, restarted_count=0

Compilation events (20 events):
Event: 11.776 Thread 0x000001b0ab6a8a90 15090       4       org.jetbrains.kotlin.descriptors.impl.AbstractReceiverParameterDescriptor::substitute (94 bytes)
Event: 11.776 Thread 0x000001b0ab6ad7d0 nmethod 15100 0x000001b096d3ff10 code [0x000001b096d40ce0, 0x000001b096d4a6b8]
Event: 11.777 Thread 0x000001b0ab6ad7d0 15104       2       org.jetbrains.kotlin.psi.KtPsiUtil::deparenthesizeOnce (68 bytes)
Event: 11.777 Thread 0x000001b0ab6ad7d0 nmethod 15104 0x000001b096d4da10 code [0x000001b096d4dd00, 0x000001b096d4e7b0]
Event: 11.777 Thread 0x000001b0ab6ad7d0 15101       2       org.jetbrains.kotlin.resolve.AllUnderImportScope::getContributedClassifier (83 bytes)
Event: 11.778 Thread 0x000001b0ab6ad7d0 nmethod 15101 0x000001b096d4ec90 code [0x000001b096d4ef00, 0x000001b096d4f4f8]
Event: 11.778 Thread 0x000001b0ab6ad7d0 15103       3       org.jetbrains.kotlin.resolve.scopes.SyntheticScopesKt::collectSyntheticStaticFunctions (119 bytes)
Event: 11.779 Thread 0x000001b0ab6ad7d0 nmethod 15103 0x000001b096d4f810 code [0x000001b096d4fbe0, 0x000001b096d51448]
Event: 11.779 Thread 0x000001b0ab6ad7d0 15105       3       org.jetbrains.kotlin.resolve.FunctionDescriptorUtil::getFunctionInnerScope (47 bytes)
Event: 11.779 Thread 0x000001b0ab6ad7d0 nmethod 15105 0x000001b096d51c90 code [0x000001b096d52000, 0x000001b096d532b8]
Event: 11.779 Thread 0x000001b0ab6ad7d0 15106       3       org.jetbrains.kotlin.resolve.FunctionDescriptorUtil::getFunctionInnerScope (60 bytes)
Event: 11.780 Thread 0x000001b0ab6ad7d0 nmethod 15106 0x000001b096d53990 code [0x000001b096d53c00, 0x000001b096d545a8]
Event: 11.781 Thread 0x000001b0ab6ad7d0 15108       2       org.jetbrains.kotlin.resolve.lazy.LazyImportScope$getContributedVariables$1::invoke (9 bytes)
Event: 11.781 Thread 0x000001b0ab6ad7d0 nmethod 15108 0x000001b096d54910 code [0x000001b096d54b00, 0x000001b096d54e80]
Event: 11.781 Thread 0x000001b0ab6ad7d0 15109       3       org.jetbrains.kotlin.types.error.ErrorUtils::createErrorTypeConstructor (30 bytes)
Event: 11.782 Thread 0x000001b0ab6ad7d0 nmethod 15109 0x000001b096d55090 code [0x000001b096d55360, 0x000001b096d55ff0]
Event: 11.782 Thread 0x000001b0ab6ad7d0 15110       3       org.jetbrains.kotlin.resolve.sam.SamConversionResolverImpl::resolveFunctionTypeIfSamInterface (32 bytes)
Event: 11.783 Thread 0x000001b0ab6ad7d0 nmethod 15110 0x000001b096d56490 code [0x000001b096d566e0, 0x000001b096d570b0]
Event: 11.783 Thread 0x000001b0ab6ad7d0 15111       3       org.jetbrains.kotlin.resolve.sam.SamConversionResolverImpl$resolveFunctionTypeIfSamInterface$1::<init> (16 bytes)
Event: 11.783 Thread 0x000001b0ab6ad7d0 nmethod 15111 0x000001b096d57410 code [0x000001b096d575c0, 0x000001b096d57858]

GC Heap History (20 events):
Event: 6.067 GC heap after
{Heap after GC invocations=20 (full 0):
 garbage-first heap   total 131072K, used 82497K [0x0000000701400000, 0x0000000800000000)
  region size 2048K, 2 young (4096K), 2 survivors (4096K)
 Metaspace       used 62555K, committed 63232K, reserved 1114112K
  class space    used 7365K, committed 7680K, reserved 1048576K
}
Event: 6.426 GC heap before
{Heap before GC invocations=20 (full 0):
 garbage-first heap   total 131072K, used 109121K [0x0000000701400000, 0x0000000800000000)
  region size 2048K, 15 young (30720K), 2 survivors (4096K)
 Metaspace       used 63206K, committed 63872K, reserved 1114112K
  class space    used 7383K, committed 7680K, reserved 1048576K
}
Event: 6.440 GC heap after
{Heap after GC invocations=21 (full 0):
 garbage-first heap   total 131072K, used 87197K [0x0000000701400000, 0x0000000800000000)
  region size 2048K, 2 young (4096K), 2 survivors (4096K)
 Metaspace       used 63206K, committed 63872K, reserved 1114112K
  class space    used 7383K, committed 7680K, reserved 1048576K
}
Event: 6.666 GC heap before
{Heap before GC invocations=21 (full 0):
 garbage-first heap   total 131072K, used 111773K [0x0000000701400000, 0x0000000800000000)
  region size 2048K, 14 young (28672K), 2 survivors (4096K)
 Metaspace       used 63350K, committed 64064K, reserved 1114112K
  class space    used 7395K, committed 7744K, reserved 1048576K
}
Event: 6.674 GC heap after
{Heap after GC invocations=22 (full 0):
 garbage-first heap   total 208896K, used 92160K [0x0000000701400000, 0x0000000800000000)
  region size 2048K, 2 young (4096K), 2 survivors (4096K)
 Metaspace       used 63350K, committed 64064K, reserved 1114112K
  class space    used 7395K, committed 7744K, reserved 1048576K
}
Event: 7.116 GC heap before
{Heap before GC invocations=23 (full 0):
 garbage-first heap   total 208896K, used 163840K [0x0000000701400000, 0x0000000800000000)
  region size 2048K, 37 young (75776K), 2 survivors (4096K)
 Metaspace       used 63481K, committed 64192K, reserved 1114112K
  class space    used 7400K, committed 7744K, reserved 1048576K
}
Event: 7.134 GC heap after
{Heap after GC invocations=24 (full 0):
 garbage-first heap   total 208896K, used 105921K [0x0000000701400000, 0x0000000800000000)
  region size 2048K, 5 young (10240K), 5 survivors (10240K)
 Metaspace       used 63481K, committed 64192K, reserved 1114112K
  class space    used 7400K, committed 7744K, reserved 1048576K
}
Event: 7.556 GC heap before
{Heap before GC invocations=24 (full 0):
 garbage-first heap   total 208896K, used 169409K [0x0000000701400000, 0x0000000800000000)
  region size 2048K, 36 young (73728K), 5 survivors (10240K)
 Metaspace       used 64338K, committed 65024K, reserved 1114112K
  class space    used 7507K, committed 7808K, reserved 1048576K
}
Event: 7.572 GC heap after
{Heap after GC invocations=25 (full 0):
 garbage-first heap   total 208896K, used 115953K [0x0000000701400000, 0x0000000800000000)
  region size 2048K, 5 young (10240K), 5 survivors (10240K)
 Metaspace       used 64338K, committed 65024K, reserved 1114112K
  class space    used 7507K, committed 7808K, reserved 1048576K
}
Event: 7.633 GC heap before
{Heap before GC invocations=25 (full 0):
 garbage-first heap   total 208896K, used 175345K [0x0000000701400000, 0x0000000800000000)
  region size 2048K, 34 young (69632K), 5 survivors (10240K)
 Metaspace       used 64344K, committed 65024K, reserved 1114112K
  class space    used 7507K, committed 7808K, reserved 1048576K
}
Event: 7.640 GC heap after
{Heap after GC invocations=26 (full 0):
 garbage-first heap   total 208896K, used 116599K [0x0000000701400000, 0x0000000800000000)
  region size 2048K, 1 young (2048K), 1 survivors (2048K)
 Metaspace       used 64344K, committed 65024K, reserved 1114112K
  class space    used 7507K, committed 7808K, reserved 1048576K
}
Event: 7.702 GC heap before
{Heap before GC invocations=26 (full 0):
 garbage-first heap   total 208896K, used 178039K [0x0000000701400000, 0x0000000800000000)
  region size 2048K, 31 young (63488K), 1 survivors (2048K)
 Metaspace       used 64345K, committed 65024K, reserved 1114112K
  class space    used 7507K, committed 7808K, reserved 1048576K
}
Event: 7.703 GC heap after
{Heap after GC invocations=27 (full 0):
 garbage-first heap   total 208896K, used 116151K [0x0000000701400000, 0x0000000800000000)
  region size 2048K, 1 young (2048K), 1 survivors (2048K)
 Metaspace       used 64345K, committed 65024K, reserved 1114112K
  class space    used 7507K, committed 7808K, reserved 1048576K
}
Event: 7.760 GC heap before
{Heap before GC invocations=27 (full 0):
 garbage-first heap   total 208896K, used 181687K [0x0000000701400000, 0x0000000800000000)
  region size 2048K, 33 young (67584K), 1 survivors (2048K)
 Metaspace       used 64358K, committed 65024K, reserved 1114112K
  class space    used 7508K, committed 7808K, reserved 1048576K
}
Event: 7.760 GC heap after
{Heap after GC invocations=28 (full 0):
 garbage-first heap   total 208896K, used 115814K [0x0000000701400000, 0x0000000800000000)
  region size 2048K, 1 young (2048K), 1 survivors (2048K)
 Metaspace       used 64358K, committed 65024K, reserved 1114112K
  class space    used 7508K, committed 7808K, reserved 1048576K
}
Event: 9.317 GC heap before
{Heap before GC invocations=29 (full 0):
 garbage-first heap   total 208896K, used 185446K [0x0000000701400000, 0x0000000800000000)
  region size 2048K, 35 young (71680K), 1 survivors (2048K)
 Metaspace       used 70256K, committed 70976K, reserved 1114112K
  class space    used 8091K, committed 8448K, reserved 1048576K
}
Event: 9.327 GC heap after
{Heap after GC invocations=30 (full 0):
 garbage-first heap   total 208896K, used 122538K [0x0000000701400000, 0x0000000800000000)
  region size 2048K, 4 young (8192K), 4 survivors (8192K)
 Metaspace       used 70256K, committed 70976K, reserved 1114112K
  class space    used 8091K, committed 8448K, reserved 1048576K
}
Event: 10.725 GC heap before
{Heap before GC invocations=30 (full 0):
 garbage-first heap   total 208896K, used 188074K [0x0000000701400000, 0x0000000800000000)
  region size 2048K, 36 young (73728K), 4 survivors (8192K)
 Metaspace       used 72636K, committed 73472K, reserved 1114112K
  class space    used 8288K, committed 8704K, reserved 1048576K
}
Event: 10.743 GC heap after
{Heap after GC invocations=31 (full 0):
 garbage-first heap   total 208896K, used 128896K [0x0000000701400000, 0x0000000800000000)
  region size 2048K, 4 young (8192K), 4 survivors (8192K)
 Metaspace       used 72636K, committed 73472K, reserved 1114112K
  class space    used 8288K, committed 8704K, reserved 1048576K
}
Event: 11.783 GC heap before
{Heap before GC invocations=31 (full 0):
 garbage-first heap   total 208896K, used 190336K [0x0000000701400000, 0x0000000800000000)
  region size 2048K, 34 young (69632K), 4 survivors (8192K)
 Metaspace       used 73314K, committed 74048K, reserved 1179648K
  class space    used 8345K, committed 8704K, reserved 1048576K
}

Dll operation events (3 events):
Event: 0.008 Loaded shared library C:\Program Files\Android\Android Studio\jbr\bin\java.dll
Event: 0.014 Loaded shared library C:\Program Files\Android\Android Studio\jbr\bin\zip.dll
Event: 1.195 Loaded shared library C:\Program Files\Android\Android Studio\jbr\bin\verify.dll

Deoptimization events (20 events):
Event: 11.750 Thread 0x000001b08f22d4a0 Uncommon trap: trap_request=0xffffff45 fr.pc=0x000001b09ca65920 relative=0x0000000000000760
Event: 11.750 Thread 0x000001b08f22d4a0 Uncommon trap: reason=unstable_if action=reinterpret pc=0x000001b09ca65920 method=org.jetbrains.kotlin.types.TypeUtils.contains(Lorg/jetbrains/kotlin/types/KotlinType;Lkotlin/jvm/functions/Function1;Lorg/jetbrains/kotlin/utils/SmartSet;)Z @ 172 c2
Event: 11.750 Thread 0x000001b08f22d4a0 DEOPT PACKING pc=0x000001b09ca65920 sp=0x000000716abfa9e0
Event: 11.750 Thread 0x000001b08f22d4a0 DEOPT UNPACKING pc=0x000001b09bd24422 sp=0x000000716abfa758 mode 2
Event: 11.750 Thread 0x000001b08f22d4a0 Uncommon trap: trap_request=0xffffff45 fr.pc=0x000001b09cb8f6ac relative=0x00000000000007cc
Event: 11.750 Thread 0x000001b08f22d4a0 Uncommon trap: reason=unstable_if action=reinterpret pc=0x000001b09cb8f6ac method=org.jetbrains.kotlin.types.TypeUtils.contains(Lorg/jetbrains/kotlin/types/KotlinType;Lkotlin/jvm/functions/Function1;Lorg/jetbrains/kotlin/utils/SmartSet;)Z @ 172 c2
Event: 11.750 Thread 0x000001b08f22d4a0 DEOPT PACKING pc=0x000001b09cb8f6ac sp=0x000000716abfa940
Event: 11.750 Thread 0x000001b08f22d4a0 DEOPT UNPACKING pc=0x000001b09bd24422 sp=0x000000716abfa540 mode 2
Event: 11.751 Thread 0x000001b08f22d4a0 Uncommon trap: trap_request=0xffffff45 fr.pc=0x000001b09cb946c8 relative=0x0000000000000908
Event: 11.751 Thread 0x000001b08f22d4a0 Uncommon trap: reason=unstable_if action=reinterpret pc=0x000001b09cb946c8 method=org.jetbrains.kotlin.resolve.calls.inference.components.NewTypeSubstitutor.substitute(Lorg/jetbrains/kotlin/types/SimpleType;ZZ)Lorg/jetbrains/kotlin/types/UnwrappedType; @ 
Event: 11.751 Thread 0x000001b08f22d4a0 DEOPT PACKING pc=0x000001b09cb946c8 sp=0x000000716abfa3a0
Event: 11.751 Thread 0x000001b08f22d4a0 DEOPT UNPACKING pc=0x000001b09bd24422 sp=0x000000716abfa298 mode 2
Event: 11.751 Thread 0x000001b08f22d4a0 Uncommon trap: trap_request=0xffffff45 fr.pc=0x000001b09cbef5d0 relative=0x0000000000000670
Event: 11.751 Thread 0x000001b08f22d4a0 Uncommon trap: reason=unstable_if action=reinterpret pc=0x000001b09cbef5d0 method=org.jetbrains.kotlin.types.AbstractTypeChecker.completeIsSubTypeOf(Lorg/jetbrains/kotlin/types/TypeCheckerState;Lorg/jetbrains/kotlin/types/model/KotlinTypeMarker;Lorg/jetbr
Event: 11.751 Thread 0x000001b08f22d4a0 DEOPT PACKING pc=0x000001b09cbef5d0 sp=0x000000716abfadd0
Event: 11.751 Thread 0x000001b08f22d4a0 DEOPT UNPACKING pc=0x000001b09bd24422 sp=0x000000716abfac30 mode 2
Event: 11.767 Thread 0x000001b08f22d4a0 Uncommon trap: trap_request=0xfffffff4 fr.pc=0x000001b09cc58d14 relative=0x00000000000002b4
Event: 11.767 Thread 0x000001b08f22d4a0 Uncommon trap: reason=null_check action=make_not_entrant pc=0x000001b09cc58d14 method=org.jetbrains.kotlin.psi.KtPsiUtil.deparenthesizeOnce(Lorg/jetbrains/kotlin/psi/KtExpression;Z)Lorg/jetbrains/kotlin/psi/KtExpression; @ 1 c2
Event: 11.767 Thread 0x000001b08f22d4a0 DEOPT PACKING pc=0x000001b09cc58d14 sp=0x000000716abfb090
Event: 11.767 Thread 0x000001b08f22d4a0 DEOPT UNPACKING pc=0x000001b09bd24422 sp=0x000000716abfb010 mode 2

Classes loaded (20 events):
Event: 8.072 Loading class jdk/internal/math/DoubleToDecimal
Event: 8.072 Loading class jdk/internal/math/DoubleToDecimal done
Event: 8.072 Loading class jdk/internal/math/MathUtils
Event: 8.072 Loading class jdk/internal/math/MathUtils done
Event: 8.328 Loading class jdk/internal/math/FloatingDecimal
Event: 8.328 Loading class jdk/internal/math/FloatingDecimal done
Event: 8.328 Loading class jdk/internal/math/FloatingDecimal$ExceptionalBinaryToASCIIBuffer
Event: 8.329 Loading class jdk/internal/math/FloatingDecimal$BinaryToASCIIConverter
Event: 8.329 Loading class jdk/internal/math/FloatingDecimal$BinaryToASCIIConverter done
Event: 8.329 Loading class jdk/internal/math/FloatingDecimal$ExceptionalBinaryToASCIIBuffer done
Event: 8.329 Loading class jdk/internal/math/FloatingDecimal$BinaryToASCIIBuffer
Event: 8.329 Loading class jdk/internal/math/FloatingDecimal$BinaryToASCIIBuffer done
Event: 8.329 Loading class jdk/internal/math/FloatingDecimal$1
Event: 8.329 Loading class jdk/internal/math/FloatingDecimal$1 done
Event: 8.329 Loading class jdk/internal/math/FloatingDecimal$PreparedASCIIToBinaryBuffer
Event: 8.329 Loading class jdk/internal/math/FloatingDecimal$ASCIIToBinaryConverter
Event: 8.329 Loading class jdk/internal/math/FloatingDecimal$ASCIIToBinaryConverter done
Event: 8.329 Loading class jdk/internal/math/FloatingDecimal$PreparedASCIIToBinaryBuffer done
Event: 9.125 Loading class java/util/Collections$CopiesList
Event: 9.125 Loading class java/util/Collections$CopiesList done

Classes unloaded (0 events):
No events

Classes redefined (0 events):
No events

Internal exceptions (20 events):
Event: 4.534 Thread 0x000001b08f22d4a0 Exception <a 'java/lang/NoSuchMethodError'{0x000000070669a248}: 'java.lang.Object java.lang.invoke.DirectMethodHandle$Holder.invokeSpecial(java.lang.Object, java.lang.Object, java.lang.Object, java.lang.Object, java.lang.Object, int)'> (0x000000070669a248) 
thrown [s\src\hotspot\share\interpreter\linkResolver.cpp, line 784]
Event: 4.534 Thread 0x000001b08f22d4a0 Exception <a 'java/lang/NoSuchMethodError'{0x000000070669e228}: 'java.lang.Object java.lang.invoke.Invokers$Holder.linkToTargetMethod(java.lang.Object, java.lang.Object, java.lang.Object, int, java.lang.Object)'> (0x000000070669e228) 
thrown [s\src\hotspot\share\interpreter\linkResolver.cpp, line 784]
Event: 4.681 Thread 0x000001b08f22d4a0 Exception <a 'java/lang/NoSuchMethodError'{0x0000000705f433b8}: 'java.lang.Object java.lang.invoke.DirectMethodHandle$Holder.newInvokeSpecial(java.lang.Object, int, java.lang.Object)'> (0x0000000705f433b8) 
thrown [s\src\hotspot\share\interpreter\linkResolver.cpp, line 784]
Event: 4.726 Thread 0x000001b08f22d4a0 Implicit null exception at 0x000001b09c69ae7b to 0x000001b09c69b634
Event: 4.773 Thread 0x000001b08f22d4a0 Implicit null exception at 0x000001b09c57ec83 to 0x000001b09c57eee8
Event: 5.743 Thread 0x000001b08f22d4a0 Exception <a 'java/lang/NoSuchMethodError'{0x0000000706cbb980}: 'java.lang.Object java.lang.invoke.DirectMethodHandle$Holder.invokeSpecial(java.lang.Object, java.lang.Object, java.lang.Object, java.lang.Object, java.lang.Object, java.lang.Object, int)'> (0x0000000706cbb980) 
thrown [s\src\hotspot\share\interpreter\linkResolver.cpp, line 784]
Event: 7.461 Thread 0x000001b08f22d4a0 Exception <a 'java/lang/NoSuchMethodError'{0x000000070b113a20}: 'void java.lang.invoke.DirectMethodHandle$Holder.invokeInterface(java.lang.Object, java.lang.Object)'> (0x000000070b113a20) 
thrown [s\src\hotspot\share\interpreter\linkResolver.cpp, line 784]
Event: 7.874 Thread 0x000001b08f22d4a0 Implicit null exception at 0x000001b09c7786d5 to 0x000001b09c778a0c
Event: 7.957 Thread 0x000001b08f22d4a0 Exception <a 'java/lang/NoSuchMethodError'{0x000000070cbdd170}: 'void java.lang.invoke.DirectMethodHandle$Holder.invokeSpecial(java.lang.Object, java.lang.Object, int, java.lang.Object)'> (0x000000070cbdd170) 
thrown [s\src\hotspot\share\interpreter\linkResolver.cpp, line 784]
Event: 8.027 Thread 0x000001b08f22d4a0 Exception <a 'java/lang/IncompatibleClassChangeError'{0x000000070c6ce3b8}: Found class java.lang.Object, but interface was expected> (0x000000070c6ce3b8) 
thrown [s\src\hotspot\share\interpreter\linkResolver.cpp, line 851]
Event: 8.425 Thread 0x000001b08f22d4a0 Exception <a 'java/lang/IncompatibleClassChangeError'{0x000000070b921dd0}: Found class java.lang.Object, but interface was expected> (0x000000070b921dd0) 
thrown [s\src\hotspot\share\interpreter\linkResolver.cpp, line 851]
Event: 8.737 Thread 0x000001b08f22d4a0 Implicit null exception at 0x000001b09c92c124 to 0x000001b09c92c21d
Event: 9.188 Thread 0x000001b08f22d4a0 Implicit null exception at 0x000001b09c9464a4 to 0x000001b09c9468a4
Event: 9.231 Thread 0x000001b08f22d4a0 Implicit null exception at 0x000001b09c93c4c0 to 0x000001b09c93c64c
Event: 9.950 Thread 0x000001b08f22d4a0 Implicit null exception at 0x000001b09c4cf0c0 to 0x000001b09c4cf42c
Event: 10.047 Thread 0x000001b08f22d4a0 Implicit null exception at 0x000001b09ca3c9ca to 0x000001b09ca3d29c
Event: 10.122 Thread 0x000001b08f22d4a0 Exception <a 'java/lang/NoSuchMethodError'{0x000000070c001f08}: 'java.lang.Object java.lang.invoke.DirectMethodHandle$Holder.newInvokeSpecial(java.lang.Object, int, java.lang.Object, java.lang.Object)'> (0x000000070c001f08) 
thrown [s\src\hotspot\share\interpreter\linkResolver.cpp, line 784]
Event: 10.477 Thread 0x000001b08f22d4a0 Implicit null exception at 0x000001b09c9e77c1 to 0x000001b09c9e9890
Event: 11.718 Thread 0x000001b08f22d4a0 Implicit null exception at 0x000001b09c6f9630 to 0x000001b09c6f9b18
Event: 11.767 Thread 0x000001b08f22d4a0 Implicit null exception at 0x000001b09cc58a80 to 0x000001b09cc58d04

ZGC Phase Switch (0 events):
No events

VM Operations (20 events):
Event: 10.978 Executing safepoint VM operation: ICBufferFull done
Event: 11.120 Executing non-safepoint VM operation: HandshakeAllThreads (Deoptimize)
Event: 11.120 Executing non-safepoint VM operation: HandshakeAllThreads (Deoptimize) done
Event: 11.137 Executing safepoint VM operation: ICBufferFull
Event: 11.137 Executing safepoint VM operation: ICBufferFull done
Event: 11.238 Executing non-safepoint VM operation: HandshakeAllThreads (Deoptimize)
Event: 11.238 Executing non-safepoint VM operation: HandshakeAllThreads (Deoptimize) done
Event: 11.311 Executing safepoint VM operation: ICBufferFull
Event: 11.311 Executing safepoint VM operation: ICBufferFull done
Event: 11.595 Executing safepoint VM operation: ICBufferFull
Event: 11.596 Executing safepoint VM operation: ICBufferFull done
Event: 11.704 Executing non-safepoint VM operation: HandshakeAllThreads (Deoptimize)
Event: 11.704 Executing non-safepoint VM operation: HandshakeAllThreads (Deoptimize) done
Event: 11.746 Executing non-safepoint VM operation: HandshakeAllThreads (Deoptimize)
Event: 11.746 Executing non-safepoint VM operation: HandshakeAllThreads (Deoptimize) done
Event: 11.747 Executing non-safepoint VM operation: HandshakeAllThreads (Deoptimize)
Event: 11.748 Executing non-safepoint VM operation: HandshakeAllThreads (Deoptimize) done
Event: 11.759 Executing safepoint VM operation: ICBufferFull
Event: 11.759 Executing safepoint VM operation: ICBufferFull done
Event: 11.783 Executing safepoint VM operation: G1CollectForAllocation (G1 Evacuation Pause)

Memory protections (0 events):
No events

Nmethod flushes (20 events):
Event: 7.777 Thread 0x000001b0ab4fe750 flushing  nmethod 0x000001b0951e3010
Event: 7.777 Thread 0x000001b0ab4fe750 flushing  nmethod 0x000001b095225490
Event: 7.777 Thread 0x000001b0ab4fe750 flushing  nmethod 0x000001b095229390
Event: 7.777 Thread 0x000001b0ab4fe750 flushing  nmethod 0x000001b095494590
Event: 7.777 Thread 0x000001b0ab4fe750 flushing  nmethod 0x000001b095527010
Event: 7.777 Thread 0x000001b0ab4fe750 flushing  nmethod 0x000001b095559990
Event: 7.777 Thread 0x000001b0ab4fe750 flushing  nmethod 0x000001b095583f90
Event: 7.777 Thread 0x000001b0ab4fe750 flushing  nmethod 0x000001b095585810
Event: 7.777 Thread 0x000001b0ab4fe750 flushing  nmethod 0x000001b095587410
Event: 7.777 Thread 0x000001b0ab4fe750 flushing  nmethod 0x000001b095587810
Event: 7.777 Thread 0x000001b0ab4fe750 flushing  nmethod 0x000001b0955ab690
Event: 7.777 Thread 0x000001b0ab4fe750 flushing  nmethod 0x000001b095619310
Event: 7.777 Thread 0x000001b0ab4fe750 flushing  nmethod 0x000001b09564a790
Event: 7.777 Thread 0x000001b0ab4fe750 flushing  nmethod 0x000001b095680810
Event: 7.777 Thread 0x000001b0ab4fe750 flushing  nmethod 0x000001b095726d10
Event: 7.777 Thread 0x000001b0ab4fe750 flushing  nmethod 0x000001b095727390
Event: 7.777 Thread 0x000001b0ab4fe750 flushing  nmethod 0x000001b095841910
Event: 7.777 Thread 0x000001b0ab4fe750 flushing  nmethod 0x000001b095a9f610
Event: 7.777 Thread 0x000001b0ab4fe750 flushing  nmethod 0x000001b095b43090
Event: 7.777 Thread 0x000001b0ab4fe750 flushing  nmethod 0x000001b095b78110

Events (17 events):
Event: 0.013 Thread 0x000001b08f22d4a0 Thread added: 0x000001b08f22d4a0
Event: 0.053 Thread 0x000001b08f22d4a0 Thread added: 0x000001b0ab681780
Event: 0.058 Thread 0x000001b08f22d4a0 Thread added: 0x000001b0ab6860b0
Event: 0.058 Thread 0x000001b08f22d4a0 Thread added: 0x000001b0ab686c10
Event: 0.059 Thread 0x000001b08f22d4a0 Thread added: 0x000001b0ab6aef70
Event: 0.059 Thread 0x000001b08f22d4a0 Thread added: 0x000001b0ab6af9d0
Event: 0.059 Thread 0x000001b08f22d4a0 Thread added: 0x000001b0ab6b0430
Event: 0.059 Thread 0x000001b08f22d4a0 Thread added: 0x000001b0ab6da660
Event: 0.059 Thread 0x000001b08f22d4a0 Thread added: 0x000001b0ab6a8a90
Event: 0.059 Thread 0x000001b08f22d4a0 Thread added: 0x000001b0ab6ad7d0
Event: 0.121 Thread 0x000001b08f22d4a0 Thread added: 0x000001b0ab86d7d0
Event: 0.132 Loaded shared library C:\Program Files\Android\Android Studio\jbr\bin\net.dll
Event: 0.133 Loaded shared library C:\Program Files\Android\Android Studio\jbr\bin\nio.dll
Event: 0.150 Thread 0x000001b0ab6a8a90 Thread added: 0x000001b0ab8a9ff0
Event: 0.150 Thread 0x000001b0ab6a8a90 Thread added: 0x000001b0ab8aa6a0
Event: 0.160 Loaded shared library C:\Program Files\Android\Android Studio\jbr\bin\zip.dll
Event: 0.186 Loaded shared library C:\Program Files\Android\Android Studio\jbr\bin\jimage.dll


Dynamic libraries:
0x00007ff6f67b0000 - 0x00007ff6f67ba000 	C:\Program Files\Android\Android Studio\jbr\bin\java.exe
0x00007fff43d70000 - 0x00007fff43f88000 	C:\Windows\SYSTEM32\ntdll.dll
0x00007fff427f0000 - 0x00007fff428b4000 	C:\Windows\System32\KERNEL32.DLL
0x00007fff40ff0000 - 0x00007fff413c3000 	C:\Windows\System32\KERNELBASE.dll
0x00007fff41690000 - 0x00007fff417a1000 	C:\Windows\System32\ucrtbase.dll
0x00007fff1c560000 - 0x00007fff1c578000 	C:\Program Files\Android\Android Studio\jbr\bin\jli.dll
0x00007fff23ec0000 - 0x00007fff23edb000 	C:\Program Files\Android\Android Studio\jbr\bin\VCRUNTIME140.dll
0x00007fff43a40000 - 0x00007fff43bf2000 	C:\Windows\System32\USER32.dll
0x00007fff313c0000 - 0x00007fff3165c000 	C:\Windows\WinSxS\amd64_microsoft.windows.common-controls_6595b64144ccf1df_6.0.22621.6060_none_2712eda17382d24b\COMCTL32.dll
0x00007fff41400000 - 0x00007fff41426000 	C:\Windows\System32\win32u.dll
0x00007fff41bf0000 - 0x00007fff41c97000 	C:\Windows\System32\msvcrt.dll
0x00007fff43970000 - 0x00007fff43999000 	C:\Windows\System32\GDI32.dll
0x00007fff41430000 - 0x00007fff4154b000 	C:\Windows\System32\gdi32full.dll
0x00007fff41970000 - 0x00007fff41a0a000 	C:\Windows\System32\msvcp_win.dll
0x00007fff41d60000 - 0x00007fff41d91000 	C:\Windows\System32\IMM32.DLL
0x00007fff3cc10000 - 0x00007fff3cc1c000 	C:\Program Files\Android\Android Studio\jbr\bin\vcruntime140_1.dll
0x00007fff09730000 - 0x00007fff097bd000 	C:\Program Files\Android\Android Studio\jbr\bin\msvcp140.dll
0x00007ffefe150000 - 0x00007ffefede6000 	C:\Program Files\Android\Android Studio\jbr\bin\server\jvm.dll
0x00007fff43c70000 - 0x00007fff43d21000 	C:\Windows\System32\ADVAPI32.dll
0x00007fff438c0000 - 0x00007fff43968000 	C:\Windows\System32\sechost.dll
0x00007fff413d0000 - 0x00007fff413f8000 	C:\Windows\System32\bcrypt.dll
0x00007fff42140000 - 0x00007fff42258000 	C:\Windows\System32\RPCRT4.dll
0x00007fff439a0000 - 0x00007fff43a11000 	C:\Windows\System32\WS2_32.dll
0x00007fff40d50000 - 0x00007fff40d9d000 	C:\Windows\SYSTEM32\POWRPROF.dll
0x00007fff39300000 - 0x00007fff39334000 	C:\Windows\SYSTEM32\WINMM.dll
0x00007fff3b250000 - 0x00007fff3b25a000 	C:\Windows\SYSTEM32\VERSION.dll
0x00007fff40d30000 - 0x00007fff40d43000 	C:\Windows\SYSTEM32\UMPDC.dll
0x00007fff3fe60000 - 0x00007fff3fe78000 	C:\Windows\SYSTEM32\kernel.appcore.dll
0x00007fff3c040000 - 0x00007fff3c04a000 	C:\Program Files\Android\Android Studio\jbr\bin\jimage.dll
0x00007fff30f70000 - 0x00007fff311a3000 	C:\Windows\SYSTEM32\DBGHELP.DLL
0x00007fff428c0000 - 0x00007fff42c51000 	C:\Windows\System32\combase.dll
0x00007fff41b10000 - 0x00007fff41be8000 	C:\Windows\System32\OLEAUT32.dll
0x00007fff26930000 - 0x00007fff26962000 	C:\Windows\SYSTEM32\dbgcore.DLL
0x00007fff418f0000 - 0x00007fff4196b000 	C:\Windows\System32\bcryptPrimitives.dll
0x00007fff236f0000 - 0x00007fff23710000 	C:\Program Files\Android\Android Studio\jbr\bin\java.dll
0x00007fff236d0000 - 0x00007fff236e8000 	C:\Program Files\Android\Android Studio\jbr\bin\zip.dll
0x00007fff43020000 - 0x00007fff438bc000 	C:\Windows\System32\SHELL32.dll
0x00007fff41550000 - 0x00007fff4168f000 	C:\Windows\System32\wintypes.dll
0x00007fff3ed80000 - 0x00007fff3f69a000 	C:\Windows\SYSTEM32\windows.storage.dll
0x00007fff426e0000 - 0x00007fff427e4000 	C:\Windows\System32\SHCORE.dll
0x00007fff43c00000 - 0x00007fff43c69000 	C:\Windows\System32\shlwapi.dll
0x00007fff40db0000 - 0x00007fff40dd5000 	C:\Windows\SYSTEM32\profapi.dll
0x00007fff3adb0000 - 0x00007fff3adc0000 	C:\Program Files\Android\Android Studio\jbr\bin\net.dll
0x00007fff3b590000 - 0x00007fff3b6bc000 	C:\Windows\SYSTEM32\WINHTTP.dll
0x00007fff40340000 - 0x00007fff403a9000 	C:\Windows\system32\mswsock.dll
0x00007fff236b0000 - 0x00007fff236c6000 	C:\Program Files\Android\Android Studio\jbr\bin\nio.dll
0x00007fff23b40000 - 0x00007fff23b50000 	C:\Program Files\Android\Android Studio\jbr\bin\verify.dll

JVMTI agents: none

dbghelp: loaded successfully - version: 4.0.5 - missing functions: none
symbol engine: initialized successfully - sym options: 0x614 - pdb path: .;C:\Program Files\Android\Android Studio\jbr\bin;C:\Windows\SYSTEM32;C:\Windows\WinSxS\amd64_microsoft.windows.common-controls_6595b64144ccf1df_6.0.22621.6060_none_2712eda17382d24b;C:\Program Files\Android\Android Studio\jbr\bin\server

VM Arguments:
java_command: org.jetbrains.kotlin.cli.jvm.K2JVMCompiler @D:\github\OQPAY-FinanceAndroidApplication\app\build\20260624_6883268148947455107.compiler.options
java_class_path (initial): C:\Users\Annu pc\.gradle\caches\modules-2\files-2.1\org.jetbrains.kotlin\kotlin-compiler-embeddable\1.9.0\2c8c3a7402becca891f12739b3e9fd2dc2adbd7a\kotlin-compiler-embeddable-1.9.0.jar;C:\Users\Annu pc\.gradle\caches\modules-2\files-2.1\org.jetbrains.kotlin\kotlin-stdlib\1.9.0\8ee15ef0c67dc83d874f412d84378d7f0eb50b63\kotlin-stdlib-1.9.0.jar;C:\Users\Annu pc\.gradle\caches\modules-2\files-2.1\org.jetbrains.kotlin\kotlin-script-runtime\1.9.0\4b3102cbbb7e1b58d9d1adf89563f00069ffa7d1\kotlin-script-runtime-1.9.0.jar;C:\Users\Annu pc\.gradle\caches\modules-2\files-2.1\org.jetbrains.kotlin\kotlin-reflect\1.6.10\1cbe9c92c12a94eea200d23c2bbaedaf3daf5132\kotlin-reflect-1.6.10.jar;C:\Users\Annu pc\.gradle\caches\modules-2\files-2.1\org.jetbrains.kotlin\kotlin-daemon-embeddable\1.9.0\186543f5e28cf8d9a0290fecc2cf34301c40a65c\kotlin-daemon-embeddable-1.9.0.jar;C:\Users\Annu pc\.gradle\caches\modules-2\files-2.1\org.jetbrains.intellij.deps\trove4j\1.0.20200330\3afb14d5f9ceb459d724e907a21145e8ff394f02\trove4j-1.0.20200330.jar;C:\Users\Annu pc\.gradle\caches\modules-2\files-2.1\org.jetbrains.kotlin\kotlin-stdlib-common\1.9.0\cd65c21cfd1eec4d44ef09f9f52b6d9f8a720636\kotlin-stdlib-common-1.9.0.jar;C:\Users\Annu pc\.gradle\caches\modules-2\files-2.1\org.jetbrains\annotations\13.0\919f0dfe192fb4e063e7dacadee7f8bb9a2672a9\annotations-13.0.jar
Launcher Type: SUN_STANDARD

[Global flags]
     intx CICompilerCount                          = 4                                         {product} {ergonomic}
     uint ConcGCThreads                            = 2                                         {product} {ergonomic}
     uint G1ConcRefinementThreads                  = 8                                         {product} {ergonomic}
   size_t G1HeapRegionSize                         = 2097152                                   {product} {ergonomic}
    uintx GCDrainStackTargetSize                   = 64                                        {product} {ergonomic}
   size_t InitialHeapSize                          = 268435456                                 {product} {ergonomic}
   size_t MarkStackSize                            = 4194304                                   {product} {ergonomic}
   size_t MaxHeapSize                              = 4273995776                                {product} {ergonomic}
   size_t MaxNewSize                               = 2562719744                                {product} {ergonomic}
   size_t MinHeapDeltaBytes                        = 2097152                                   {product} {ergonomic}
   size_t MinHeapSize                              = 8388608                                   {product} {ergonomic}
    uintx NonNMethodCodeHeapSize                   = 5839372                                {pd product} {ergonomic}
    uintx NonProfiledCodeHeapSize                  = 122909434                              {pd product} {ergonomic}
    uintx ProfiledCodeHeapSize                     = 122909434                              {pd product} {ergonomic}
    uintx ReservedCodeCacheSize                    = 251658240                              {pd product} {ergonomic}
     bool SegmentedCodeCache                       = true                                      {product} {ergonomic}
   size_t SoftMaxHeapSize                          = 4273995776                             {manageable} {ergonomic}
     bool UseCompressedOops                        = true                           {product lp64_product} {ergonomic}
     bool UseG1GC                                  = true                                      {product} {ergonomic}
     bool UseLargePagesIndividualAllocation        = false                                  {pd product} {ergonomic}

Logging:
Log output configuration:
 #0: stdout all=warning uptime,level,tags foldmultilines=false
 #1: stderr all=off uptime,level,tags foldmultilines=false

Release file:
JAVA_VERSION="21.0.10" 
MODULES="java.base java.compiler java.datatransfer java.xml java.prefs java.desktop java.instrument java.logging java.management java.security.sasl java.naming java.rmi java.management.rmi java.net.http java.scripting java.security.jgss java.transaction.xa java.sql java.sql.rowset java.xml.crypto java.se java.smartcardio jdk.accessibility jdk.internal.jvmstat jdk.attach jdk.charsets jdk.internal.opt jdk.zipfs jdk.compiler jdk.crypto.ec jdk.crypto.cryptoki jdk.dynalink jdk.hotspot.agent jdk.httpserver jdk.internal.ed jdk.internal.le jdk.internal.vm.ci jdk.jartool jdk.javadoc jdk.jcmd jdk.jdeps jdk.jdwp.agent jdk.jdi jdk.jfr jdk.jlink jdk.jsobject jdk.localedata jdk.management jdk.management.agent jdk.management.jfr jdk.naming.dns jdk.naming.rmi jdk.net jdk.sctp jdk.security.auth jdk.security.jgss jdk.unsupported jdk.unsupported.desktop jdk.xml.dom" 
IMPLEMENTOR="JetBrains s.r.o." 
JAVA_RUNTIME_VERSION="21.0.10+-14961533-b1163.108" 
LIBC="default" 
OS_ARCH="x86_64" 
OS_NAME="Windows" 
SOURCE=".:git:1351622c2ff2" 

Environment Variables:
JAVA_HOME=C:\Program Files\Eclipse Adoptium\jdk-17.0.18.8-hotspot
PATH=C:\Program Files\Eclipse Adoptium\jdk-17.0.18.8-hotspot\bin;C:\Program Files\Eclipse Adoptium\jdk-25.0.2.10-hotspot\bin;C:\Program Files\Common Files\Oracle\Java\javapath;C:\Windows\system32;C:\Windows;C:\Windows\System32\Wbem;C:\Windows\System32\WindowsPowerShell\v1.0\;C:\Windows\System32\OpenSSH\;C:\Program Files\Git\cmd;C:\bazel\;C:\Users\Annu pc\AppData\Local\Microsoft\WindowsApps;C:\ProgramData\Annu pc\GitHubDesktop\bin
USERNAME=Annu pc
OS=Windows_NT
PROCESSOR_IDENTIFIER=Intel64 Family 6 Model 94 Stepping 3, GenuineIntel
TMP=C:\Users\ANNUPC~1\AppData\Local\Temp
TEMP=C:\Users\ANNUPC~1\AppData\Local\Temp




Periodic native trim disabled

JNI global refs:
JNI global refs: 13, weak refs: 6

JNI global refs memory usage: 835, weak refs: 833

Process memory usage:
Resident Set Size: 464052K (2% of 16692172K total physical memory with 2666424K free physical memory)

OOME stack traces (most recent first):
Classloader memory used:
Loader jdk.internal.loader.ClassLoaders$AppClassLoader                                 : 59845K
Loader bootstrap                                                                       : 13469K

---------------  S Y S T E M  ---------------

OS:
 Windows 11 , 64 bit Build 22621 (10.0.22621.5415)
OS uptime: 4 days 1:09 hours

CPU: total 8 (initial active 8) (4 cores per cpu, 2 threads per core) family 6 model 94 stepping 3 microcode 0xd6, cx8, cmov, fxsr, ht, mmx, 3dnowpref, sse, sse2, sse3, ssse3, sse4.1, sse4.2, popcnt, lzcnt, tsc, tscinvbit, avx, avx2, aes, erms, clmul, bmi1, bmi2, rtm, adx, fma, vzeroupper, clflush, clflushopt, rdtscp, f16c
Processor Information for the first 8 processors :
  Max Mhz: 3408, Current Mhz: 3408, Mhz Limit: 3408

Memory: 4k page, system-wide physical 16300M (2603M free)
TotalPageFile size 34940M (AvailPageFile size 33M)
current process WorkingSet (physical memory assigned to process): 453M, peak: 459M
current process commit charge ("private bytes"): 544M, peak: 601M

vm_info: OpenJDK 64-Bit Server VM (21.0.10+-14961533-b1163.108) for windows-amd64 JRE (21.0.10+-14961533-b1163.108), built on 2026-03-02T19:58:50Z by "builder" with MS VC++ 16.10 / 16.11 (VS2019)

END.
